{
  "event": "daily_ema_update_complete",
  "provider": "yfinance",
  "symbols": [
    "NVDA",
    "GOOGL",
    "GOOG",
    "AAPL",
    "MSFT",
    "AMZN",
    "AVGO",
    "TSLA",
    "META",
    "MU",
    "LLY",
    "BRK.B",
    "WMT",
    "JPM",
    "AMD",
    "INTC",
    "XOM",
    "V",
    "JNJ",
    "ORCL",
    "CSCO",
    "LRCX",
    "AMAT",
    "COST",
    "MA",
    "CAT",
    "ABBV",
    "BAC",
    "CVX",
    "UNH",
    "KO",
    "GE",
    "PG",
    "NFLX",
    "MS",
    "HD",
    "GS",
    "PLTR",
    "MRK",
    "SNDK",
    "PM",
    "TXN",
    "DELL",
    "WFC",
    "IBM",
    "GEV",
    "RTX",
    "MRVL",
    "LIN",
    "C",
    "PANW",
    "QCOM",
    "AXP",
    "ANET",
    "TMUS",
    "ADI",
    "MCD",
    "VZ",
    "PEP",
    "WDC",
    "AMGN",
    "APH",
    "TJX",
    "NEE",
    "TMO",
    "CRWD",
    "DIS",
    "BA",
    "BLK",
    "APP",
    "T",
    "UNP",
    "SCHW",
    "SCCO",
    "DE",
    "GILD",
    "GLW",
    "IBKR",
    "ABT",
    "ETN",
    "WELL",
    "PFE",
    "BX",
    "ISRG",
    "COP",
    "UBER",
    "HON",
    "PLD",
    "CRM",
    "CVS",
    "BKNG",
    "DHR",
    "CB",
    "LMT",
    "SPGI",
    "LOW",
    "MO",
    "SYK",
    "PGR",
    "SBUX",
    "BMY",
    "VRT",
    "COF",
    "PH",
    "VRTX",
    "FTNT",
    "NEM",
    "PWR",
    "CDNS",
    "MAR",
    "SO",
    "HWM",
    "NOW",
    "ACN",
    "EQIX",
    "MDT",
    "TT",
    "SPOT",
    "FCX",
    "CME",
    "DUK",
    "GD",
    "PNC",
    "MCK",
    "UPS",
    "CEG",
    "USB",
    "CMI",
    "MNST",
    "ADP",
    "JCI",
    "CSX",
    "WMB",
    "WM",
    "ELV",
    "CMCSA",
    "AMT",
    "SNPS",
    "KKR",
    "HCA",
    "SLB",
    "HOOD",
    "MMM",
    "ADBE",
    "DDOG",
    "MRSH",
    "MDLZ",
    "NET",
    "FDX",
    "SNOW",
    "EMR",
    "ICE",
    "RCL",
    "CI",
    "HLT",
    "ABNB",
    "SHW",
    "MCO",
    "NOC",
    "MPWR",
    "ROST",
    "BAM",
    "APO",
    "MPC",
    "VLO",
    "CRH",
    "INTU",
    "ORLY",
    "COHR",
    "ECL",
    "ITW",
    "BE",
    "GM",
    "AEP",
    "EOG",
    "PSX",
    "LITE",
    "AON",
    "CL",
    "KMI",
    "SPG",
    "CTAS",
    "NSC",
    "CVNA",
    "TDG",
    "BSX",
    "MSI",
    "WBD",
    "URI",
    "NKE",
    "FIX",
    "DASH",
    "TRV",
    "DLR",
    "RSG",
    "TFC",
    "REGN",
    "HPE",
    "TER",
    "CIEN",
    "ALAB",
    "APD",
    "BKR",
    "PCAR",
    "GWW",
    "TGT",
    "NUE",
    "SRE",
    "KEYS",
    "AFL",
    "D",
    "RKLB",
    "NU",
    "F",
    "TRGP",
    "O",
    "CARR",
    "LHX",
    "PSA",
    "MET",
    "OKE",
    "ALL",
    "AJG",
    "OXY",
    "FLEX",
    "COR",
    "DAL",
    "FANG",
    "FAST",
    "CAH",
    "DVN",
    "AZO",
    "AME",
    "MCHP",
    "ROK",
    "ODFL",
    "EA",
    "CTVA",
    "ETR",
    "LNG",
    "NDAQ",
    "VST",
    "FITB",
    "XEL",
    "EW",
    "EBAY",
    "MDLN",
    "EXC",
    "STT",
    "HEI",
    "CRDO",
    "GRMN",
    "ON",
    "HUM",
    "WAB",
    "GFS",
    "FERG",
    "ARES",
    "MSTR",
    "IDXX",
    "DHI",
    "AU",
    "MSCI",
    "KDP",
    "YUM",
    "COIN",
    "ADSK",
    "XYZ",
    "CMG",
    "AMP",
    "VIK",
    "VTR",
    "STLD",
    "JBL",
    "BDX",
    "CCI",
    "AIG",
    "LYV",
    "KR",
    "PEG",
    "ED",
    "TTWO",
    "CBRE",
    "TKO",
    "ADM",
    "BBT",
    "SYY",
    "IRM",
    "ALNY",
    "PRU",
    "UAL",
    "PCG",
    "VMC",
    "RKT",
    "WEC",
    "HSY",
    "A",
    "PYPL",
    "EME",
    "CCL",
    "PAYX",
    "UI",
    "AXON",
    "HIG",
    "HBAN",
    "WAT",
    "KVUE",
    "MLM",
    "HEI.A",
    "MTB",
    "KMB",
    "ROP",
    "LVS",
    "ZTS",
    "KLAC",
    "CASY",
    "HAL",
    "SATS",
    "RVMD",
    "WDAY",
    "EQT",
    "EL",
    "NTRS",
    "CNC",
    "ACGL",
    "ASTS",
    "NTAP",
    "EXR",
    "RPRX",
    "Q",
    "RDDT",
    "VICI",
    "RBLX",
    "TWLO",
    "CBOE",
    "DTE",
    "NTRA",
    "IQV",
    "CPNG",
    "AEE",
    "RJF",
    "TPR",
    "GEHC",
    "BIIB",
    "DOV",
    "DXCM",
    "TDY",
    "MTSI",
    "IR",
    "KHC",
    "FSLR",
    "MTZ",
    "FISV",
    "CFG",
    "CPRT",
    "ATO",
    "RMD",
    "FTI",
    "EIX",
    "CNP",
    "CW",
    "CRS",
    "FOXA",
    "ZM",
    "MDB",
    "FICO",
    "JBHT",
    "FE",
    "OTIS",
    "ATI",
    "EXPE",
    "PPL",
    "NVT",
    "XPO",
    "PPG",
    "AVB",
    "NRG",
    "STRL",
    "WSM",
    "XYL",
    "CINF",
    "TPL",
    "VEEV",
    "QSR",
    "ES",
    "STZ",
    "VRSN",
    "WRB",
    "DG",
    "LLYVK",
    "EQR",
    "HUBB",
    "RF",
    "FTAI",
    "WTW",
    "FOX",
    "CTSH",
    "SYF",
    "BG",
    "AWK",
    "KEY",
    "RL",
    "FCNCA",
    "DOW",
    "ILMN",
    "LLYVA",
    "DRI",
    "VRSK",
    "MKSI",
    "P",
    "PFG",
    "LPLA",
    "TROW",
    "PHM",
    "CPAY",
    "WST",
    "UTHR",
    "CHD",
    "MKL",
    "HPQ",
    "WWD",
    "ENTG",
    "MTD",
    "CHRW",
    "CMS",
    "ROL",
    "SW",
    "NI",
    "SNX",
    "DGX",
    "TEAM",
    "FFIV",
    "FWONK",
    "L",
    "LEN",
    "LUV",
    "AFRM",
    "DLTR",
    "FN",
    "OMC",
    "LH",
    "LEN.B",
    "EXPD",
    "SBAC",
    "INCY",
    "ROIV",
    "IONQ",
    "TW",
    "RIVN",
    "BURL",
    "SOFI",
    "EXE",
    "ROKU",
    "INSM",
    "RS",
    "ZS",
    "LYB",
    "AS",
    "USFD",
    "FWONA",
    "AMKR",
    "VLTO",
    "ULTA",
    "PKG",
    "BRO",
    "FIS",
    "STE",
    "TSN",
    "OKTA",
    "TTMI",
    "ALB",
    "SNA",
    "RBA",
    "IFF",
    "MRNA",
    "LSCC",
    "DD",
    "DKS",
    "IOT",
    "EFX",
    "AKAM",
    "CRCL",
    "EVRG",
    "SITM",
    "FLUT",
    "VTRS",
    "IP",
    "RBC",
    "SN",
    "LNT",
    "H",
    "AMCR",
    "GPN",
    "GIS",
    "APG",
    "FTV",
    "SMCI",
    "NXT",
    "ESS",
    "EWBC",
    "AA",
    "CHTR",
    "WY",
    "LII",
    "DOCN",
    "CDE",
    "BWXT",
    "INVH",
    "RGLD",
    "KIM",
    "GH",
    "NVR",
    "ZBH",
    "WPC",
    "HST",
    "ITT",
    "WCC",
    "CDW",
    "CF",
    "BR",
    "BEN",
    "BBY",
    "TPG",
    "CG",
    "TSCO",
    "TLN",
    "PFGC",
    "PR",
    "SSNC",
    "IEX",
    "MAA",
    "OVV",
    "TXT",
    "NLY",
    "ONTO",
    "NBIX",
    "NDSN",
    "NWS",
    "VNOM",
    "RMBS",
    "DECK",
    "TIGO",
    "LAMR",
    "SUI",
    "SMTC",
    "WSO",
    "GNRC",
    "LDOS",
    "BWA",
    "MLI",
    "CLH",
    "SGI",
    "BALL",
    "OWL",
    "THC",
    "J",
    "IESC",
    "MAS",
    "UNM",
    "EVR",
    "REG",
    "GEN",
    "PNFP",
    "DTM",
    "MOD",
    "JAZZ",
    "APTV",
    "TOST",
    "DKNG",
    "GPC",
    "ARMK",
    "DOC",
    "LECO",
    "RRX",
    "DY",
    "NWSA",
    "RBRK",
    "JLL",
    "CSL",
    "VICR",
    "RGA",
    "TOL",
    "LULU",
    "SANM",
    "RPM",
    "SOLV",
    "OHI",
    "HRL",
    "ALLY",
    "AAOI",
    "AEIS",
    "GLPI",
    "EG",
    "CSGP",
    "DVA",
    "EXEL",
    "MEDP",
    "NTNX",
    "KNX",
    "COO",
    "SOLS",
    "VIAV",
    "MKC",
    "CNH",
    "PTC",
    "AXSM",
    "CRBG",
    "APA",
    "BBIO",
    "SWK",
    "GL",
    "DRS",
    "AIZ",
    "WULF",
    "FNF",
    "SAIA",
    "ONON",
    "DINO",
    "RNR",
    "IVZ",
    "UDR",
    "TRU",
    "JEF",
    "TYL",
    "ELS",
    "BF.A",
    "PNW",
    "PEN",
    "MGM",
    "ALGN",
    "MOG.A",
    "COKE",
    "SJM",
    "EQH",
    "BF.B",
    "GGG",
    "BTSG",
    "UHAL",
    "CNA",
    "APLD",
    "AVY",
    "IONS",
    "ELAN",
    "QXO",
    "AUR",
    "DT",
    "AMH",
    "WBS",
    "LFUS",
    "FHN",
    "CR",
    "PNR",
    "PAG",
    "U",
    "NYT",
    "HAS",
    "AGNC",
    "AIT",
    "TRMB",
    "HII",
    "CLX",
    "BJ",
    "ARW",
    "CPT",
    "BLD",
    "SPXC",
    "ALLE",
    "BROS",
    "MUSA",
    "CACI",
    "WLK",
    "PINS",
    "SF",
    "AFG",
    "WYNN",
    "SWKS",
    "WTS",
    "RVTY",
    "HUT",
    "PL",
    "MDGL",
    "CCK",
    "EGP",
    "TXRH",
    "FIVE",
    "GMED",
    "ZBRA",
    "SMMT",
    "FRT",
    "FORM",
    "R",
    "KTOS",
    "BMRN",
    "AR",
    "BAX",
    "DPZ",
    "SEIC",
    "WTFC",
    "POWL",
    "ESI",
    "WTRG",
    "VMI",
    "SCI",
    "CAVA",
    "CGNX",
    "BXP",
    "SFD",
    "ARWR",
    "AES",
    "GSAT",
    "MOH",
    "AAON",
    "BPOP",
    "GWRE",
    "JHX",
    "PODD",
    "SNEX",
    "WMS",
    "AM",
    "UMBF",
    "HL",
    "MP",
    "W",
    "LINE",
    "GDDY",
    "EHC",
    "RIOT",
    "CIFR",
    "DCI",
    "OKLO",
    "BRX",
    "FLS",
    "IT",
    "AAL",
    "GTLS",
    "ZION",
    "OGE",
    "FCFS",
    "OC",
    "GME",
    "NUVL",
    "ALSN",
    "ONB",
    "CART",
    "SSB",
    "HUBS",
    "VSAT",
    "DDS",
    "TKR",
    "HLI",
    "CYTK",
    "CUBE",
    "MASI",
    "CNM",
    "RYAN",
    "ORI",
    "ALGM",
    "KRYS",
    "AMG",
    "BSY",
    "CFR",
    "LGN",
    "BAH",
    "ARE",
    "SIRI",
    "MSGS",
    "HSIC",
    "WAL",
    "JKHY",
    "ADC",
    "RRC",
    "COLB",
    "TTD",
    "DAR",
    "CRL",
    "AYI",
    "ACM",
    "JOBY",
    "BIRK",
    "AGX",
    "SARO",
    "VIRT",
    "NCLH",
    "CORT",
    "UHS",
    "NNN",
    "TTC",
    "PRI",
    "FDS",
    "CORZ",
    "PRMB",
    "DOCU",
    "LUMN",
    "ENSG",
    "CTRE",
    "QRVO",
    "QBTS",
    "AVAV",
    "CMC",
    "EMN",
    "TEM",
    "OSCR",
    "ORA",
    "FRHC",
    "MANH",
    "TECH",
    "FR",
    "OSK",
    "BLDR",
    "CRUS",
    "VOYA",
    "SAIL",
    "XP",
    "BRKR",
    "HALO",
    "ENS",
    "BOKF",
    "AGCO",
    "AOS",
    "MTCH",
    "CBSH",
    "ESE",
    "SFM",
    "VLY",
    "VSH",
    "ZWS",
    "JHG",
    "SSD",
    "IDA",
    "REXR",
    "CHWY",
    "PLXS",
    "GAP",
    "CLF",
    "RHP",
    "KNTK",
    "CWEN",
    "KEX",
    "NEU",
    "BIO",
    "QGEN",
    "LTH",
    "ACI",
    "CHRD",
    "LSTR",
    "ECG",
    "NOV",
    "TGTX",
    "JXN",
    "MXL",
    "ATR",
    "UGI",
    "NE",
    "AXS",
    "SM",
    "CELH",
    "GKOS",
    "IBRX",
    "PRAX",
    "AVT",
    "STAG",
    "RAL",
    "TAP",
    "HQY",
    "ALKS",
    "TTEK",
    "ZG",
    "NFG",
    "HXL",
    "RGEN",
    "IDCC",
    "ST",
    "PB",
    "Z",
    "WFRD",
    "TEX",
    "KMX",
    "LEA",
    "CWAN",
    "SLAB",
    "MRCY",
    "MAC",
    "MOS",
    "VNO",
    "ENPH",
    "KNSL",
    "HR",
    "MIDD",
    "PPC",
    "TRNO",
    "LAD",
    "LNC",
    "POOL",
    "KYMR",
    "FLR",
    "AXTA",
    "NPO",
    "PTGX",
    "SYRE",
    "RGTI",
    "KGS",
    "MYRG",
    "THG",
    "VFC",
    "CBC",
    "IMVT",
    "GTES",
    "INGM",
    "RSI",
    "PCVX",
    "SGHC",
    "EAT",
    "LNTH",
    "CPB",
    "RIG",
    "SNDR",
    "TMHC",
    "YOU",
    "MTDR",
    "FAF",
    "M",
    "EPRT",
    "LKQ",
    "MORN",
    "EXP",
    "APGE",
    "FSS",
    "BEPC",
    "BBUC",
    "FNB",
    "CAR",
    "ETSY",
    "RYN",
    "URBN",
    "RRR",
    "AWI",
    "CAG",
    "MHK",
    "OMF",
    "JBTM",
    "MSM",
    "BYD",
    "GBCI",
    "ACMR",
    "SWX",
    "ROAD",
    "COMP",
    "AROC",
    "AVTR",
    "AN",
    "INGR",
    "PCOR",
    "LOAR",
    "ACA",
    "KRMN",
    "LQDA",
    "ESTC",
    "TXNM",
    "STWD",
    "UBSI",
    "GTX",
    "FIGR",
    "PAYC",
    "LW",
    "PTCT",
    "VAL",
    "FLG",
    "HIMS",
    "GATX",
    "CROX",
    "MSA",
    "GVA",
    "MATX",
    "DBX",
    "PJT",
    "DOX",
    "PSN",
    "CHDN",
    "MIRM",
    "RYTM",
    "CENX",
    "CZR",
    "ABCB",
    "WH",
    "KRG",
    "ACT",
    "KLIC",
    "HWC",
    "POR",
    "CE",
    "PCTY",
    "PRM",
    "LUNR",
    "TFX",
    "AUB",
    "FND",
    "GOLF",
    "PACS",
    "VSNT",
    "CACC",
    "GXO",
    "NOVT",
    "DUOL",
    "APPF",
    "OZK",
    "HOMB",
    "CWST",
    "COGT",
    "SSRM",
    "PSMT",
    "PIPR",
    "BKH",
    "MCY",
    "AMTM",
    "ESAB",
    "MUR",
    "CHE",
    "NJR",
    "NVTS",
    "ACLS",
    "SIGI",
    "IBP",
    "OUT",
    "RUSHB",
    "GNTX",
    "VSEC",
    "PATH",
    "SPHR",
    "PEGA",
    "MTG",
    "SEI",
    "RUSHA",
    "G",
    "UEC",
    "ESNT",
    "ADT",
    "MARA",
    "BC",
    "PRIM",
    "SYNA",
    "NXST",
    "MC",
    "VCTR",
    "BCPC",
    "STEP",
    "SRRK",
    "PECO",
    "SXT",
    "ALK",
    "CVLT",
    "CGON",
    "LPX",
    "GLNG",
    "CRC",
    "RITM",
    "HCC",
    "BOOT",
    "AMRX",
    "FBIN",
    "LAUR",
    "MTRN",
    "LYFT",
    "AX",
    "AIR",
    "LGND",
    "MGY",
    "FLY",
    "SEB",
    "WSC",
    "S",
    "CAI",
    "GHC",
    "OLLI",
    "ALH",
    "ZETA",
    "XENE",
    "NAVN",
    "WTM",
    "IRDM",
    "SON",
    "RLI",
    "DIOD",
    "CHH",
    "EPAM",
    "BIPC",
    "DLB",
    "MTH",
    "REYN",
    "PBF",
    "LBRDK",
    "SAIC",
    "ASB",
    "USAR",
    "LBRDA",
    "HASI",
    "UCTT",
    "OGS",
    "GBTG",
    "IPGP",
    "CSTM",
    "TVTX",
    "FTDR",
    "HRI",
    "FFIN",
    "CRSP",
    "VVV",
    "EBC",
    "REZI",
    "UNF",
    "FCN",
    "UFPI",
    "CUZ",
    "IBOC",
    "MTN",
    "TFSL",
    "TWST",
    "TREX",
    "WHD",
    "VECO",
    "SBRA",
    "SITE",
    "AHR",
    "LBRT",
    "ENVA",
    "CNO",
    "WEX",
    "GTLB",
    "CNX",
    "NNI",
    "SR",
    "RXO",
    "XMTR",
    "INDV",
    "SKT",
    "CNR",
    "HRB",
    "TNL",
    "COCO",
    "SHC",
    "RDN",
    "ACIW",
    "EPR",
    "FELE",
    "TDS",
    "CVCO",
    "FRMI",
    "KBR",
    "AZZ",
    "CBT",
    "SFBS",
    "DNTH",
    "BDC",
    "TNGX",
    "FULT",
    "SEZL",
    "KRC",
    "RDNT",
    "MRX",
    "HLNE",
    "CSW",
    "TCBI",
    "WING",
    "LMND",
    "MDU",
    "EXLS",
    "NWE",
    "FLNC",
    "CVSA",
    "ERAS",
    "POWI",
    "KTB",
    "KNF",
    "PTEN",
    "QS",
    "LIVN",
    "BTDR",
    "SLGN",
    "CELC",
    "SKY",
    "LAZ",
    "GFF",
    "MKTX",
    "OLED",
    "MAT",
    "PFSI",
    "CLSK",
    "POST",
    "SLM",
    "ORKA",
    "LBTYA",
    "BCO",
    "BELFB",
    "LION",
    "LRN",
    "MIR",
    "UCB",
    "COLD",
    "VNT",
    "BFH",
    "MIAX",
    "BLSH",
    "CATY",
    "ALHC",
    "EXTR",
    "ATMU",
    "LBTYK",
    "INSW",
    "THO",
    "PLNT",
    "ANF",
    "HGV",
    "PI",
    "BNL",
    "MWA",
    "PII",
    "INDB",
    "RELY",
    "OPLN",
    "NVST",
    "HHH",
    "STNG",
    "IRT",
    "CRK",
    "MMSI",
    "CNS",
    "RNST",
    "CNK",
    "FBP",
    "ZGN",
    "TPC",
    "LASR",
    "OII",
    "GEF.B",
    "HP",
    "QLYS",
    "CDP",
    "WSFS",
    "BBWI",
    "LOPE",
    "BANF",
    "EE",
    "GPI",
    "ACHR",
    "ARCB",
    "PLUG",
    "BMI",
    "CPRX",
    "FG",
    "APLE",
    "VRNS",
    "TDW",
    "CRGY",
    "DORM",
    "YETI",
    "UWMC",
    "GEO",
    "KFY",
    "VCYT",
    "PVH",
    "OTTR",
    "UUUU",
    "EWTX",
    "CVBF",
    "BETA",
    "CAKE",
    "IRTC",
    "JOE",
    "OSIS",
    "BELFA",
    "ABG",
    "GPGI",
    "CHEF",
    "CALM",
    "SXI",
    "LIF",
    "AAP",
    "DOCS",
    "TXG",
    "DAVE",
    "SKYW",
    "SLG",
    "ELF",
    "CRNX",
    "BHF",
    "MHO",
    "SMR",
    "ACAD",
    "FIBK",
    "CON",
    "WAY",
    "YSS",
    "SMG",
    "SIG",
    "ITRI",
    "BKU",
    "HAE",
    "ICUI",
    "WSBC",
    "NSA",
    "OGN",
    "ADEA",
    "BOX",
    "BATRA",
    "AVA",
    "NHI",
    "FHB",
    "BULL",
    "CBU",
    "MSGE",
    "CECO",
    "FUL",
    "AVNT",
    "FIZZ",
    "ATRO",
    "DNLI",
    "COLM",
    "GNW",
    "BFAM",
    "AEHR",
    "KN",
    "FFBC",
    "AGO",
    "KBH",
    "SHOO",
    "NSIT",
    "VKTX",
    "BTU",
    "KAI",
    "DAN",
    "RHI",
    "VGNT",
    "CC",
    "BILL",
    "HWKN",
    "LFST",
    "INOD",
    "TOWN",
    "ASO",
    "HIW",
    "MMS",
    "CURB",
    "NATL",
    "FOUR",
    "SFNC",
    "NG",
    "PRK",
    "IPAR",
    "OPCH",
    "PENG",
    "BATRK",
    "WRBY",
    "RNG",
    "BHE",
    "BANC",
    "BKD",
    "VAC",
    "LEU",
    "RLAY",
    "BOH",
    "HAYW",
    "HG",
    "GPK",
    "CWK",
    "VC",
    "NIC",
    "GEF",
    "PHIN",
    "AEO",
    "LXP",
    "CALY",
    "SBCF",
    "KALU",
    "GRBK",
    "USLM",
    "TDC",
    "BXMT",
    "UNIT",
    "ITGR",
    "NHC",
    "CVI",
    "ALMS",
    "RUN",
    "PFS",
    "CTRI",
    "TTAM",
    "UNFI",
    "MZTI",
    "CRVL",
    "ARQT",
    "AWR",
    "PLMR",
    "ICHR",
    "UE",
    "PPTA",
    "RDW",
    "DYN",
    "WDFC",
    "CLMT",
    "RCUS",
    "GPOR",
    "BEAM",
    "SOUN",
    "ASH",
    "AMBA",
    "MPT",
    "CPK",
    "NTCT",
    "TENB",
    "PRVA",
    "AKR",
    "CDNL",
    "WOR",
    "NN",
    "MGEE",
    "TR",
    "PK",
    "UPST",
    "APAM",
    "FSLY",
    "DBRG",
    "PENN",
    "DK",
    "COHU",
    "RH",
    "HTFL",
    "OLN",
    "VISN",
    "PATK",
    "VVX",
    "HUBG",
    "FBK",
    "DBD",
    "DHT",
    "FA",
    "MGRC",
    "ADPT",
    "NMIH",
    "ELVN",
    "PARR",
    "AAMI",
    "HLIO",
    "DX",
    "WHR",
    "FCPT",
    "EXPO",
    "SDRL",
    "TRN",
    "HUN",
    "WT",
    "SPNT",
    "QTWO",
    "WK",
    "BKV",
    "WAFD",
    "STNE",
    "GRDN",
    "IVT",
    "CWT",
    "CCC",
    "DFTX",
    "HOG",
    "ROG",
    "NMRK",
    "TRMK",
    "ABM",
    "PDFS",
    "CENT",
    "CXW",
    "ATKR",
    "SAH",
    "NESR",
    "KMT",
    "TARS",
    "FRME",
    "CUBI",
    "KD",
    "WERN",
    "DXPE",
    "OSW",
    "WTTR",
    "TNK",
    "FRSH",
    "IRON",
    "DGII",
    "FRPT",
    "BWIN",
    "UAA",
    "SUPN",
    "GRAL",
    "DNOW",
    "FBNC",
    "AGYS",
    "AMR",
    "IDYA",
    "EEFT",
    "OUST",
    "TMDX",
    "AMBP",
    "KWR",
    "NBTB",
    "PAGS",
    "UA",
    "BCC",
    "NGVT",
    "TALO",
    "CLOV",
    "SHAK",
    "DCO",
    "ALGT",
    "VERA",
    "BLBD",
    "CPRI",
    "CLDX",
    "CARG",
    "CALX",
    "ANDE",
    "CXT",
    "NIQ",
    "BRZE",
    "VOYG",
    "DRH",
    "RUM",
    "BUSE",
    "CTOS",
    "MTX",
    "PTON",
    "RARE",
    "FUN",
    "TBBK",
    "HTO",
    "HNI",
    "TE",
    "CENTA",
    "WU",
    "AMPX",
    "NTB",
    "EFSC",
    "PBI",
    "BKE",
    "MGNI",
    "IMAX",
    "HE",
    "ALRM",
    "AVPT",
    "MBIN",
    "GCMG",
    "MCRI",
    "AXGN",
    "ATEN",
    "BANR",
    "WLY",
    "PBH",
    "ACHC",
    "RAMP",
    "LCII",
    "PAYO",
    "HTH",
    "MH",
    "QUBT",
    "GRC",
    "SYBT",
    "NEXT",
    "DRVN",
    "BCRX",
    "WS",
    "NOG",
    "BRSL",
    "DHC",
    "SHO",
    "TNET",
    "PLUS",
    "NWBI",
    "DJT",
    "UTI",
    "CLBK",
    "CMPR",
    "FLOC",
    "PRDO",
    "IOSP",
    "KOD",
    "PRKS",
    "ARR",
    "LMAT",
    "NWN",
    "BAND",
    "NWL",
    "PGNY",
    "LC",
    "IMNM",
    "GRND",
    "SEM",
    "PEB",
    "NVCR",
    "EOSE",
    "DEI",
    "HCI",
    "WMK",
    "AUPH",
    "TGLS",
    "OFG",
    "LCID",
    "SKWD",
    "SPSC",
    "KSS",
    "INVX",
    "FCF",
    "XRAY",
    "GTY",
    "TRVI",
    "AIN",
    "SGRY",
    "CMRE",
    "GNL",
    "FIGS",
    "MD",
    "HRMY",
    "VERX",
    "STC",
    "NTST",
    "NEOG",
    "STEL",
    "AGM",
    "HMN",
    "NBHC",
    "OCUL",
    "MLYS",
    "LPG",
    "SPB",
    "BBAI",
    "ASTH",
    "SLDE",
    "VCEL",
    "AMSC",
    "ADMA",
    "PUMP",
    "SAM",
    "AIP",
    "CBZ",
    "CTS",
    "SRCE",
    "LTC",
    "AGL",
    "PRLB",
    "PLAB",
    "ALG",
    "TIC",
    "BLX",
    "XPRO",
    "PAX",
    "JBLU",
    "ANIP",
    "STOK",
    "VPG",
    "TILE",
    "CHCO",
    "TH",
    "INTA",
    "GT",
    "CNXN",
    "RAPP",
    "PLPC",
    "GENI",
    "SONO",
    "WD",
    "COTY",
    "IOVA",
    "MBC",
    "UFPT",
    "AMBQ",
    "EPAC",
    "VRDN",
    "LOB",
    "TFIN",
    "SKYT",
    "XHR",
    "FLYW",
    "SMA",
    "WGS",
    "ADNT",
    "CASH",
    "HURN",
    "DCOM",
    "NVRI",
    "APPN",
    "NRIX",
    "AGIO",
    "STRA",
    "SHLS",
    "IMKTA",
    "IE",
    "ECPG",
    "VSTS",
    "ADUS",
    "IIPR",
    "CCS",
    "GABC",
    "STBA",
    "OMCL",
    "RBCAA",
    "EFC",
    "NUVB",
    "ZD",
    "ASAN",
    "KOS",
    "BHVN",
    "NTLA",
    "FLNG",
    "RCAT",
    "MBX",
    "SFL",
    "PLSE",
    "HOPE",
    "BL",
    "TCBK",
    "SOC",
    "INVA",
    "NCNO",
    "RLJ",
    "SILA",
    "ZYME",
    "RXRX",
    "SNDA",
    "SLVM",
    "LILAK",
    "FLO",
    "CNOB",
    "LILA",
    "STGW",
    "TSHA",
    "ANAB",
    "WKC",
    "BFC",
    "FSUN",
    "ALKT",
    "FIVN",
    "MQ",
    "WBTN",
    "AMLX",
    "SION",
    "SEPN",
    "HLIT",
    "HTZ",
    "EVTC",
    "GLOB",
    "SNDX",
    "SRPT",
    "EVCM",
    "BY",
    "PCT",
    "TYRA",
    "TPB",
    "CNXC",
    "RES",
    "QCRH",
    "PGEN",
    "AI",
    "MAN",
    "RYZ",
    "CRI",
    "LZB",
    "AEVA",
    "DV",
    "PVLA",
    "FTRE",
    "ALNT",
    "OBK",
    "ATEX",
    "AVAH",
    "PRG",
    "GLUE",
    "LKFN",
    "SVV",
    "LIND",
    "CBL",
    "HCSG",
    "COUR",
    "KW",
    "PRGO",
    "HLMN",
    "DCH",
    "NBR",
    "DXC",
    "AAT",
    "CAPR",
    "JJSF",
    "EYE",
    "GBX",
    "FOR",
    "GIII",
    "AMRC",
    "PWP",
    "FMC",
    "MRTN",
    "TRS",
    "TNC",
    "WWW",
    "RVLV",
    "KMPR",
    "LINC",
    "PRCT",
    "NVAX",
    "ATRC",
    "SLS",
    "WLDN",
    "ENVX",
    "VIR",
    "NEO",
    "BFLY",
    "URGN",
    "REX",
    "LEG",
    "TRIP",
    "KALV",
    "ULCC",
    "HLX",
    "WINA",
    "ECVT",
    "AMC",
    "BCAX",
    "AVBP",
    "NVGS",
    "CLVT",
    "STAA",
    "BORR",
    "TTI",
    "ARI",
    "OI",
    "ARDX",
    "ARLO",
    "HROW",
    "NSP",
    "ATLC",
    "ENR",
    "FDP",
    "IART",
    "AHCO",
    "DFH",
    "OLPX",
    "IDT",
    "ODC",
    "ACDC",
    "WABC",
    "DOLE",
    "RXT",
    "AOSL",
    "INBX",
    "BHRB",
    "UVV",
    "ALX",
    "ARDT",
    "WLTH",
    "WLFC",
    "AMAL",
    "MAZE",
    "NSSC",
    "AHRT",
    "TDOC",
    "PRGS",
    "TMP",
    "SBH",
    "CMP",
    "HYLN",
    "ICFI",
    "PEBO",
    "PRCH",
    "GSHD",
    "PRSU",
    "ORC",
    "CDRE",
    "VTOL",
    "UMH",
    "TWO",
    "WEN",
    "LADR",
    "CTBI",
    "MRVI",
    "CEVA",
    "BLKB",
    "DSGR",
    "TROX",
    "PAHC",
    "PGY",
    "PRA",
    "BLFS",
    "ATEC",
    "YELP",
    "NPKI",
    "GOLD",
    "MPLT",
    "LGIH",
    "ENOV",
    "GCT",
    "HLF",
    "ZBIO",
    "CXM",
    "HTLD",
    "XPEL",
    "UFCS",
    "FMBH",
    "NWPX",
    "REAL",
    "SCL",
    "INNV",
    "ADTN",
    "INSP",
    "VIA",
    "GIC",
    "KMTS",
    "GHM",
    "NNE",
    "BKSY",
    "PFBC",
    "BV",
    "LNN",
    "PLTK",
    "MCB",
    "HFWA",
    "IRMD",
    "ROCK",
    "ARRY",
    "AMN",
    "XZO",
    "SENEA",
    "CDNA",
    "UVSP",
    "LQDT",
    "ASTE",
    "APPS",
    "NAT",
    "XERS",
    "AKTS",
    "AVNS",
    "OSBC",
    "ASST",
    "CVLG",
    "PNTG",
    "MMI",
    "PDM",
    "TNDM",
    "SMPL",
    "TDAY",
    "SAFE",
    "MNKD",
    "WVE",
    "COLL",
    "CCB",
    "CIM",
    "DEA",
    "THRM",
    "HBT",
    "NBN",
    "MLKN",
    "BJRI",
    "UPBD",
    "PXED",
    "EVLV",
    "EYPT",
    "PLOW",
    "DLX",
    "RHLD",
    "VYX",
    "SDGR",
    "SVRA",
    "SG",
    "ACEL",
    "TK",
    "PZZA",
    "OPK",
    "OCFC",
    "FUBO",
    "ABSI",
    "UVE",
    "NMAX",
    "EPC",
    "SAFT",
    "GPRE",
    "ACVA",
    "UPWK",
    "GNK",
    "SVC",
    "CNMD",
    "CFFN",
    "CBRL",
    "UAMY",
    "AZTA",
    "TRUP",
    "UTZ",
    "BRBR",
    "SBSI",
    "OMDA",
    "MYE",
    "SCSC",
    "ARHS",
    "LZ",
    "SBGI",
    "HBNC",
    "PSNL",
    "CRVS",
    "ABR",
    "DEC",
    "ESQ",
    "EQBK",
    "USPH",
    "ASIC",
    "METC",
    "EEX",
    "NUTX",
    "HPK",
    "SATL",
    "MSEX",
    "MCBS",
    "CSR",
    "DAKT",
    "WSR",
    "AORT",
    "CRAI",
    "CCNE",
    "VRTS",
    "SPRY",
    "ARKO",
    "TRST",
    "QDEL",
    "DFIN",
    "MFA",
    "FSBC",
    "AEBI",
    "APEI",
    "BFST",
    "CPF",
    "SCHL",
    "WYFI",
    "MBWM",
    "GO",
    "HAFC",
    "EVEX",
    "LMB",
    "CRCT",
    "KODK",
    "AMTB",
    "LYTS",
    "PSIX",
    "ESRT",
    "BUR",
    "UTL",
    "NPK",
    "INDI",
    "JBSS",
    "LMRI",
    "NBBK",
    "ABX",
    "BFS",
    "XNCR",
    "AMPL",
    "SHEN",
    "JCAP",
    "RPC",
    "PCRX",
    "GLIBK",
    "KOPN",
    "MEC",
    "RZLV",
    "CRSR",
    "BOW",
    "GLIBA",
    "THFF",
    "KFRC",
    "FTK",
    "CAC",
    "AVR",
    "EVC",
    "WOOF",
    "MGTX",
    "AMPH",
    "PMT",
    "WRLD",
    "LXU",
    "SMP",
    "TALK",
    "EGBN",
    "ROOT",
    "MPB",
    "ETON",
    "OLMA",
    "EFOR",
    "FMNB",
    "MOV",
    "TBPH",
    "JBGS",
    "APOG",
    "ORIC",
    "MTUS",
    "TRNS",
    "EIG",
    "CGEM",
    "ABUS",
    "BBSI",
    "MATW",
    "ADAM",
    "KOP",
    "INR",
    "FCBC",
    "HPP",
    "GTM",
    "PHAT",
    "JANX",
    "WGO",
    "GSBC",
    "ASPI",
    "CWH",
    "PGC",
    "LBRX",
    "SXC",
    "SPFI",
    "ESPR",
    "KRO",
    "CERT",
    "CCBG",
    "HTB",
    "KURA",
    "BIOA",
    "NXDR",
    "SMBC",
    "CCOI",
    "AVO",
    "NB",
    "ORRF",
    "NX",
    "BH",
    "SMBK",
    "RDVT",
    "HNRG",
    "CODI",
    "ANNX",
    "DJCO",
    "REPX",
    "GSM",
    "FWRG",
    "HSTM",
    "SHBI",
    "ALRS",
    "FOXF",
    "JBIO",
    "NAVI",
    "HZO",
    "BZH",
    "ZVRA",
    "FISI",
    "SANA",
    "PKE",
    "DNUT",
    "MITK",
    "GDOT",
    "FEIM",
    "GERN",
    "IVR",
    "CYRX",
    "REPL",
    "SPIR",
    "BRSP",
    "NXRT",
    "BALY",
    "IBCP",
    "IBTA",
    "JBI",
    "NGVC",
    "DSP",
    "HSHP",
    "VTS",
    "EVMN",
    "OPFI",
    "BLMN",
    "VRRM",
    "QNST",
    "ELA",
    "CTO",
    "EVER",
    "HOV",
    "SB",
    "SKYH",
    "SLDB",
    "CBLL",
    "ASC",
    "HELE",
    "PD",
    "MCS",
    "VEL",
    "RMR",
    "CRMD",
    "DSGN",
    "WASH",
    "SIBN",
    "HRTG",
    "RSVR",
    "SABR",
    "INN",
    "HY",
    "TIPT",
    "HIPO",
    "TCBX",
    "TRTX",
    "CARE",
    "AURA",
    "PSTL",
    "DC",
    "AROW",
    "NTGR",
    "SWIM",
    "RWT",
    "SWBI",
    "ALLO",
    "DGICA",
    "TDUP",
    "GRNT",
    "BBNX",
    "HIFS",
    "GRPN",
    "GOOD",
    "FBRT",
    "CCSI",
    "CSV",
    "CASS",
    "PFIS",
    "BCAL",
    "CNNE",
    "OMER",
    "NPB",
    "SLDP",
    "RGR",
    "CSTL",
    "EVGO",
    "CADL",
    "MSBI",
    "PACK",
    "KE",
    "BHB",
    "NFBK",
    "VTEX",
    "TRAX",
    "ASIX",
    "OPTU",
    "PAR",
    "VLGEA",
    "RRBI",
    "SMC",
    "RIGL",
    "BTBT",
    "MAMA",
    "CLB",
    "NABL",
    "WTI",
    "ACRS",
    "IHRT",
    "IRWD",
    "CLDT",
    "ILPT",
    "KRT",
    "FET",
    "PRAA",
    "DRUG",
    "KRUS",
    "LEGH",
    "TCMD",
    "MG",
    "AMSF",
    "MAX",
    "ORN",
    "ACNB",
    "MLAB",
    "RYAM",
    "BVS",
    "IIIV",
    "IDR",
    "SFST",
    "NRIM",
    "TECX",
    "FIP",
    "EGY",
    "KRNY",
    "UNTY",
    "AIOT",
    "NVEC",
    "CIVB",
    "BDN",
    "MCFT",
    "BBCP",
    "IIIN",
    "PHR",
    "NRDS",
    "UHT",
    "BWB",
    "SD",
    "CBNK",
    "OXM",
    "MLR",
    "ETD",
    "MBUU",
    "BWMN",
    "CRD.A",
    "GYRE",
    "EVH",
    "SERV",
    "OLP",
    "MDXG",
    "CLFD",
    "GLRE",
    "NGS",
    "HBCP",
    "NPCE",
    "CTGO",
    "OSPN",
    "TOI",
    "FLGT",
    "CARS",
    "GDYN",
    "PUBM",
    "CTEV",
    "BSRR",
    "SSTK",
    "SFIX",
    "EBF",
    "XOMA",
    "CPS",
    "AQST",
    "ADV",
    "TRC",
    "GCBC",
    "CERS",
    "CHCT",
    "OIS",
    "CTKB",
    "TREE",
    "ALT",
    "FBIZ",
    "PRTH",
    "ACIC",
    "PANL",
    "PRME",
    "BETR",
    "PKOH",
    "ANGO",
    "TWI",
    "GOGO",
    "CAL",
    "OBT",
    "DNA",
    "ASPN",
    "XRN",
    "JOUT",
    "KLC",
    "ARVN",
    "LXFR",
    "COFS",
    "YORW",
    "IPI",
    "OOMA",
    "CWCO",
    "CRNC",
    "ITIC",
    "MNRO",
    "SCVL",
    "RPD",
    "LOCO",
    "RR",
    "BLZE",
    "RBBN",
    "TITN",
    "INV",
    "SRTA",
    "PDLB",
    "GBFH",
    "ACTG",
    "OEC",
    "KREF",
    "VREX",
    "ALTI",
    "FDMT",
    "GCO",
    "ALMU",
    "ABAT",
    "NGNE",
    "KIDS",
    "FRPH",
    "VITL",
    "XRX",
    "MAGN",
    "ULH",
    "IMXI",
    "FVR",
    "PLAY",
    "MATV",
    "MTW",
    "CBAN",
    "BWFG",
    "FSTR",
    "EOLS",
    "AMCX",
    "BSVN",
    "DDD",
    "CYH",
    "WEAV",
    "SPT",
    "ATNI",
    "FPI",
    "BBBY",
    "CMDB",
    "DIN",
    "PRTA",
    "RLGT",
    "WTBA",
    "ERII",
    "EBS",
    "BXC",
    "MPTI",
    "MEI",
    "BMRC",
    "NRC",
    "CTRN",
    "PBFS",
    "CBK",
    "FWRD",
    "CLMB",
    "CLNE",
    "EDIT",
    "RBB",
    "VHI",
    "KELYA",
    "NATH",
    "ISTR",
    "IBEX",
    "FRBA",
    "BOC",
    "BMBL",
    "ALIT",
    "BLND",
    "MYGN",
    "CCRN",
    "PACB",
    "YEXT",
    "NEWT",
    "DCTH",
    "BBW",
    "CLPT",
    "GTN",
    "NC",
    "VMD",
    "MNPR",
    "HNST",
    "SVCO",
    "CMCO",
    "FMAO",
    "CZNC",
    "WNC",
    "PLBC",
    "TBRG",
    "QUAD",
    "PAYS",
    "CMCL",
    "FRST",
    "SI",
    "LAND",
    "MTRX",
    "RZLT",
    "RMNI",
    "BNTC",
    "LWAY",
    "LE",
    "NPWR",
    "HVT",
    "LDI",
    "BNED",
    "PCB",
    "AIRS",
    "PKBK",
    "RNGR",
    "MVST",
    "OFIX",
    "BKKT",
    "PBYI",
    "ACCO",
    "XPER",
    "GNE",
    "USNA",
    "CMPX",
    "MVBF",
    "PSFE",
    "MLP",
    "NATR",
    "LRMR",
    "VSTM",
    "AVIR",
    "CV",
    "NECB",
    "TSSI",
    "TCI",
    "USCB",
    "VOXR",
    "CMTG",
    "WSBF",
    "VNDA",
    "WEYS",
    "MGPI",
    "BCML",
    "BYND",
    "NWFL",
    "CHMG",
    "DBI",
    "ATOM",
    "REAX",
    "FNLC",
    "LAB",
    "ENTA",
    "RGNX",
    "LXEO",
    "RM",
    "TLS",
    "GEVO",
    "NCMI",
    "BRCC",
    "OPAL",
    "PTLO",
    "CATX",
    "CDZI",
    "CZFS",
    "TSBK",
    "GLSI",
    "AII",
    "PINE",
    "PAMT",
    "UPB",
    "LTBR",
    "SLP",
    "OABI",
    "BGS",
    "COSO",
    "STRT",
    "VALU",
    "NODK",
    "XPOF",
    "CIX",
    "ZUMZ",
    "FSBW",
    "SEG",
    "ABEO",
    "MBI",
    "MASS",
    "FENC",
    "BKTI",
    "ESOA",
    "OFLX",
    "CARL",
    "GETY",
    "SIGA",
    "HLLY",
    "PNRG",
    "ONIT",
    "PPHC",
    "ELMD",
    "JMSB",
    "DMAC",
    "ALCO",
    "FCCO",
    "PDYN",
    "RCKY",
    "FVCB",
    "ORGO",
    "FNKO",
    "RCKT",
    "NREF",
    "MYFW",
    "RPAY",
    "BRBS",
    "ASLE",
    "NL",
    "SBC",
    "ZIP",
    "OVLY",
    "FDBC",
    "MPAA",
    "OSUR",
    "AIRJ",
    "TG",
    "CLW",
    "BRT",
    "NVCT",
    "CIA",
    "UIS",
    "RNAC",
    "RC",
    "SGHT",
    "HCKT",
    "FLWS",
    "ELDN",
    "WNEB",
    "HBB",
    "NAGE",
    "FC",
    "SSP",
    "ACRE",
    "FRAF",
    "FXNC",
    "FUNC",
    "AFRI",
    "ATLO",
    "CABO",
    "NUS",
    "MKTW",
    "EU",
    "TBCH",
    "TMCI",
    "TTGT",
    "HWBK",
    "VUZI",
    "SITC",
    "PCYO",
    "LPRO",
    "JAKK",
    "FLXS",
    "ESCA",
    "RELL",
    "BPRN",
    "ACH",
    "NXDT",
    "JACK",
    "USAU",
    "AIRO",
    "ASUR",
    "DMRC",
    "EGHT",
    "CFFI",
    "TRDA",
    "AVNW",
    "SNFCA",
    "RGCO",
    "LCNB",
    "MITT",
    "AKBA",
    "FRD",
    "FHTX",
    "CBNA",
    "VABK",
    "LVWR",
    "HDSN",
    "PEBK",
    "LOVE",
    "REFI",
    "ARL",
    "OPRT",
    "FATE",
    "WALD",
    "POWW",
    "MRBK",
    "MNTK",
    "OVBC",
    "BRCB",
    "KINS",
    "CXDO",
    "LMNR",
    "HUMA",
    "MFIN",
    "PESI",
    "FBLA",
    "PAL",
    "AVXL",
    "TLSI",
    "NKSH",
    "FULC",
    "LAW",
    "ALTG",
    "STRS",
    "INBK",
    "SPOK",
    "LFMD",
    "ANGI",
    "TKNO",
    "CMRC",
    "INSE",
    "JILL",
    "IKT",
    "TARA",
    "GENC",
    "PMTS",
    "CDXS",
    "EVI",
    "CNDT",
    "SGC",
    "IMMR",
    "CHRS",
    "UTMD",
    "FCAP",
    "LENZ",
    "TBI",
    "OPBK",
    "RNA",
    "LFCR",
    "VYGR",
    "CMT",
    "KLTR",
    "AOMR",
    "BZAI",
    "RICK",
    "CZWI",
    "CPSS",
    "QSI",
    "NKTX",
    "EGAN",
    "CFBK",
    "GWRS",
    "FINW",
    "FF",
    "III",
    "KROS",
    "SMHI",
    "PDEX",
    "ARCT",
    "CURV",
    "ANIK",
    "RMAX",
    "RXST",
    "COOK",
    "BCBP",
    "HQI",
    "JRVR",
    "FLYX",
    "SMTI",
    "KGEI",
    "CBFV",
    "SEVN",
    "NRDY",
    "MDV",
    "EBMT",
    "RBKB",
    "ONEW",
    "EMBC",
    "KRMD",
    "LUCD",
    "LARK",
    "MDWD",
    "RCMT",
    "MRDN",
    "TNXP",
    "INSG",
    "FOA",
    "STXS",
    "STRW",
    "MNSB",
    "KULR",
    "NLOP",
    "ACU",
    "INGN",
    "HNVR",
    "THRY",
    "TRAK",
    "EPSN",
    "ALEC",
    "ECBK",
    "PLX",
    "KRRO",
    "SMID",
    "WHG",
    "RGP",
    "TUSK",
    "RMBI",
    "DOUG",
    "SLQT",
    "SRBK",
    "JELD",
    "EFSI",
    "CURI",
    "EPM",
    "BHR",
    "TCX",
    "HURA",
    "FNWD",
    "SBFG",
    "QTRX",
    "NFE",
    "BOOM",
    "BYRN",
    "SKYX",
    "HCAT",
    "JYNT",
    "DERM",
    "DOMO",
    "BSET",
    "FORR",
    "ADCT",
    "CVRX",
    "MED",
    "EML",
    "AOUT",
    "SAMG",
    "ACR",
    "SNWV",
    "ACNT",
    "RVSB",
    "NNOX",
    "EXFY",
    "DH",
    "RCEL",
    "MVIS",
    "MXCT",
    "CLAR",
    "EP",
    "SUNS",
    "ARQ",
    "TTEC",
    "LFVN",
    "PNBK",
    "ZVIA",
    "SAFX",
    "SFBC",
    "TZOO",
    "UNB",
    "LAKE",
    "USGO",
    "ALDX",
    "CRDF",
    "SSTI",
    "FTLF",
    "VIRC",
    "HFFG",
    "OPRX",
    "LPA",
    "SLSN",
    "CSPI",
    "STIM",
    "BTMD",
    "ISPR",
    "KG",
    "FFAI",
    "GAMB",
    "SEAT",
    "AARD",
    "SKIN",
    "BARK",
    "AVD",
    "AEYE",
    "OM",
    "PROP",
    "MYPS",
    "HRTX",
    "SIEB",
    "NXXT",
    "FSP",
    "LNSR",
    "CD",
    "GAIA",
    "VGAS",
    "AREN",
    "LUNG",
    "EHTH",
    "DCGO",
    "HAIN",
    "LFT",
    "SLND",
    "SKIL",
    "CLPR",
    "ACTU",
    "ATLN",
    "MYO",
    "ATYR",
    "ARAY",
    "GOSS",
    "INMB",
    "FLD",
    "ARAI",
    "TVRD",
    "NEON",
    "CRMT",
    "PMI",
    "SNBR",
    "GOCO",
    "MCHB",
    "CWBC",
    "RPT",
    "BGC",
    "WEST",
    "OSG",
    "SPWR",
    "VRM",
    "AESI",
    "LZM",
    "BVFL",
    "BEEP",
    "FBYD",
    "AISP",
    "NEXN",
    "TVGN",
    "CRML",
    "MRP",
    "STRZ",
    "AVBH"
  ],
  "rebuild_all": false,
  "candidate_rows": 10200053,
  "remaining_missing_rows": 200053
}
