[1789483800.038][2026-09-15 07:50:00][subbas-macbook-air.local][99289][Action][debug][8][Running job actions for condition: complete][{"job_id":"jmu2sg924w2n4thh"}]
[1789483800.04][2026-09-15 07:50:00][subbas-macbook-air.local][99289][Action][debug][8][Running job actions for condition: error][{"job_id":"jmu2sg924w2n4thh"}]
[1789483800.041][2026-09-15 07:50:00][subbas-macbook-air.local][99289][Action][debug][9][Found 1 actions for error][[{"enabled":true,"hidden":false,"condition":"error","type":"snapshot","source":"universal"}]]
[1789483800.041][2026-09-15 07:50:00][subbas-macbook-air.local][99289][Action][debug][8][Running job actions for condition: abort][{"job_id":"jmu2sg924w2n4thh"}]
[1789483800.042][2026-09-15 07:50:00][subbas-macbook-air.local][99289][Action][debug][8][Executing job action][{"action":{"enabled":true,"hidden":false,"condition":"error","type":"snapshot","source":"universal"},"job_id":"jmu2sg924w2n4thh"}]
[1789484400.044][2026-09-15 08:00:00][subbas-macbook-air.local][99289][Action][debug][8][Running job actions for condition: complete][{"job_id":"jmu2st413zfcua55"}]
[1789484400.046][2026-09-15 08:00:00][subbas-macbook-air.local][99289][Action][debug][8][Running job actions for condition: error][{"job_id":"jmu2st413zfcua55"}]
[1789484400.046][2026-09-15 08:00:00][subbas-macbook-air.local][99289][Action][debug][9][Found 1 actions for error][[{"enabled":true,"hidden":false,"condition":"error","type":"snapshot","source":"universal"}]]
[1789484400.047][2026-09-15 08:00:00][subbas-macbook-air.local][99289][Action][debug][8][Running job actions for condition: abort][{"job_id":"jmu2st413zfcua55"}]
[1789484400.047][2026-09-15 08:00:00][subbas-macbook-air.local][99289][Action][debug][8][Executing job action][{"action":{"enabled":true,"hidden":false,"condition":"error","type":"snapshot","source":"universal"},"job_id":"jmu2st413zfcua55"}]
[1789485000.051][2026-09-15 08:10:00][subbas-macbook-air.local][4306][Action][debug][8][Running job actions for condition: start][{"job_id":"jmu2t5yzy444fgwx"}]
[1789485000.105][2026-09-15 08:10:00][subbas-macbook-air.local][4306][Action][debug][8][Running job actions for condition: start][{"job_id":"jmu2t5z1j4clmucl"}]
[1789485004.251][2026-09-15 08:10:04][subbas-macbook-air.local][4306][Action][debug][8][Running job actions for condition: complete][{"job_id":"jmu2t5yzy444fgwx"}]
[1789485004.251][2026-09-15 08:10:04][subbas-macbook-air.local][4306][Action][debug][8][Running job actions for condition: error][{"job_id":"jmu2t5yzy444fgwx"}]
[1789485004.251][2026-09-15 08:10:04][subbas-macbook-air.local][4306][Action][debug][9][Found 1 actions for error][[{"enabled":true,"hidden":false,"condition":"error","type":"snapshot","source":"universal"}]]
[1789485004.251][2026-09-15 08:10:04][subbas-macbook-air.local][4306][Action][debug][8][Running job actions for condition: user][{"job_id":"jmu2t5yzy444fgwx"}]
[1789485004.252][2026-09-15 08:10:04][subbas-macbook-air.local][4306][Action][debug][8][Executing job action][{"action":{"enabled":true,"hidden":false,"condition":"error","type":"snapshot","source":"universal"},"job_id":"jmu2t5yzy444fgwx"}]
[1789485004.263][2026-09-15 08:10:04][subbas-macbook-air.local][4306][Action][debug][8][snapshot: Succesfully took snapshot of server: smu2svkrvihxgeos][{"job":"jmu2t5yzy444fgwx"}]
[1789485020.963][2026-09-15 08:10:20][subbas-macbook-air.local][4306][Action][debug][8][Running job actions for condition: complete][{"job_id":"jmu2t5z1j4clmucl"}]
[1789485020.964][2026-09-15 08:10:20][subbas-macbook-air.local][4306][Action][debug][8][Running job actions for condition: success][{"job_id":"jmu2t5z1j4clmucl"}]
[1789485600.032][2026-09-15 08:20:00][subbas-macbook-air.local][4306][Action][debug][8][Running job actions for condition: start][{"job_id":"jmu2tity2blzas2d"}]
[1789485600.087][2026-09-15 08:20:00][subbas-macbook-air.local][4306][Action][debug][8][Running job actions for condition: start][{"job_id":"jmu2titzqbt2uuyt"}]
[1789485600.635][2026-09-15 08:20:00][subbas-macbook-air.local][4306][Action][debug][8][Running job actions for condition: complete][{"job_id":"jmu2tity2blzas2d"}]
[1789485600.635][2026-09-15 08:20:00][subbas-macbook-air.local][4306][Action][debug][8][Running job actions for condition: error][{"job_id":"jmu2tity2blzas2d"}]
[1789485600.635][2026-09-15 08:20:00][subbas-macbook-air.local][4306][Action][debug][9][Found 1 actions for error][[{"enabled":true,"hidden":false,"condition":"error","type":"snapshot","source":"universal"}]]
[1789485600.635][2026-09-15 08:20:00][subbas-macbook-air.local][4306][Action][debug][8][Running job actions for condition: user][{"job_id":"jmu2tity2blzas2d"}]
[1789485600.635][2026-09-15 08:20:00][subbas-macbook-air.local][4306][Action][debug][8][Executing job action][{"action":{"enabled":true,"hidden":false,"condition":"error","type":"snapshot","source":"universal"},"job_id":"jmu2tity2blzas2d"}]
[1789485600.645][2026-09-15 08:20:00][subbas-macbook-air.local][4306][Action][debug][8][snapshot: Succesfully took snapshot of server: smu2svkrvihxgeos][{"job":"jmu2tity2blzas2d"}]
[1789485601.642][2026-09-15 08:20:01][subbas-macbook-air.local][4306][Action][debug][8][Running job actions for condition: complete][{"job_id":"jmu2titzqbt2uuyt"}]
[1789485601.642][2026-09-15 08:20:01][subbas-macbook-air.local][4306][Action][debug][8][Running job actions for condition: success][{"job_id":"jmu2titzqbt2uuyt"}]
[1789486200.053][2026-09-15 08:30:00][subbas-macbook-air.local][4306][Action][debug][8][Running job actions for condition: start][{"job_id":"jmu2tvoxfj9ru706"}]
[1789486200.107][2026-09-15 08:30:00][subbas-macbook-air.local][4306][Action][debug][8][Running job actions for condition: start][{"job_id":"jmu2tvoyyjh03zum"}]
[1789486200.533][2026-09-15 08:30:00][subbas-macbook-air.local][4306][Action][debug][8][Running job actions for condition: complete][{"job_id":"jmu2tvoyyjh03zum"}]
[1789486200.533][2026-09-15 08:30:00][subbas-macbook-air.local][4306][Action][debug][8][Running job actions for condition: error][{"job_id":"jmu2tvoyyjh03zum"}]
[1789486200.533][2026-09-15 08:30:00][subbas-macbook-air.local][4306][Action][debug][9][Found 1 actions for error][[{"enabled":true,"hidden":false,"condition":"error","type":"snapshot","source":"universal"}]]
[1789486200.534][2026-09-15 08:30:00][subbas-macbook-air.local][4306][Action][debug][8][Running job actions for condition: user][{"job_id":"jmu2tvoyyjh03zum"}]
[1789486200.534][2026-09-15 08:30:00][subbas-macbook-air.local][4306][Action][debug][8][Executing job action][{"action":{"enabled":true,"hidden":false,"condition":"error","type":"snapshot","source":"universal"},"job_id":"jmu2tvoyyjh03zum"}]
[1789486200.544][2026-09-15 08:30:00][subbas-macbook-air.local][4306][Action][debug][8][snapshot: Succesfully took snapshot of server: smu2svkrvihxgeos][{"job":"jmu2tvoyyjh03zum"}]
[1789486204.899][2026-09-15 08:30:04][subbas-macbook-air.local][4306][Action][debug][8][Running job actions for condition: complete][{"job_id":"jmu2tvoxfj9ru706"}]
[1789486204.9][2026-09-15 08:30:04][subbas-macbook-air.local][4306][Action][debug][8][Running job actions for condition: success][{"job_id":"jmu2tvoxfj9ru706"}]
[1789487400.068][2026-09-15 08:50:00][subbas-macbook-air.local][4306][Action][debug][8][Running job actions for condition: start][{"job_id":"jmu2ulev0uo65fam"}]
[1789487400.126][2026-09-15 08:50:00][subbas-macbook-air.local][4306][Action][debug][8][Running job actions for condition: start][{"job_id":"jmu2ulewtuw8xmrj"}]
[1789487400.592][2026-09-15 08:50:00][subbas-macbook-air.local][4306][Action][debug][8][Running job actions for condition: complete][{"job_id":"jmu2ulewtuw8xmrj"}]
[1789487400.592][2026-09-15 08:50:00][subbas-macbook-air.local][4306][Action][debug][8][Running job actions for condition: error][{"job_id":"jmu2ulewtuw8xmrj"}]
[1789487400.592][2026-09-15 08:50:00][subbas-macbook-air.local][4306][Action][debug][9][Found 1 actions for error][[{"enabled":true,"hidden":false,"condition":"error","type":"snapshot","source":"universal"}]]
[1789487400.592][2026-09-15 08:50:00][subbas-macbook-air.local][4306][Action][debug][8][Running job actions for condition: user][{"job_id":"jmu2ulewtuw8xmrj"}]
[1789487400.592][2026-09-15 08:50:00][subbas-macbook-air.local][4306][Action][debug][8][Executing job action][{"action":{"enabled":true,"hidden":false,"condition":"error","type":"snapshot","source":"universal"},"job_id":"jmu2ulewtuw8xmrj"}]
[1789487400.603][2026-09-15 08:50:00][subbas-macbook-air.local][4306][Action][debug][8][snapshot: Succesfully took snapshot of server: smu2svkrvihxgeos][{"job":"jmu2ulewtuw8xmrj"}]
[1789487401.709][2026-09-15 08:50:01][subbas-macbook-air.local][4306][Action][debug][8][Running job actions for condition: complete][{"job_id":"jmu2ulev0uo65fam"}]
[1789487401.709][2026-09-15 08:50:01][subbas-macbook-air.local][4306][Action][debug][8][Running job actions for condition: success][{"job_id":"jmu2ulev0uo65fam"}]
[1789488000.058][2026-09-15 09:00:00][subbas-macbook-air.local][4306][Action][debug][8][Running job actions for condition: start][{"job_id":"jmu2uy9tj211zwhn"}]
[1789488000.112][2026-09-15 09:00:00][subbas-macbook-air.local][4306][Action][debug][8][Running job actions for condition: start][{"job_id":"jmu2uy9v329g0h04"}]
[1789488000.491][2026-09-15 09:00:00][subbas-macbook-air.local][4306][Action][debug][8][Running job actions for condition: complete][{"job_id":"jmu2uy9v329g0h04"}]
[1789488000.491][2026-09-15 09:00:00][subbas-macbook-air.local][4306][Action][debug][8][Running job actions for condition: error][{"job_id":"jmu2uy9v329g0h04"}]
[1789488000.491][2026-09-15 09:00:00][subbas-macbook-air.local][4306][Action][debug][9][Found 1 actions for error][[{"enabled":true,"hidden":false,"condition":"error","type":"snapshot","source":"universal"}]]
[1789488000.492][2026-09-15 09:00:00][subbas-macbook-air.local][4306][Action][debug][8][Running job actions for condition: user][{"job_id":"jmu2uy9v329g0h04"}]
[1789488000.492][2026-09-15 09:00:00][subbas-macbook-air.local][4306][Action][debug][8][Executing job action][{"action":{"enabled":true,"hidden":false,"condition":"error","type":"snapshot","source":"universal"},"job_id":"jmu2uy9v329g0h04"}]
[1789488000.504][2026-09-15 09:00:00][subbas-macbook-air.local][4306][Action][debug][8][snapshot: Succesfully took snapshot of server: smu2svkrvihxgeos][{"job":"jmu2uy9v329g0h04"}]
[1789488001.516][2026-09-15 09:00:01][subbas-macbook-air.local][4306][Action][debug][8][Running job actions for condition: complete][{"job_id":"jmu2uy9tj211zwhn"}]
[1789488001.516][2026-09-15 09:00:01][subbas-macbook-air.local][4306][Action][debug][8][Running job actions for condition: success][{"job_id":"jmu2uy9tj211zwhn"}]
[1789488600.05][2026-09-15 09:10:00][subbas-macbook-air.local][4306][Action][debug][8][Running job actions for condition: start][{"job_id":"jmu2vb4rx9e9c1ko"}]
[1789488600.105][2026-09-15 09:10:00][subbas-macbook-air.local][4306][Action][debug][8][Running job actions for condition: start][{"job_id":"jmu2vb4tl9minz6p"}]
[1789488600.506][2026-09-15 09:10:00][subbas-macbook-air.local][4306][Action][debug][8][Running job actions for condition: complete][{"job_id":"jmu2vb4tl9minz6p"}]
[1789488600.506][2026-09-15 09:10:00][subbas-macbook-air.local][4306][Action][debug][8][Running job actions for condition: error][{"job_id":"jmu2vb4tl9minz6p"}]
[1789488600.506][2026-09-15 09:10:00][subbas-macbook-air.local][4306][Action][debug][9][Found 1 actions for error][[{"enabled":true,"hidden":false,"condition":"error","type":"snapshot","source":"universal"}]]
[1789488600.506][2026-09-15 09:10:00][subbas-macbook-air.local][4306][Action][debug][8][Running job actions for condition: user][{"job_id":"jmu2vb4tl9minz6p"}]
[1789488600.506][2026-09-15 09:10:00][subbas-macbook-air.local][4306][Action][debug][8][Executing job action][{"action":{"enabled":true,"hidden":false,"condition":"error","type":"snapshot","source":"universal"},"job_id":"jmu2vb4tl9minz6p"}]
[1789488600.516][2026-09-15 09:10:00][subbas-macbook-air.local][4306][Action][debug][8][snapshot: Succesfully took snapshot of server: smu2svkrvihxgeos][{"job":"jmu2vb4tl9minz6p"}]
[1789488601.589][2026-09-15 09:10:01][subbas-macbook-air.local][4306][Action][debug][8][Running job actions for condition: complete][{"job_id":"jmu2vb4rx9e9c1ko"}]
[1789488601.589][2026-09-15 09:10:01][subbas-macbook-air.local][4306][Action][debug][8][Running job actions for condition: success][{"job_id":"jmu2vb4rx9e9c1ko"}]
[1789489200.054][2026-09-15 09:20:00][subbas-macbook-air.local][4306][Action][debug][8][Running job actions for condition: start][{"job_id":"jmu2vnzqrgtkk151"}]
[1789489200.108][2026-09-15 09:20:00][subbas-macbook-air.local][4306][Action][debug][8][Running job actions for condition: start][{"job_id":"jmu2vnzsch1em1kl"}]
[1789489200.514][2026-09-15 09:20:00][subbas-macbook-air.local][4306][Action][debug][8][Running job actions for condition: complete][{"job_id":"jmu2vnzsch1em1kl"}]
[1789489200.514][2026-09-15 09:20:00][subbas-macbook-air.local][4306][Action][debug][8][Running job actions for condition: error][{"job_id":"jmu2vnzsch1em1kl"}]
[1789489200.514][2026-09-15 09:20:00][subbas-macbook-air.local][4306][Action][debug][9][Found 1 actions for error][[{"enabled":true,"hidden":false,"condition":"error","type":"snapshot","source":"universal"}]]
[1789489200.514][2026-09-15 09:20:00][subbas-macbook-air.local][4306][Action][debug][8][Running job actions for condition: user][{"job_id":"jmu2vnzsch1em1kl"}]
[1789489200.514][2026-09-15 09:20:00][subbas-macbook-air.local][4306][Action][debug][8][Executing job action][{"action":{"enabled":true,"hidden":false,"condition":"error","type":"snapshot","source":"universal"},"job_id":"jmu2vnzsch1em1kl"}]
[1789489200.53][2026-09-15 09:20:00][subbas-macbook-air.local][4306][Action][debug][8][snapshot: Succesfully took snapshot of server: smu2svkrvihxgeos][{"job":"jmu2vnzsch1em1kl"}]
[1789489203.43][2026-09-15 09:20:03][subbas-macbook-air.local][4306][Action][debug][8][Running job actions for condition: complete][{"job_id":"jmu2vnzqrgtkk151"}]
[1789489203.43][2026-09-15 09:20:03][subbas-macbook-air.local][4306][Action][debug][8][Running job actions for condition: success][{"job_id":"jmu2vnzqrgtkk151"}]
[1789489800.049][2026-09-15 09:30:00][subbas-macbook-air.local][4306][Action][debug][8][Running job actions for condition: start][{"job_id":"jmu2w0up8o83ro6z"}]
[1789489800.102][2026-09-15 09:30:00][subbas-macbook-air.local][4306][Action][debug][8][Running job actions for condition: start][{"job_id":"jmu2w0uqtoge2v4f"}]
[1789489800.491][2026-09-15 09:30:00][subbas-macbook-air.local][4306][Action][debug][8][Running job actions for condition: complete][{"job_id":"jmu2w0uqtoge2v4f"}]
[1789489800.492][2026-09-15 09:30:00][subbas-macbook-air.local][4306][Action][debug][8][Running job actions for condition: error][{"job_id":"jmu2w0uqtoge2v4f"}]
[1789489800.492][2026-09-15 09:30:00][subbas-macbook-air.local][4306][Action][debug][9][Found 1 actions for error][[{"enabled":true,"hidden":false,"condition":"error","type":"snapshot","source":"universal"}]]
[1789489800.492][2026-09-15 09:30:00][subbas-macbook-air.local][4306][Action][debug][8][Running job actions for condition: user][{"job_id":"jmu2w0uqtoge2v4f"}]
[1789489800.492][2026-09-15 09:30:00][subbas-macbook-air.local][4306][Action][debug][8][Executing job action][{"action":{"enabled":true,"hidden":false,"condition":"error","type":"snapshot","source":"universal"},"job_id":"jmu2w0uqtoge2v4f"}]
[1789489800.502][2026-09-15 09:30:00][subbas-macbook-air.local][4306][Action][debug][8][snapshot: Succesfully took snapshot of server: smu2svkrvihxgeos][{"job":"jmu2w0uqtoge2v4f"}]
[1789489822.971][2026-09-15 09:30:22][subbas-macbook-air.local][4306][Action][debug][8][Running job actions for condition: complete][{"job_id":"jmu2w0up8o83ro6z"}]
[1789489822.971][2026-09-15 09:30:22][subbas-macbook-air.local][4306][Action][debug][8][Running job actions for condition: success][{"job_id":"jmu2w0up8o83ro6z"}]
[1789490400.027][2026-09-15 09:40:00][subbas-macbook-air.local][4306][Action][debug][8][Running job actions for condition: start][{"job_id":"jmu2wdpncwlzoorq"}]
[1789490400.445][2026-09-15 09:40:00][subbas-macbook-air.local][4306][Action][debug][8][Running job actions for condition: complete][{"job_id":"jmu2wdpncwlzoorq"}]
[1789490400.446][2026-09-15 09:40:00][subbas-macbook-air.local][4306][Action][debug][8][Running job actions for condition: error][{"job_id":"jmu2wdpncwlzoorq"}]
[1789490400.446][2026-09-15 09:40:00][subbas-macbook-air.local][4306][Action][debug][9][Found 1 actions for error][[{"enabled":true,"hidden":false,"condition":"error","type":"snapshot","source":"universal"}]]
[1789490400.446][2026-09-15 09:40:00][subbas-macbook-air.local][4306][Action][debug][8][Running job actions for condition: user][{"job_id":"jmu2wdpncwlzoorq"}]
[1789490400.446][2026-09-15 09:40:00][subbas-macbook-air.local][4306][Action][debug][8][Executing job action][{"action":{"enabled":true,"hidden":false,"condition":"error","type":"snapshot","source":"universal"},"job_id":"jmu2wdpncwlzoorq"}]
[1789490400.455][2026-09-15 09:40:00][subbas-macbook-air.local][4306][Action][debug][8][snapshot: Succesfully took snapshot of server: smu2svkrvihxgeos][{"job":"jmu2wdpncwlzoorq"}]
