[1789483241.851][2026-09-15 07:40:41][subbas-macbook-air.local][99289][Comm][debug][5][New WebSocket client connected: wsmu2s4ad7sorfqv (IP: ::1)][{"current":1}]
[1789483241.857][2026-09-15 07:40:41][subbas-macbook-air.local][99289][Comm][debug][9][Incoming socket auth request from client][{"attempt":130}]
[1789483242.553][2026-09-15 07:40:42][subbas-macbook-air.local][99289][Comm][debug][5][WebSocket client disconnected: wsmu2s4ad7sorfqv (IP: ::1)][{"type":"n/a","auth":false,"current":0}]
[1789483285.865][2026-09-15 07:41:25][subbas-macbook-air.local][99289][Comm][debug][5][New WebSocket client connected: wsmu2s58btszrycc (IP: ::1)][{"current":1}]
[1789483285.868][2026-09-15 07:41:25][subbas-macbook-air.local][99289][Comm][debug][9][Incoming socket auth request from client][{"attempt":1}]
[1789483285.869][2026-09-15 07:41:25][subbas-macbook-air.local][99289][Comm][debug][6][User socket has authenticated successfully: wsmu2s58btszrycc][{"username":"admin"}]
[1789483285.87][2026-09-15 07:41:25][subbas-macbook-air.local][99289][Comm][debug][9][User admin is now on page: Login][{"id":"wsmu2s58btszrycc"}]
[1789483285.87][2026-09-15 07:41:25][subbas-macbook-air.local][99289][Comm][debug][9][User admin is now on page: Dashboard][{"id":"wsmu2s58btszrycc"}]
[1789483285.87][2026-09-15 07:41:25][subbas-macbook-air.local][99289][Comm][debug][9][User admin is now on page: Login][{"id":"wsmu2s58btszrycc"}]
[1789483338.231][2026-09-15 07:42:18][subbas-macbook-air.local][99289][Comm][debug][9][User admin is now on page: Dashboard][{"id":"wsmu2s58btszrycc"}]
[1789483352.489][2026-09-15 07:42:32][subbas-macbook-air.local][99289][Comm][debug][9][User admin is now on page: Events?sub=new][{"id":"wsmu2s58btszrycc"}]
[1789483628.889][2026-09-15 07:47:08][subbas-macbook-air.local][99289][Comm][debug][9][User admin is now on page: Events?sub=view&id=emu2sckyhuzou1hh][{"id":"wsmu2s58btszrycc"}]
[1789483637.621][2026-09-15 07:47:17][subbas-macbook-air.local][99289][Comm][debug][9][User admin is now on page: Events?sub=edit&id=emu2sckyhuzou1hh][{"id":"wsmu2s58btszrycc"}]
[1789483650.097][2026-09-15 07:47:30][subbas-macbook-air.local][99289][Comm][debug][9][User admin is now on page: Events?sub=view&id=emu2sckyhuzou1hh][{"id":"wsmu2s58btszrycc"}]
[1789483889.389][2026-09-15 07:51:29][subbas-macbook-air.local][99289][Comm][debug][9][User admin is now on page: Search?date=custom&start=2026-09-15&end=2026-09-15&event=emu2sckyhuzou1hh][{"id":"wsmu2s58btszrycc"}]
[1789483916.288][2026-09-15 07:51:56][subbas-macbook-air.local][99289][Comm][debug][9][User admin is now on page: ActivityLog][{"id":"wsmu2s58btszrycc"}]
[1789483944.967][2026-09-15 07:52:24][subbas-macbook-air.local][99289][Comm][debug][9][User admin is now on page: LogViewer][{"id":"wsmu2s58btszrycc"}]
[1789484138.655][2026-09-15 07:55:38][subbas-macbook-air.local][99289][Comm][debug][9][User admin is now on page: Events][{"id":"wsmu2s58btszrycc"}]
[1789484143.371][2026-09-15 07:55:43][subbas-macbook-air.local][99289][Comm][debug][9][User admin is now on page: Events?sub=edit&id=emu2sckyhuzou1hh][{"id":"wsmu2s58btszrycc"}]
[1789484179.312][2026-09-15 07:56:19][subbas-macbook-air.local][99289][Comm][debug][9][User admin is now on page: Servers][{"id":"wsmu2s58btszrycc"}]
[1789484333.894][2026-09-15 07:58:53][subbas-macbook-air.local][99289][Comm][debug][9][User admin is now on page: Servers?sub=search][{"id":"wsmu2s58btszrycc"}]
[1789484338.744][2026-09-15 07:58:58][subbas-macbook-air.local][99289][Comm][debug][9][User admin is now on page: Servers][{"id":"wsmu2s58btszrycc"}]
[1789484516.104][2026-09-15 08:01:56][subbas-macbook-air.local][99289][Comm][debug][5][New WebSocket client connected: wsmu2svll4k1g4s1 (IP: ::1)][{"current":2}]
[1789484516.187][2026-09-15 08:01:56][subbas-macbook-air.local][99289][Comm][debug][6][Server socket has authenticated successfully: wsmu2svll4k1g4s1][]
[1789484555.512][2026-09-15 08:02:35][subbas-macbook-air.local][4306][Comm][debug][5][New WebSocket client connected: wsmu2swfzszed311 (IP: ::1)][{"current":1}]
[1789484555.516][2026-09-15 08:02:35][subbas-macbook-air.local][4306][Comm][debug][9][Incoming socket auth request from client][{"attempt":6}]
[1789484555.518][2026-09-15 08:02:35][subbas-macbook-air.local][4306][Comm][debug][6][User socket has authenticated successfully: wsmu2swfzszed311][{"username":"admin"}]
[1789484555.519][2026-09-15 08:02:35][subbas-macbook-air.local][4306][Comm][debug][6][Socket reconnected (6), sending full client data update][]
[1789484555.533][2026-09-15 08:02:35][subbas-macbook-air.local][4306][Comm][debug][9][User admin is now on page: Servers][{"id":"wsmu2swfzszed311"}]
[1789484558.076][2026-09-15 08:02:38][subbas-macbook-air.local][4306][Comm][debug][5][New WebSocket client connected: wsmu2swhz0zf5lrd (IP: ::1)][{"current":2}]
[1789484558.155][2026-09-15 08:02:38][subbas-macbook-air.local][4306][Comm][debug][6][Server socket has authenticated successfully: wsmu2swhz0zf5lrd][]
[1789484589.469][2026-09-15 08:03:09][subbas-macbook-air.local][4306][Comm][debug][9][User admin is now on page: Events][{"id":"wsmu2swfzszed311"}]
[1789484611.07][2026-09-15 08:03:31][subbas-macbook-air.local][4306][Comm][debug][9][User admin is now on page: Events?plugin=_workflow][{"id":"wsmu2swfzszed311"}]
[1789484612.649][2026-09-15 08:03:32][subbas-macbook-air.local][4306][Comm][debug][9][User admin is now on page: Events][{"id":"wsmu2swfzszed311"}]
[1789484625.08][2026-09-15 08:03:45][subbas-macbook-air.local][4306][Comm][debug][9][User admin is now on page: Events?plugin=_workflow][{"id":"wsmu2swfzszed311"}]
[1789484625.816][2026-09-15 08:03:45][subbas-macbook-air.local][4306][Comm][debug][9][User admin is now on page: Events][{"id":"wsmu2swfzszed311"}]
[1789484629.876][2026-09-15 08:03:49][subbas-macbook-air.local][4306][Comm][debug][9][User admin is now on page: Events?sub=history][{"id":"wsmu2swfzszed311"}]
[1789484634.868][2026-09-15 08:03:54][subbas-macbook-air.local][4306][Comm][debug][9][User admin is now on page: Events][{"id":"wsmu2swfzszed311"}]
[1789484655.126][2026-09-15 08:04:15][subbas-macbook-air.local][4306][Comm][debug][9][User admin is now on page: Search?event=emu2sckyhuzou1hh][{"id":"wsmu2swfzszed311"}]
[1789484673][2026-09-15 08:04:33][subbas-macbook-air.local][4306][Comm][debug][9][User admin is now on page: Events][{"id":"wsmu2swfzszed311"}]
[1789484678.065][2026-09-15 08:04:38][subbas-macbook-air.local][4306][Comm][debug][9][User admin is now on page: Events?sub=new][{"id":"wsmu2swfzszed311"}]
[1789484902.603][2026-09-15 08:08:22][subbas-macbook-air.local][4306][Comm][debug][9][User admin is now on page: Events?sub=view&id=emu2t3vr62wcc00v][{"id":"wsmu2swfzszed311"}]
[1789484908.941][2026-09-15 08:08:28][subbas-macbook-air.local][4306][Comm][debug][9][User admin is now on page: Servers][{"id":"wsmu2swfzszed311"}]
[1789484912.849][2026-09-15 08:08:32][subbas-macbook-air.local][4306][Comm][debug][9][User admin is now on page: Events][{"id":"wsmu2swfzszed311"}]
[1789484936.065][2026-09-15 08:08:56][subbas-macbook-air.local][4306][Comm][debug][9][User admin is now on page: Events?plugin=_workflow][{"id":"wsmu2swfzszed311"}]
[1789484938.998][2026-09-15 08:08:58][subbas-macbook-air.local][4306][Comm][debug][9][User admin is now on page: Events][{"id":"wsmu2swfzszed311"}]
[1789484944.391][2026-09-15 08:09:04][subbas-macbook-air.local][4306][Comm][debug][9][User admin is now on page: Servers][{"id":"wsmu2swfzszed311"}]
[1789484946.106][2026-09-15 08:09:06][subbas-macbook-air.local][4306][Comm][debug][9][User admin is now on page: Groups][{"id":"wsmu2swfzszed311"}]
[1789484950.64][2026-09-15 08:09:10][subbas-macbook-air.local][4306][Comm][debug][9][User admin is now on page: ActivityLog][{"id":"wsmu2swfzszed311"}]
[1789484967.023][2026-09-15 08:09:27][subbas-macbook-air.local][4306][Comm][debug][9][User admin is now on page: AlertSetup][{"id":"wsmu2swfzszed311"}]
[1789484967.795][2026-09-15 08:09:27][subbas-macbook-air.local][4306][Comm][debug][9][User admin is now on page: ActivityLog][{"id":"wsmu2swfzszed311"}]
[1789485199.855][2026-09-15 08:13:19][subbas-macbook-air.local][4306][Comm][debug][9][User admin is now on page: AlertSetup][{"id":"wsmu2swfzszed311"}]
[1789485200.657][2026-09-15 08:13:20][subbas-macbook-air.local][4306][Comm][debug][9][User admin is now on page: ActivityLog][{"id":"wsmu2swfzszed311"}]
[1789485226.088][2026-09-15 08:13:46][subbas-macbook-air.local][4306][Comm][debug][9][User admin is now on page: AlertSetup][{"id":"wsmu2swfzszed311"}]
[1789485247.04][2026-09-15 08:14:07][subbas-macbook-air.local][4306][Comm][debug][9][User admin is now on page: ActivityLog][{"id":"wsmu2swfzszed311"}]
[1789485256.845][2026-09-15 08:14:16][subbas-macbook-air.local][4306][Comm][debug][9][User admin is now on page: Events][{"id":"wsmu2swfzszed311"}]
[1789485282.985][2026-09-15 08:14:42][subbas-macbook-air.local][4306][Comm][debug][9][User admin is now on page: Job?id=jmu2t5z1j4clmucl][{"id":"wsmu2swfzszed311"}]
[1789485850.529][2026-09-15 08:24:10][subbas-macbook-air.local][4306][Comm][debug][9][User admin is now on page: Events][{"id":"wsmu2swfzszed311"}]
[1789485856.91][2026-09-15 08:24:16][subbas-macbook-air.local][4306][Comm][debug][9][User admin is now on page: Events?sub=edit&id=emu2t3vr62wcc00v][{"id":"wsmu2swfzszed311"}]
[1789486490.43][2026-09-15 08:34:50][subbas-macbook-air.local][4306][Comm][debug][9][User admin is now on page: Events?plugin=_workflow][{"id":"wsmu2swfzszed311"}]
[1789486491.134][2026-09-15 08:34:51][subbas-macbook-air.local][4306][Comm][debug][9][User admin is now on page: Events][{"id":"wsmu2swfzszed311"}]
[1789486498.174][2026-09-15 08:34:58][subbas-macbook-air.local][4306][Comm][debug][9][User admin is now on page: Job?id=jmu2tvoyyjh03zum][{"id":"wsmu2swfzszed311"}]
[1789486704.637][2026-09-15 08:38:24][subbas-macbook-air.local][4306][Comm][debug][5][WebSocket client disconnected: wsmu2swfzszed311 (IP: ::1)][{"type":"user","auth":true,"current":1}]
[1789486706.56][2026-09-15 08:38:26][subbas-macbook-air.local][4306][Comm][debug][5][New WebSocket client connected: wsmu2u6jr4pq7gvz (IP: ::1)][{"current":2}]
[1789486706.562][2026-09-15 08:38:26][subbas-macbook-air.local][4306][Comm][debug][9][Incoming socket auth request from client][{"attempt":7}]
[1789486706.563][2026-09-15 08:38:26][subbas-macbook-air.local][4306][Comm][debug][6][User socket has authenticated successfully: wsmu2u6jr4pq7gvz][{"username":"admin"}]
[1789486706.564][2026-09-15 08:38:26][subbas-macbook-air.local][4306][Comm][debug][6][Socket reconnected (7), sending full client data update][]
[1789486706.565][2026-09-15 08:38:26][subbas-macbook-air.local][4306][Comm][debug][9][User admin is now on page: Job?id=jmu2tvoyyjh03zum][{"id":"wsmu2u6jr4pq7gvz"}]
[1789486929.934][2026-09-15 08:42:09][subbas-macbook-air.local][4306][Comm][debug][5][Socket ping death: wsmu2swhz0zf5lrd (::1)][{"type":"server","auth":true}]
[1789486930.113][2026-09-15 08:42:10][subbas-macbook-air.local][4306][Comm][debug][5][WebSocket client disconnected: wsmu2swhz0zf5lrd (IP: ::1)][{"type":"server","auth":true,"current":1}]
[1789486931.664][2026-09-15 08:42:11][subbas-macbook-air.local][4306][Comm][debug][5][New WebSocket client connected: wsmu2ubdg0q0jc56 (IP: ::1)][{"current":2}]
[1789486931.744][2026-09-15 08:42:11][subbas-macbook-air.local][4306][Comm][debug][6][Server socket has authenticated successfully: wsmu2ubdg0q0jc56][]
[1789486948.91][2026-09-15 08:42:28][subbas-macbook-air.local][4306][Comm][debug][9][User admin is now on page: Events][{"id":"wsmu2u6jr4pq7gvz"}]
[1789486953.307][2026-09-15 08:42:33][subbas-macbook-air.local][4306][Comm][debug][9][User admin is now on page: Events?sub=edit&id=emu2t3vr62wcc00v][{"id":"wsmu2u6jr4pq7gvz"}]
[1789488323][2026-09-15 09:05:23][subbas-macbook-air.local][4306][Comm][debug][9][User admin is now on page: Servers][{"id":"wsmu2u6jr4pq7gvz"}]
[1789488451.16][2026-09-15 09:07:31][subbas-macbook-air.local][4306][Comm][debug][9][User admin is now on page: Servers?id=smu2svkrvihxgeos][{"id":"wsmu2u6jr4pq7gvz"}]
[1789489775.127][2026-09-15 09:29:35][subbas-macbook-air.local][4306][Comm][debug][9][User admin is now on page: LogViewer][{"id":"wsmu2u6jr4pq7gvz"}]
[1789489804.973][2026-09-15 09:30:04][subbas-macbook-air.local][4306][Comm][debug][9][User admin is now on page: Events][{"id":"wsmu2u6jr4pq7gvz"}]
[1789489810.105][2026-09-15 09:30:10][subbas-macbook-air.local][4306][Comm][debug][9][User admin is now on page: Events?sub=edit&id=emu2sckyhuzou1hh][{"id":"wsmu2u6jr4pq7gvz"}]
[1789489837.017][2026-09-15 09:30:37][subbas-macbook-air.local][4306][Comm][debug][9][User admin is now on page: Events][{"id":"wsmu2u6jr4pq7gvz"}]
[1789489848.17][2026-09-15 09:30:48][subbas-macbook-air.local][4306][Comm][debug][9][User admin is now on page: Events?sub=edit&id=emu2sckyhuzou1hh][{"id":"wsmu2u6jr4pq7gvz"}]
[1789489864.411][2026-09-15 09:31:04][subbas-macbook-air.local][4306][Comm][debug][9][User admin is now on page: ActivityLog][{"id":"wsmu2u6jr4pq7gvz"}]
[1789489880.68][2026-09-15 09:31:20][subbas-macbook-air.local][4306][Comm][debug][9][User admin is now on page: Conductors][{"id":"wsmu2u6jr4pq7gvz"}]
[1789489881.662][2026-09-15 09:31:21][subbas-macbook-air.local][4306][Comm][debug][9][User admin is now on page: Config][{"id":"wsmu2u6jr4pq7gvz"}]
[1789489882.727][2026-09-15 09:31:22][subbas-macbook-air.local][4306][Comm][debug][9][User admin is now on page: LogViewer][{"id":"wsmu2u6jr4pq7gvz"}]
[1789489945.054][2026-09-15 09:32:25][subbas-macbook-air.local][4306][Comm][debug][9][User admin is now on page: ActivityLog][{"id":"wsmu2u6jr4pq7gvz"}]
[1789489954.28][2026-09-15 09:32:34][subbas-macbook-air.local][4306][Comm][debug][9][User admin is now on page: Servers?id=smu2svkrvihxgeos][{"id":"wsmu2u6jr4pq7gvz"}]
[1789489959.353][2026-09-15 09:32:39][subbas-macbook-air.local][4306][Comm][debug][9][User admin is now on page: ActivityLog][{"id":"wsmu2u6jr4pq7gvz"}]
[1789490325.902][2026-09-15 09:38:45][subbas-macbook-air.local][4306][Comm][debug][9][User admin is now on page: Events][{"id":"wsmu2u6jr4pq7gvz"}]
[1789490341.793][2026-09-15 09:39:01][subbas-macbook-air.local][4306][Comm][debug][9][User admin is now on page: Events?sub=edit&id=emu2sckyhuzou1hh][{"id":"wsmu2u6jr4pq7gvz"}]
[1789490396.457][2026-09-15 09:39:56][subbas-macbook-air.local][4306][Comm][debug][9][User admin is now on page: Events?plugin=_workflow][{"id":"wsmu2u6jr4pq7gvz"}]
[1789490397.241][2026-09-15 09:39:57][subbas-macbook-air.local][4306][Comm][debug][9][User admin is now on page: Events][{"id":"wsmu2u6jr4pq7gvz"}]
[1789490411.06][2026-09-15 09:40:11][subbas-macbook-air.local][4306][Comm][debug][9][User admin is now on page: Events?sub=edit&id=emu2sckyhuzou1hh][{"id":"wsmu2u6jr4pq7gvz"}]
