[1789483800.029][2026-09-15 07:50:00][subbas-macbook-air.local][99289][Job][debug][6][Job jmu2sg924w2n4thh Meta: xyOps job starting: #jmu2sg924w2n4thh][]
[1789483800.032][2026-09-15 07:50:00][subbas-macbook-air.local][99289][Job][debug][6][Job jmu2sg924w2n4thh Meta: Source: Scheduler][]
[1789483800.032][2026-09-15 07:50:00][subbas-macbook-air.local][99289][Job][debug][6][Job jmu2sg924w2n4thh Meta: Event ID: #emu2sckyhuzou1hh][]
[1789483800.032][2026-09-15 07:50:00][subbas-macbook-air.local][99289][Job][debug][6][Starting job][{"targets":["main"],"params":{"script":"#!/bin/bash\n\n# Enter your shell script code here\n/Users/sreddy/projects/showmeedge/batch-jobs/market-news-analysis-on-youtube/bloomberg-youtube/run.sh","annotate":false},"fields":[],"limits":[{"type":"job","enabled":true,"amount":1},{"type":"queue","enabled":true,"amount":0},{"type":"retry","enabled":true,"amount":0,"duration":0}],"actions":[{"enabled":true,"hidden":false,"condition":"error","type":"snapshot","source":"universal"}],"notes":"","category":"general","plugin":"shellplug","icon":"","tags":[],"expression":"","algo":"random","username":"admin","now":1789483800,"source":"scheduler","event":"emu2sckyhuzou1hh","id":"jmu2sg924w2n4thh","env":{},"state":"ready","started":1789483800.029,"log_file_size":0,"command":"[shell-plugin]","script":"","uid":"","gid":"","kill":"all"}]
[1789483800.034][2026-09-15 07:50:00][subbas-macbook-air.local][99289][Job][debug][9][Choosing server for job: jmu2sg924w2n4thh][]
[1789483800.034][2026-09-15 07:50:00][subbas-macbook-air.local][99289][Job][debug][9][Initial target servers to choose from: 0][{"job":"jmu2sg924w2n4thh","server_ids":[]}]
[1789483800.034][2026-09-15 07:50:00][subbas-macbook-air.local][99289][Job][debug][9][Filtered by online and enabled: 0][{"job":"jmu2sg924w2n4thh","server_ids":[]}]
[1789483800.034][2026-09-15 07:50:00][subbas-macbook-air.local][99289][Job][debug][9][Filtered by active alerts: 0][{"job":"jmu2sg924w2n4thh","server_ids":[]}]
[1789483800.034][2026-09-15 07:50:00][subbas-macbook-air.local][99289][Job][debug][9][Filtered by server maxJobs: 0][{"job":"jmu2sg924w2n4thh","weight":1,"server_ids":[]}]
[1789483800.035][2026-09-15 07:50:00][subbas-macbook-air.local][99289][Job][debug][6][Job jmu2sg924w2n4thh Meta: No available servers matching targets][]
[1789483800.035][2026-09-15 07:50:00][subbas-macbook-air.local][99289][Job][debug][5][Aborting Job: jmu2sg924w2n4thh: No available servers matching targets.][]
[1789483800.035][2026-09-15 07:50:00][subbas-macbook-air.local][99289][Job][debug][6][Job jmu2sg924w2n4thh Meta: Aborting Job: No available servers matching targets.][]
[1789483800.037][2026-09-15 07:50:00][subbas-macbook-air.local][99289][Job][debug][6][No job log file found (may be totally normal): /Users/sreddy/projects/xyops/logs/jobs/jmu2sg924w2n4thh.log: Error: ENOENT: no such file or directory, stat '/Users/sreddy/projects/xyops/logs/jobs/jmu2sg924w2n4thh.log'][]
[1789483800.043][2026-09-15 07:50:00][subbas-macbook-air.local][99289][Job][debug][6][Job jmu2sg924w2n4thh Meta: Executing job error action: snapshot][]
[1789483800.045][2026-09-15 07:50:00][subbas-macbook-air.local][99289][Job][debug][6][Job jmu2sg924w2n4thh Meta: Job aborted: No available servers matching targets.][]
[1789483800.069][2026-09-15 07:50:00][subbas-macbook-air.local][99289][Job][debug][6][Job is fully indexed in the DB: jmu2sg924w2n4thh][]
[1789483800.069][2026-09-15 07:50:00][subbas-macbook-air.local][99289][Job][debug][6][Job is complete and final: jmu2sg924w2n4thh][]
[1789484400.04][2026-09-15 08:00:00][subbas-macbook-air.local][99289][Job][debug][6][Job jmu2st413zfcua55 Meta: xyOps job starting: #jmu2st413zfcua55][]
[1789484400.041][2026-09-15 08:00:00][subbas-macbook-air.local][99289][Job][debug][6][Job jmu2st413zfcua55 Meta: Source: Scheduler][]
[1789484400.041][2026-09-15 08:00:00][subbas-macbook-air.local][99289][Job][debug][6][Job jmu2st413zfcua55 Meta: Event ID: #emu2sckyhuzou1hh][]
[1789484400.041][2026-09-15 08:00:00][subbas-macbook-air.local][99289][Job][debug][6][Starting job][{"targets":["main"],"params":{"script":"#!/bin/bash\n\n# Enter your shell script code here\n/Users/sreddy/projects/showmeedge/batch-jobs/market-news-analysis-on-youtube/bloomberg-youtube/run.sh","annotate":false},"fields":[],"limits":[{"type":"job","enabled":true,"amount":1},{"type":"queue","enabled":true,"amount":0},{"type":"retry","enabled":true,"amount":0,"duration":0}],"actions":[{"enabled":true,"hidden":false,"condition":"error","type":"snapshot","source":"universal"}],"notes":"","category":"general","plugin":"shellplug","icon":"","tags":[],"expression":"","algo":"random","username":"admin","now":1789484400,"source":"scheduler","event":"emu2sckyhuzou1hh","id":"jmu2st413zfcua55","env":{},"state":"ready","started":1789484400.04,"log_file_size":0,"command":"[shell-plugin]","script":"","uid":"","gid":"","kill":"all"}]
[1789484400.042][2026-09-15 08:00:00][subbas-macbook-air.local][99289][Job][debug][9][Choosing server for job: jmu2st413zfcua55][]
[1789484400.042][2026-09-15 08:00:00][subbas-macbook-air.local][99289][Job][debug][9][Initial target servers to choose from: 0][{"job":"jmu2st413zfcua55","server_ids":[]}]
[1789484400.042][2026-09-15 08:00:00][subbas-macbook-air.local][99289][Job][debug][9][Filtered by online and enabled: 0][{"job":"jmu2st413zfcua55","server_ids":[]}]
[1789484400.043][2026-09-15 08:00:00][subbas-macbook-air.local][99289][Job][debug][9][Filtered by active alerts: 0][{"job":"jmu2st413zfcua55","server_ids":[]}]
[1789484400.043][2026-09-15 08:00:00][subbas-macbook-air.local][99289][Job][debug][9][Filtered by server maxJobs: 0][{"job":"jmu2st413zfcua55","weight":1,"server_ids":[]}]
[1789484400.043][2026-09-15 08:00:00][subbas-macbook-air.local][99289][Job][debug][6][Job jmu2st413zfcua55 Meta: No available servers matching targets][]
[1789484400.043][2026-09-15 08:00:00][subbas-macbook-air.local][99289][Job][debug][5][Aborting Job: jmu2st413zfcua55: No available servers matching targets.][]
[1789484400.043][2026-09-15 08:00:00][subbas-macbook-air.local][99289][Job][debug][6][Job jmu2st413zfcua55 Meta: Aborting Job: No available servers matching targets.][]
[1789484400.044][2026-09-15 08:00:00][subbas-macbook-air.local][99289][Job][debug][6][No job log file found (may be totally normal): /Users/sreddy/projects/xyops/logs/jobs/jmu2st413zfcua55.log: Error: ENOENT: no such file or directory, stat '/Users/sreddy/projects/xyops/logs/jobs/jmu2st413zfcua55.log'][]
[1789484400.048][2026-09-15 08:00:00][subbas-macbook-air.local][99289][Job][debug][6][Job jmu2st413zfcua55 Meta: Executing job error action: snapshot][]
[1789484400.049][2026-09-15 08:00:00][subbas-macbook-air.local][99289][Job][debug][6][Job jmu2st413zfcua55 Meta: Job aborted: No available servers matching targets.][]
[1789484400.077][2026-09-15 08:00:00][subbas-macbook-air.local][99289][Job][debug][6][Job is fully indexed in the DB: jmu2st413zfcua55][]
[1789484400.077][2026-09-15 08:00:00][subbas-macbook-air.local][99289][Job][debug][6][Job is complete and final: jmu2st413zfcua55][]
[1789485000.047][2026-09-15 08:10:00][subbas-macbook-air.local][4306][Job][debug][6][Job jmu2t5yzy444fgwx Meta: xyOps job starting: #jmu2t5yzy444fgwx][]
[1789485000.048][2026-09-15 08:10:00][subbas-macbook-air.local][4306][Job][debug][6][Job jmu2t5yzy444fgwx Meta: Source: Scheduler][]
[1789485000.048][2026-09-15 08:10:00][subbas-macbook-air.local][4306][Job][debug][6][Job jmu2t5yzy444fgwx Meta: Event ID: #emu2sckyhuzou1hh][]
[1789485000.048][2026-09-15 08:10:00][subbas-macbook-air.local][4306][Job][debug][6][Starting job][{"targets":["main"],"params":{"script":"#!/bin/bash\n\n# Enter your shell script code here\n/Users/sreddy/projects/showmeedge/batch-jobs/market-news-analysis-on-youtube/bloomberg-youtube/run.sh","annotate":false},"fields":[],"limits":[{"type":"job","enabled":true,"amount":1},{"type":"queue","enabled":true,"amount":0},{"type":"retry","enabled":true,"amount":0,"duration":0}],"actions":[{"enabled":true,"hidden":false,"condition":"error","type":"snapshot","source":"universal"}],"notes":"","category":"general","plugin":"shellplug","icon":"","tags":[],"expression":"","algo":"random","username":"admin","now":1789485000,"source":"scheduler","event":"emu2sckyhuzou1hh","id":"jmu2t5yzy444fgwx","env":{},"state":"ready","started":1789485000.046,"log_file_size":0,"command":"[shell-plugin]","script":"","uid":"","gid":"","kill":"all"}]
[1789485000.049][2026-09-15 08:10:00][subbas-macbook-air.local][4306][Job][debug][9][Choosing server for job: jmu2t5yzy444fgwx][]
[1789485000.05][2026-09-15 08:10:00][subbas-macbook-air.local][4306][Job][debug][9][Initial target servers to choose from: 1][{"job":"jmu2t5yzy444fgwx","server_ids":["smu2svkrvihxgeos"]}]
[1789485000.05][2026-09-15 08:10:00][subbas-macbook-air.local][4306][Job][debug][9][Filtered by online and enabled: 1][{"job":"jmu2t5yzy444fgwx","server_ids":["smu2svkrvihxgeos"]}]
[1789485000.05][2026-09-15 08:10:00][subbas-macbook-air.local][4306][Job][debug][9][Filtered by active alerts: 1][{"job":"jmu2t5yzy444fgwx","server_ids":["smu2svkrvihxgeos"]}]
[1789485000.05][2026-09-15 08:10:00][subbas-macbook-air.local][4306][Job][debug][9][Filtered by server maxJobs: 1][{"job":"jmu2t5yzy444fgwx","weight":1,"server_ids":["smu2svkrvihxgeos"]}]
[1789485000.05][2026-09-15 08:10:00][subbas-macbook-air.local][4306][Job][debug][8][Chose server for job][{"server_id":"smu2svkrvihxgeos","server_hostname":"subbas-macbook-air.local","job_id":"jmu2t5yzy444fgwx","algo":"random"}]
[1789485000.051][2026-09-15 08:10:00][subbas-macbook-air.local][4306][Job][debug][6][Job jmu2t5yzy444fgwx Meta: Chosen server: Subbas-MacBook-Air.local (random)][]
[1789485000.053][2026-09-15 08:10:00][subbas-macbook-air.local][4306][Job][debug][6][Job jmu2t5yzy444fgwx Meta: Moving job state from {starting} to {active}][]
[1789485000.054][2026-09-15 08:10:00][subbas-macbook-air.local][4306][Job][debug][6][Job jmu2t5yzy444fgwx Meta: Sending launch command to remote server][]
[1789485000.087][2026-09-15 08:10:00][subbas-macbook-air.local][4306][Job][debug][6][Job jmu2t5yzy444fgwx Meta: Spawned child process: PID 9654][{"server":"smu2svkrvihxgeos"}]
[1789485000.104][2026-09-15 08:10:00][subbas-macbook-air.local][4306][Job][debug][6][Job jmu2t5z1j4clmucl Meta: xyOps job starting: #jmu2t5z1j4clmucl][]
[1789485000.104][2026-09-15 08:10:00][subbas-macbook-air.local][4306][Job][debug][6][Job jmu2t5z1j4clmucl Meta: Source: Scheduler][]
[1789485000.104][2026-09-15 08:10:00][subbas-macbook-air.local][4306][Job][debug][6][Job jmu2t5z1j4clmucl Meta: Event ID: #emu2t3vr62wcc00v][]
[1789485000.104][2026-09-15 08:10:00][subbas-macbook-air.local][4306][Job][debug][6][Starting job][{"targets":["main"],"params":{"script":"#!/bin/bash\n\n/Users/sreddy/projects/showmeedge/batch-jobs/market-news-analysis-on-youtube/bloomberg-youtube/run.sh","annotate":false},"fields":[],"limits":[{"type":"job","enabled":true,"amount":1},{"type":"queue","enabled":true,"amount":0},{"type":"retry","enabled":true,"amount":0,"duration":0}],"actions":[{"enabled":true,"hidden":false,"condition":"error","type":"snapshot","source":"universal"}],"notes":"","category":"general","plugin":"shellplug","icon":"","tags":[],"expression":"","algo":"random","username":"admin","now":1789485000,"source":"scheduler","event":"emu2t3vr62wcc00v","id":"jmu2t5z1j4clmucl","env":{},"state":"ready","started":1789485000.104,"log_file_size":0,"command":"[shell-plugin]","script":"","uid":"","gid":"","kill":"all"}]
[1789485000.104][2026-09-15 08:10:00][subbas-macbook-air.local][4306][Job][debug][9][Choosing server for job: jmu2t5z1j4clmucl][]
[1789485000.105][2026-09-15 08:10:00][subbas-macbook-air.local][4306][Job][debug][9][Initial target servers to choose from: 1][{"job":"jmu2t5z1j4clmucl","server_ids":["smu2svkrvihxgeos"]}]
[1789485000.105][2026-09-15 08:10:00][subbas-macbook-air.local][4306][Job][debug][9][Filtered by online and enabled: 1][{"job":"jmu2t5z1j4clmucl","server_ids":["smu2svkrvihxgeos"]}]
[1789485000.105][2026-09-15 08:10:00][subbas-macbook-air.local][4306][Job][debug][9][Filtered by active alerts: 1][{"job":"jmu2t5z1j4clmucl","server_ids":["smu2svkrvihxgeos"]}]
[1789485000.105][2026-09-15 08:10:00][subbas-macbook-air.local][4306][Job][debug][9][Filtered by server maxJobs: 1][{"job":"jmu2t5z1j4clmucl","weight":1,"server_ids":["smu2svkrvihxgeos"]}]
[1789485000.105][2026-09-15 08:10:00][subbas-macbook-air.local][4306][Job][debug][8][Chose server for job][{"server_id":"smu2svkrvihxgeos","server_hostname":"subbas-macbook-air.local","job_id":"jmu2t5z1j4clmucl","algo":"random"}]
[1789485000.105][2026-09-15 08:10:00][subbas-macbook-air.local][4306][Job][debug][6][Job jmu2t5z1j4clmucl Meta: Chosen server: Subbas-MacBook-Air.local (random)][]
[1789485000.106][2026-09-15 08:10:00][subbas-macbook-air.local][4306][Job][debug][6][Job jmu2t5z1j4clmucl Meta: Moving job state from {starting} to {active}][]
[1789485000.106][2026-09-15 08:10:00][subbas-macbook-air.local][4306][Job][debug][6][Job jmu2t5z1j4clmucl Meta: Sending launch command to remote server][]
[1789485000.116][2026-09-15 08:10:00][subbas-macbook-air.local][4306][Job][debug][6][Job jmu2t5z1j4clmucl Meta: Spawned child process: PID 9655][{"server":"smu2svkrvihxgeos"}]
[1789485004.241][2026-09-15 08:10:04][subbas-macbook-air.local][4306][Job][debug][6][Job jmu2t5yzy444fgwx Meta: Child exited with code: 0][{"server":"smu2svkrvihxgeos"}]
[1789485004.241][2026-09-15 08:10:04][subbas-macbook-air.local][4306][Job][debug][6][Job jmu2t5yzy444fgwx Meta: Job is finishing][{"server":"smu2svkrvihxgeos"}]
[1789485004.252][2026-09-15 08:10:04][subbas-macbook-air.local][4306][Job][debug][6][Job jmu2t5yzy444fgwx Meta: Executing job error action: snapshot][]
[1789485004.252][2026-09-15 08:10:04][subbas-macbook-air.local][4306][Job][debug][6][Job jmu2t5yzy444fgwx Meta: Taking snapshot of server: #smu2svkrvihxgeos][]
[1789485004.264][2026-09-15 08:10:04][subbas-macbook-air.local][4306][Job][debug][6][Job jmu2t5yzy444fgwx Meta: Job failed: Script exited with code: 1: Downloading cpython-3.12.13-macos-aarch64-none (download) (23.8MiB) (1)][]
[1789485004.272][2026-09-15 08:10:04][subbas-macbook-air.local][4306][Job][debug][6][Job is fully indexed in the DB: jmu2t5yzy444fgwx][]
[1789485004.273][2026-09-15 08:10:04][subbas-macbook-air.local][4306][Job][debug][6][Job is complete and final: jmu2t5yzy444fgwx][]
[1789485020.96][2026-09-15 08:10:20][subbas-macbook-air.local][4306][Job][debug][6][Job jmu2t5z1j4clmucl Meta: Child exited with code: 0][{"server":"smu2svkrvihxgeos"}]
[1789485020.96][2026-09-15 08:10:20][subbas-macbook-air.local][4306][Job][debug][6][Job jmu2t5z1j4clmucl Meta: Job is finishing][{"server":"smu2svkrvihxgeos"}]
[1789485020.964][2026-09-15 08:10:20][subbas-macbook-air.local][4306][Job][debug][6][Job jmu2t5z1j4clmucl Meta: Job completed successfully.][]
[1789485020.972][2026-09-15 08:10:20][subbas-macbook-air.local][4306][Job][debug][6][Job is fully indexed in the DB: jmu2t5z1j4clmucl][]
[1789485020.972][2026-09-15 08:10:20][subbas-macbook-air.local][4306][Job][debug][6][Job is complete and final: jmu2t5z1j4clmucl][]
[1789485600.027][2026-09-15 08:20:00][subbas-macbook-air.local][4306][Job][debug][6][Job jmu2tity2blzas2d Meta: xyOps job starting: #jmu2tity2blzas2d][]
[1789485600.028][2026-09-15 08:20:00][subbas-macbook-air.local][4306][Job][debug][6][Job jmu2tity2blzas2d Meta: Source: Scheduler][]
[1789485600.029][2026-09-15 08:20:00][subbas-macbook-air.local][4306][Job][debug][6][Job jmu2tity2blzas2d Meta: Event ID: #emu2sckyhuzou1hh][]
[1789485600.029][2026-09-15 08:20:00][subbas-macbook-air.local][4306][Job][debug][6][Starting job][{"targets":["main"],"params":{"script":"#!/bin/bash\n\n# Enter your shell script code here\n/Users/sreddy/projects/showmeedge/batch-jobs/market-news-analysis-on-youtube/bloomberg-youtube/run.sh","annotate":false},"fields":[],"limits":[{"type":"job","enabled":true,"amount":1},{"type":"queue","enabled":true,"amount":0},{"type":"retry","enabled":true,"amount":0,"duration":0}],"actions":[{"enabled":true,"hidden":false,"condition":"error","type":"snapshot","source":"universal"}],"notes":"","category":"general","plugin":"shellplug","icon":"","tags":[],"expression":"","algo":"random","username":"admin","now":1789485600,"source":"scheduler","event":"emu2sckyhuzou1hh","id":"jmu2tity2blzas2d","env":{},"state":"ready","started":1789485600.026,"log_file_size":0,"command":"[shell-plugin]","script":"","uid":"","gid":"","kill":"all"}]
[1789485600.029][2026-09-15 08:20:00][subbas-macbook-air.local][4306][Job][debug][9][Choosing server for job: jmu2tity2blzas2d][]
[1789485600.03][2026-09-15 08:20:00][subbas-macbook-air.local][4306][Job][debug][9][Initial target servers to choose from: 1][{"job":"jmu2tity2blzas2d","server_ids":["smu2svkrvihxgeos"]}]
[1789485600.03][2026-09-15 08:20:00][subbas-macbook-air.local][4306][Job][debug][9][Filtered by online and enabled: 1][{"job":"jmu2tity2blzas2d","server_ids":["smu2svkrvihxgeos"]}]
[1789485600.03][2026-09-15 08:20:00][subbas-macbook-air.local][4306][Job][debug][9][Filtered by active alerts: 1][{"job":"jmu2tity2blzas2d","server_ids":["smu2svkrvihxgeos"]}]
[1789485600.031][2026-09-15 08:20:00][subbas-macbook-air.local][4306][Job][debug][9][Filtered by server maxJobs: 1][{"job":"jmu2tity2blzas2d","weight":1,"server_ids":["smu2svkrvihxgeos"]}]
[1789485600.031][2026-09-15 08:20:00][subbas-macbook-air.local][4306][Job][debug][8][Chose server for job][{"server_id":"smu2svkrvihxgeos","server_hostname":"subbas-macbook-air.local","job_id":"jmu2tity2blzas2d","algo":"random"}]
[1789485600.031][2026-09-15 08:20:00][subbas-macbook-air.local][4306][Job][debug][6][Job jmu2tity2blzas2d Meta: Chosen server: Subbas-MacBook-Air.local (random)][]
[1789485600.036][2026-09-15 08:20:00][subbas-macbook-air.local][4306][Job][debug][6][Job jmu2tity2blzas2d Meta: Moving job state from {starting} to {active}][]
[1789485600.036][2026-09-15 08:20:00][subbas-macbook-air.local][4306][Job][debug][6][Job jmu2tity2blzas2d Meta: Sending launch command to remote server][]
[1789485600.056][2026-09-15 08:20:00][subbas-macbook-air.local][4306][Job][debug][6][Job jmu2tity2blzas2d Meta: Spawned child process: PID 16890][{"server":"smu2svkrvihxgeos"}]
[1789485600.086][2026-09-15 08:20:00][subbas-macbook-air.local][4306][Job][debug][6][Job jmu2titzqbt2uuyt Meta: xyOps job starting: #jmu2titzqbt2uuyt][]
[1789485600.087][2026-09-15 08:20:00][subbas-macbook-air.local][4306][Job][debug][6][Job jmu2titzqbt2uuyt Meta: Source: Scheduler][]
[1789485600.087][2026-09-15 08:20:00][subbas-macbook-air.local][4306][Job][debug][6][Job jmu2titzqbt2uuyt Meta: Event ID: #emu2t3vr62wcc00v][]
[1789485600.087][2026-09-15 08:20:00][subbas-macbook-air.local][4306][Job][debug][6][Starting job][{"targets":["main"],"params":{"script":"#!/bin/bash\n\n/Users/sreddy/projects/showmeedge/batch-jobs/market-news-analysis-on-youtube/bloomberg-youtube/run.sh","annotate":false},"fields":[],"limits":[{"type":"job","enabled":true,"amount":1},{"type":"queue","enabled":true,"amount":0},{"type":"retry","enabled":true,"amount":0,"duration":0}],"actions":[{"enabled":true,"hidden":false,"condition":"error","type":"snapshot","source":"universal"}],"notes":"","category":"general","plugin":"shellplug","icon":"","tags":[],"expression":"","algo":"random","username":"admin","now":1789485600,"source":"scheduler","event":"emu2t3vr62wcc00v","id":"jmu2titzqbt2uuyt","env":{},"state":"ready","started":1789485600.086,"log_file_size":0,"command":"[shell-plugin]","script":"","uid":"","gid":"","kill":"all"}]
[1789485600.087][2026-09-15 08:20:00][subbas-macbook-air.local][4306][Job][debug][9][Choosing server for job: jmu2titzqbt2uuyt][]
[1789485600.087][2026-09-15 08:20:00][subbas-macbook-air.local][4306][Job][debug][9][Initial target servers to choose from: 1][{"job":"jmu2titzqbt2uuyt","server_ids":["smu2svkrvihxgeos"]}]
[1789485600.087][2026-09-15 08:20:00][subbas-macbook-air.local][4306][Job][debug][9][Filtered by online and enabled: 1][{"job":"jmu2titzqbt2uuyt","server_ids":["smu2svkrvihxgeos"]}]
[1789485600.087][2026-09-15 08:20:00][subbas-macbook-air.local][4306][Job][debug][9][Filtered by active alerts: 1][{"job":"jmu2titzqbt2uuyt","server_ids":["smu2svkrvihxgeos"]}]
[1789485600.087][2026-09-15 08:20:00][subbas-macbook-air.local][4306][Job][debug][9][Filtered by server maxJobs: 1][{"job":"jmu2titzqbt2uuyt","weight":1,"server_ids":["smu2svkrvihxgeos"]}]
[1789485600.087][2026-09-15 08:20:00][subbas-macbook-air.local][4306][Job][debug][8][Chose server for job][{"server_id":"smu2svkrvihxgeos","server_hostname":"subbas-macbook-air.local","job_id":"jmu2titzqbt2uuyt","algo":"random"}]
[1789485600.087][2026-09-15 08:20:00][subbas-macbook-air.local][4306][Job][debug][6][Job jmu2titzqbt2uuyt Meta: Chosen server: Subbas-MacBook-Air.local (random)][]
[1789485600.087][2026-09-15 08:20:00][subbas-macbook-air.local][4306][Job][debug][6][Job jmu2titzqbt2uuyt Meta: Moving job state from {starting} to {active}][]
[1789485600.087][2026-09-15 08:20:00][subbas-macbook-air.local][4306][Job][debug][6][Job jmu2titzqbt2uuyt Meta: Sending launch command to remote server][]
[1789485600.093][2026-09-15 08:20:00][subbas-macbook-air.local][4306][Job][debug][6][Job jmu2titzqbt2uuyt Meta: Spawned child process: PID 16891][{"server":"smu2svkrvihxgeos"}]
[1789485600.629][2026-09-15 08:20:00][subbas-macbook-air.local][4306][Job][debug][6][Job jmu2tity2blzas2d Meta: Child exited with code: 0][{"server":"smu2svkrvihxgeos"}]
[1789485600.629][2026-09-15 08:20:00][subbas-macbook-air.local][4306][Job][debug][6][Job jmu2tity2blzas2d Meta: Job is finishing][{"server":"smu2svkrvihxgeos"}]
[1789485600.635][2026-09-15 08:20:00][subbas-macbook-air.local][4306][Job][debug][6][Job jmu2tity2blzas2d Meta: Executing job error action: snapshot][]
[1789485600.636][2026-09-15 08:20:00][subbas-macbook-air.local][4306][Job][debug][6][Job jmu2tity2blzas2d Meta: Taking snapshot of server: #smu2svkrvihxgeos][]
[1789485600.645][2026-09-15 08:20:00][subbas-macbook-air.local][4306][Job][debug][6][Job jmu2tity2blzas2d Meta: Job failed: Script exited with code: 1: Another Bloomberg metadata scan is already running. (1)][]
[1789485600.654][2026-09-15 08:20:00][subbas-macbook-air.local][4306][Job][debug][6][Job is fully indexed in the DB: jmu2tity2blzas2d][]
[1789485600.654][2026-09-15 08:20:00][subbas-macbook-air.local][4306][Job][debug][6][Job is complete and final: jmu2tity2blzas2d][]
[1789485601.64][2026-09-15 08:20:01][subbas-macbook-air.local][4306][Job][debug][6][Job jmu2titzqbt2uuyt Meta: Child exited with code: 0][{"server":"smu2svkrvihxgeos"}]
[1789485601.64][2026-09-15 08:20:01][subbas-macbook-air.local][4306][Job][debug][6][Job jmu2titzqbt2uuyt Meta: Job is finishing][{"server":"smu2svkrvihxgeos"}]
[1789485601.643][2026-09-15 08:20:01][subbas-macbook-air.local][4306][Job][debug][6][Job jmu2titzqbt2uuyt Meta: Job completed successfully.][]
[1789485601.652][2026-09-15 08:20:01][subbas-macbook-air.local][4306][Job][debug][6][Job is fully indexed in the DB: jmu2titzqbt2uuyt][]
[1789485601.652][2026-09-15 08:20:01][subbas-macbook-air.local][4306][Job][debug][6][Job is complete and final: jmu2titzqbt2uuyt][]
[1789486200.051][2026-09-15 08:30:00][subbas-macbook-air.local][4306][Job][debug][6][Job jmu2tvoxfj9ru706 Meta: xyOps job starting: #jmu2tvoxfj9ru706][]
[1789486200.052][2026-09-15 08:30:00][subbas-macbook-air.local][4306][Job][debug][6][Job jmu2tvoxfj9ru706 Meta: Source: Scheduler][]
[1789486200.052][2026-09-15 08:30:00][subbas-macbook-air.local][4306][Job][debug][6][Job jmu2tvoxfj9ru706 Meta: Event ID: #emu2sckyhuzou1hh][]
[1789486200.052][2026-09-15 08:30:00][subbas-macbook-air.local][4306][Job][debug][6][Starting job][{"targets":["main"],"params":{"script":"#!/bin/bash\n\n# Enter your shell script code here\n/Users/sreddy/projects/showmeedge/batch-jobs/market-news-analysis-on-youtube/bloomberg-youtube/run.sh","annotate":false},"fields":[],"limits":[{"type":"job","enabled":true,"amount":1},{"type":"queue","enabled":true,"amount":0},{"type":"retry","enabled":true,"amount":0,"duration":0}],"actions":[{"enabled":true,"hidden":false,"condition":"error","type":"snapshot","source":"universal"}],"notes":"","category":"general","plugin":"shellplug","icon":"","tags":[],"expression":"","algo":"random","username":"admin","now":1789486200,"source":"scheduler","event":"emu2sckyhuzou1hh","id":"jmu2tvoxfj9ru706","env":{},"state":"ready","started":1789486200.051,"log_file_size":0,"command":"[shell-plugin]","script":"","uid":"","gid":"","kill":"all"}]
[1789486200.052][2026-09-15 08:30:00][subbas-macbook-air.local][4306][Job][debug][9][Choosing server for job: jmu2tvoxfj9ru706][]
[1789486200.052][2026-09-15 08:30:00][subbas-macbook-air.local][4306][Job][debug][9][Initial target servers to choose from: 1][{"job":"jmu2tvoxfj9ru706","server_ids":["smu2svkrvihxgeos"]}]
[1789486200.053][2026-09-15 08:30:00][subbas-macbook-air.local][4306][Job][debug][9][Filtered by online and enabled: 1][{"job":"jmu2tvoxfj9ru706","server_ids":["smu2svkrvihxgeos"]}]
[1789486200.053][2026-09-15 08:30:00][subbas-macbook-air.local][4306][Job][debug][9][Filtered by active alerts: 1][{"job":"jmu2tvoxfj9ru706","server_ids":["smu2svkrvihxgeos"]}]
[1789486200.053][2026-09-15 08:30:00][subbas-macbook-air.local][4306][Job][debug][9][Filtered by server maxJobs: 1][{"job":"jmu2tvoxfj9ru706","weight":1,"server_ids":["smu2svkrvihxgeos"]}]
[1789486200.053][2026-09-15 08:30:00][subbas-macbook-air.local][4306][Job][debug][8][Chose server for job][{"server_id":"smu2svkrvihxgeos","server_hostname":"subbas-macbook-air.local","job_id":"jmu2tvoxfj9ru706","algo":"random"}]
[1789486200.053][2026-09-15 08:30:00][subbas-macbook-air.local][4306][Job][debug][6][Job jmu2tvoxfj9ru706 Meta: Chosen server: Subbas-MacBook-Air.local (random)][]
[1789486200.055][2026-09-15 08:30:00][subbas-macbook-air.local][4306][Job][debug][6][Job jmu2tvoxfj9ru706 Meta: Moving job state from {starting} to {active}][]
[1789486200.055][2026-09-15 08:30:00][subbas-macbook-air.local][4306][Job][debug][6][Job jmu2tvoxfj9ru706 Meta: Sending launch command to remote server][]
[1789486200.07][2026-09-15 08:30:00][subbas-macbook-air.local][4306][Job][debug][6][Job jmu2tvoxfj9ru706 Meta: Spawned child process: PID 23784][{"server":"smu2svkrvihxgeos"}]
[1789486200.106][2026-09-15 08:30:00][subbas-macbook-air.local][4306][Job][debug][6][Job jmu2tvoyyjh03zum Meta: xyOps job starting: #jmu2tvoyyjh03zum][]
[1789486200.106][2026-09-15 08:30:00][subbas-macbook-air.local][4306][Job][debug][6][Job jmu2tvoyyjh03zum Meta: Source: Scheduler][]
[1789486200.106][2026-09-15 08:30:00][subbas-macbook-air.local][4306][Job][debug][6][Job jmu2tvoyyjh03zum Meta: Event ID: #emu2t3vr62wcc00v][]
[1789486200.106][2026-09-15 08:30:00][subbas-macbook-air.local][4306][Job][debug][6][Starting job][{"targets":["main"],"params":{"script":"#!/bin/bash\n\nsudo -u sreddy /Users/sreddy/projects/showmeedge/batch-jobs/market-news-analysis-on-youtube/bloomberg-youtube/run.sh","annotate":false},"fields":[],"limits":[{"type":"job","enabled":true,"amount":1},{"type":"queue","enabled":true,"amount":0},{"type":"retry","enabled":true,"amount":0,"duration":0}],"actions":[{"enabled":true,"hidden":false,"condition":"error","type":"snapshot","source":"universal"}],"notes":"","category":"general","plugin":"shellplug","icon":"","tags":[],"expression":"","algo":"random","username":"admin","now":1789486200,"source":"scheduler","event":"emu2t3vr62wcc00v","id":"jmu2tvoyyjh03zum","env":{},"state":"ready","started":1789486200.106,"log_file_size":0,"command":"[shell-plugin]","script":"","uid":"","gid":"","kill":"all"}]
[1789486200.106][2026-09-15 08:30:00][subbas-macbook-air.local][4306][Job][debug][9][Choosing server for job: jmu2tvoyyjh03zum][]
[1789486200.106][2026-09-15 08:30:00][subbas-macbook-air.local][4306][Job][debug][9][Initial target servers to choose from: 1][{"job":"jmu2tvoyyjh03zum","server_ids":["smu2svkrvihxgeos"]}]
[1789486200.107][2026-09-15 08:30:00][subbas-macbook-air.local][4306][Job][debug][9][Filtered by online and enabled: 1][{"job":"jmu2tvoyyjh03zum","server_ids":["smu2svkrvihxgeos"]}]
[1789486200.107][2026-09-15 08:30:00][subbas-macbook-air.local][4306][Job][debug][9][Filtered by active alerts: 1][{"job":"jmu2tvoyyjh03zum","server_ids":["smu2svkrvihxgeos"]}]
[1789486200.107][2026-09-15 08:30:00][subbas-macbook-air.local][4306][Job][debug][9][Filtered by server maxJobs: 1][{"job":"jmu2tvoyyjh03zum","weight":1,"server_ids":["smu2svkrvihxgeos"]}]
[1789486200.107][2026-09-15 08:30:00][subbas-macbook-air.local][4306][Job][debug][8][Chose server for job][{"server_id":"smu2svkrvihxgeos","server_hostname":"subbas-macbook-air.local","job_id":"jmu2tvoyyjh03zum","algo":"random"}]
[1789486200.107][2026-09-15 08:30:00][subbas-macbook-air.local][4306][Job][debug][6][Job jmu2tvoyyjh03zum Meta: Chosen server: Subbas-MacBook-Air.local (random)][]
[1789486200.107][2026-09-15 08:30:00][subbas-macbook-air.local][4306][Job][debug][6][Job jmu2tvoyyjh03zum Meta: Moving job state from {starting} to {active}][]
[1789486200.107][2026-09-15 08:30:00][subbas-macbook-air.local][4306][Job][debug][6][Job jmu2tvoyyjh03zum Meta: Sending launch command to remote server][]
[1789486200.114][2026-09-15 08:30:00][subbas-macbook-air.local][4306][Job][debug][6][Job jmu2tvoyyjh03zum Meta: Spawned child process: PID 23785][{"server":"smu2svkrvihxgeos"}]
[1789486200.526][2026-09-15 08:30:00][subbas-macbook-air.local][4306][Job][debug][6][Job jmu2tvoyyjh03zum Meta: Child exited with code: 0][{"server":"smu2svkrvihxgeos"}]
[1789486200.526][2026-09-15 08:30:00][subbas-macbook-air.local][4306][Job][debug][6][Job jmu2tvoyyjh03zum Meta: Job is finishing][{"server":"smu2svkrvihxgeos"}]
[1789486200.534][2026-09-15 08:30:00][subbas-macbook-air.local][4306][Job][debug][6][Job jmu2tvoyyjh03zum Meta: Executing job error action: snapshot][]
[1789486200.534][2026-09-15 08:30:00][subbas-macbook-air.local][4306][Job][debug][6][Job jmu2tvoyyjh03zum Meta: Taking snapshot of server: #smu2svkrvihxgeos][]
[1789486200.544][2026-09-15 08:30:00][subbas-macbook-air.local][4306][Job][debug][6][Job jmu2tvoyyjh03zum Meta: Job failed: Script exited with code: 1: shell-init: error retrieving current directory: getcwd: cannot access parent directories: Permission denied (1)][]
[1789486200.552][2026-09-15 08:30:00][subbas-macbook-air.local][4306][Job][debug][6][Job is fully indexed in the DB: jmu2tvoyyjh03zum][]
[1789486200.552][2026-09-15 08:30:00][subbas-macbook-air.local][4306][Job][debug][6][Job is complete and final: jmu2tvoyyjh03zum][]
[1789486204.895][2026-09-15 08:30:04][subbas-macbook-air.local][4306][Job][debug][6][Job jmu2tvoxfj9ru706 Meta: Child exited with code: 0][{"server":"smu2svkrvihxgeos"}]
[1789486204.896][2026-09-15 08:30:04][subbas-macbook-air.local][4306][Job][debug][6][Job jmu2tvoxfj9ru706 Meta: Job is finishing][{"server":"smu2svkrvihxgeos"}]
[1789486204.9][2026-09-15 08:30:04][subbas-macbook-air.local][4306][Job][debug][6][Job jmu2tvoxfj9ru706 Meta: Job completed successfully.][]
[1789486204.911][2026-09-15 08:30:04][subbas-macbook-air.local][4306][Job][debug][6][Job is fully indexed in the DB: jmu2tvoxfj9ru706][]
[1789486204.911][2026-09-15 08:30:04][subbas-macbook-air.local][4306][Job][debug][6][Job is complete and final: jmu2tvoxfj9ru706][]
[1789487400.061][2026-09-15 08:50:00][subbas-macbook-air.local][4306][Job][debug][6][Job jmu2ulev0uo65fam Meta: xyOps job starting: #jmu2ulev0uo65fam][]
[1789487400.063][2026-09-15 08:50:00][subbas-macbook-air.local][4306][Job][debug][6][Job jmu2ulev0uo65fam Meta: Source: Scheduler][]
[1789487400.065][2026-09-15 08:50:00][subbas-macbook-air.local][4306][Job][debug][6][Job jmu2ulev0uo65fam Meta: Event ID: #emu2sckyhuzou1hh][]
[1789487400.065][2026-09-15 08:50:00][subbas-macbook-air.local][4306][Job][debug][6][Starting job][{"targets":["main"],"params":{"script":"#!/bin/bash\n\n# Enter your shell script code here\n/Users/sreddy/projects/showmeedge/batch-jobs/market-news-analysis-on-youtube/bloomberg-youtube/run.sh","annotate":false},"fields":[],"limits":[{"type":"job","enabled":true,"amount":1},{"type":"queue","enabled":true,"amount":0},{"type":"retry","enabled":true,"amount":0,"duration":0}],"actions":[{"enabled":true,"hidden":false,"condition":"error","type":"snapshot","source":"universal"}],"notes":"","category":"general","plugin":"shellplug","icon":"","tags":[],"expression":"","algo":"random","username":"admin","now":1789487400,"source":"scheduler","event":"emu2sckyhuzou1hh","id":"jmu2ulev0uo65fam","env":{},"state":"ready","started":1789487400.061,"log_file_size":0,"command":"[shell-plugin]","script":"","uid":"","gid":"","kill":"all"}]
[1789487400.066][2026-09-15 08:50:00][subbas-macbook-air.local][4306][Job][debug][9][Choosing server for job: jmu2ulev0uo65fam][]
[1789487400.066][2026-09-15 08:50:00][subbas-macbook-air.local][4306][Job][debug][9][Initial target servers to choose from: 1][{"job":"jmu2ulev0uo65fam","server_ids":["smu2svkrvihxgeos"]}]
[1789487400.067][2026-09-15 08:50:00][subbas-macbook-air.local][4306][Job][debug][9][Filtered by online and enabled: 1][{"job":"jmu2ulev0uo65fam","server_ids":["smu2svkrvihxgeos"]}]
[1789487400.067][2026-09-15 08:50:00][subbas-macbook-air.local][4306][Job][debug][9][Filtered by active alerts: 1][{"job":"jmu2ulev0uo65fam","server_ids":["smu2svkrvihxgeos"]}]
[1789487400.067][2026-09-15 08:50:00][subbas-macbook-air.local][4306][Job][debug][9][Filtered by server maxJobs: 1][{"job":"jmu2ulev0uo65fam","weight":1,"server_ids":["smu2svkrvihxgeos"]}]
[1789487400.067][2026-09-15 08:50:00][subbas-macbook-air.local][4306][Job][debug][8][Chose server for job][{"server_id":"smu2svkrvihxgeos","server_hostname":"subbas-macbook-air.local","job_id":"jmu2ulev0uo65fam","algo":"random"}]
[1789487400.067][2026-09-15 08:50:00][subbas-macbook-air.local][4306][Job][debug][6][Job jmu2ulev0uo65fam Meta: Chosen server: Subbas-MacBook-Air.local (random)][]
[1789487400.074][2026-09-15 08:50:00][subbas-macbook-air.local][4306][Job][debug][6][Job jmu2ulev0uo65fam Meta: Moving job state from {starting} to {active}][]
[1789487400.075][2026-09-15 08:50:00][subbas-macbook-air.local][4306][Job][debug][6][Job jmu2ulev0uo65fam Meta: Sending launch command to remote server][]
[1789487400.101][2026-09-15 08:50:00][subbas-macbook-air.local][4306][Job][debug][6][Job jmu2ulev0uo65fam Meta: Spawned child process: PID 35794][{"server":"smu2svkrvihxgeos"}]
[1789487400.125][2026-09-15 08:50:00][subbas-macbook-air.local][4306][Job][debug][6][Job jmu2ulewtuw8xmrj Meta: xyOps job starting: #jmu2ulewtuw8xmrj][]
[1789487400.125][2026-09-15 08:50:00][subbas-macbook-air.local][4306][Job][debug][6][Job jmu2ulewtuw8xmrj Meta: Source: Scheduler][]
[1789487400.125][2026-09-15 08:50:00][subbas-macbook-air.local][4306][Job][debug][6][Job jmu2ulewtuw8xmrj Meta: Event ID: #emu2t3vr62wcc00v][]
[1789487400.125][2026-09-15 08:50:00][subbas-macbook-air.local][4306][Job][debug][6][Starting job][{"targets":["main"],"params":{"script":"#!/bin/bash\n\nsudo -u sreddy /Users/sreddy/projects/showmeedge/batch-jobs/market-news-analysis-on-youtube/bloomberg-youtube/run.sh","annotate":false},"fields":[],"limits":[{"type":"job","enabled":true,"amount":1},{"type":"queue","enabled":true,"amount":0},{"type":"retry","enabled":true,"amount":0,"duration":0}],"actions":[{"enabled":true,"hidden":false,"condition":"error","type":"snapshot","source":"universal"}],"notes":"","category":"general","plugin":"shellplug","icon":"","tags":[],"expression":"","algo":"random","username":"admin","now":1789487400,"source":"scheduler","event":"emu2t3vr62wcc00v","id":"jmu2ulewtuw8xmrj","env":{},"state":"ready","started":1789487400.125,"log_file_size":0,"command":"[shell-plugin]","script":"","uid":"","gid":"","kill":"all"}]
[1789487400.125][2026-09-15 08:50:00][subbas-macbook-air.local][4306][Job][debug][9][Choosing server for job: jmu2ulewtuw8xmrj][]
[1789487400.125][2026-09-15 08:50:00][subbas-macbook-air.local][4306][Job][debug][9][Initial target servers to choose from: 1][{"job":"jmu2ulewtuw8xmrj","server_ids":["smu2svkrvihxgeos"]}]
[1789487400.125][2026-09-15 08:50:00][subbas-macbook-air.local][4306][Job][debug][9][Filtered by online and enabled: 1][{"job":"jmu2ulewtuw8xmrj","server_ids":["smu2svkrvihxgeos"]}]
[1789487400.125][2026-09-15 08:50:00][subbas-macbook-air.local][4306][Job][debug][9][Filtered by active alerts: 1][{"job":"jmu2ulewtuw8xmrj","server_ids":["smu2svkrvihxgeos"]}]
[1789487400.125][2026-09-15 08:50:00][subbas-macbook-air.local][4306][Job][debug][9][Filtered by server maxJobs: 1][{"job":"jmu2ulewtuw8xmrj","weight":1,"server_ids":["smu2svkrvihxgeos"]}]
[1789487400.125][2026-09-15 08:50:00][subbas-macbook-air.local][4306][Job][debug][8][Chose server for job][{"server_id":"smu2svkrvihxgeos","server_hostname":"subbas-macbook-air.local","job_id":"jmu2ulewtuw8xmrj","algo":"random"}]
[1789487400.126][2026-09-15 08:50:00][subbas-macbook-air.local][4306][Job][debug][6][Job jmu2ulewtuw8xmrj Meta: Chosen server: Subbas-MacBook-Air.local (random)][]
[1789487400.126][2026-09-15 08:50:00][subbas-macbook-air.local][4306][Job][debug][6][Job jmu2ulewtuw8xmrj Meta: Moving job state from {starting} to {active}][]
[1789487400.126][2026-09-15 08:50:00][subbas-macbook-air.local][4306][Job][debug][6][Job jmu2ulewtuw8xmrj Meta: Sending launch command to remote server][]
[1789487400.136][2026-09-15 08:50:00][subbas-macbook-air.local][4306][Job][debug][6][Job jmu2ulewtuw8xmrj Meta: Spawned child process: PID 35795][{"server":"smu2svkrvihxgeos"}]
[1789487400.584][2026-09-15 08:50:00][subbas-macbook-air.local][4306][Job][debug][6][Job jmu2ulewtuw8xmrj Meta: Child exited with code: 0][{"server":"smu2svkrvihxgeos"}]
[1789487400.584][2026-09-15 08:50:00][subbas-macbook-air.local][4306][Job][debug][6][Job jmu2ulewtuw8xmrj Meta: Job is finishing][{"server":"smu2svkrvihxgeos"}]
[1789487400.592][2026-09-15 08:50:00][subbas-macbook-air.local][4306][Job][debug][6][Job jmu2ulewtuw8xmrj Meta: Executing job error action: snapshot][]
[1789487400.592][2026-09-15 08:50:00][subbas-macbook-air.local][4306][Job][debug][6][Job jmu2ulewtuw8xmrj Meta: Taking snapshot of server: #smu2svkrvihxgeos][]
[1789487400.603][2026-09-15 08:50:00][subbas-macbook-air.local][4306][Job][debug][6][Job jmu2ulewtuw8xmrj Meta: Job failed: Script exited with code: 1: shell-init: error retrieving current directory: getcwd: cannot access parent directories: Permission denied (1)][]
[1789487400.613][2026-09-15 08:50:00][subbas-macbook-air.local][4306][Job][debug][6][Job is fully indexed in the DB: jmu2ulewtuw8xmrj][]
[1789487400.613][2026-09-15 08:50:00][subbas-macbook-air.local][4306][Job][debug][6][Job is complete and final: jmu2ulewtuw8xmrj][]
[1789487401.707][2026-09-15 08:50:01][subbas-macbook-air.local][4306][Job][debug][6][Job jmu2ulev0uo65fam Meta: Child exited with code: 0][{"server":"smu2svkrvihxgeos"}]
[1789487401.707][2026-09-15 08:50:01][subbas-macbook-air.local][4306][Job][debug][6][Job jmu2ulev0uo65fam Meta: Job is finishing][{"server":"smu2svkrvihxgeos"}]
[1789487401.709][2026-09-15 08:50:01][subbas-macbook-air.local][4306][Job][debug][6][Job jmu2ulev0uo65fam Meta: Job completed successfully.][]
[1789487401.716][2026-09-15 08:50:01][subbas-macbook-air.local][4306][Job][debug][6][Job is fully indexed in the DB: jmu2ulev0uo65fam][]
[1789487401.716][2026-09-15 08:50:01][subbas-macbook-air.local][4306][Job][debug][6][Job is complete and final: jmu2ulev0uo65fam][]
[1789488000.056][2026-09-15 09:00:00][subbas-macbook-air.local][4306][Job][debug][6][Job jmu2uy9tj211zwhn Meta: xyOps job starting: #jmu2uy9tj211zwhn][]
[1789488000.057][2026-09-15 09:00:00][subbas-macbook-air.local][4306][Job][debug][6][Job jmu2uy9tj211zwhn Meta: Source: Scheduler][]
[1789488000.057][2026-09-15 09:00:00][subbas-macbook-air.local][4306][Job][debug][6][Job jmu2uy9tj211zwhn Meta: Event ID: #emu2sckyhuzou1hh][]
[1789488000.057][2026-09-15 09:00:00][subbas-macbook-air.local][4306][Job][debug][6][Starting job][{"targets":["main"],"params":{"script":"#!/bin/bash\n\n# Enter your shell script code here\n/Users/sreddy/projects/showmeedge/batch-jobs/market-news-analysis-on-youtube/bloomberg-youtube/run.sh","annotate":false},"fields":[],"limits":[{"type":"job","enabled":true,"amount":1},{"type":"queue","enabled":true,"amount":0},{"type":"retry","enabled":true,"amount":0,"duration":0}],"actions":[{"enabled":true,"hidden":false,"condition":"error","type":"snapshot","source":"universal"}],"notes":"","category":"general","plugin":"shellplug","icon":"","tags":[],"expression":"","algo":"random","username":"admin","now":1789488000,"source":"scheduler","event":"emu2sckyhuzou1hh","id":"jmu2uy9tj211zwhn","env":{},"state":"ready","started":1789488000.056,"log_file_size":0,"command":"[shell-plugin]","script":"","uid":"","gid":"","kill":"all"}]
[1789488000.057][2026-09-15 09:00:00][subbas-macbook-air.local][4306][Job][debug][9][Choosing server for job: jmu2uy9tj211zwhn][]
[1789488000.058][2026-09-15 09:00:00][subbas-macbook-air.local][4306][Job][debug][9][Initial target servers to choose from: 1][{"job":"jmu2uy9tj211zwhn","server_ids":["smu2svkrvihxgeos"]}]
[1789488000.058][2026-09-15 09:00:00][subbas-macbook-air.local][4306][Job][debug][9][Filtered by online and enabled: 1][{"job":"jmu2uy9tj211zwhn","server_ids":["smu2svkrvihxgeos"]}]
[1789488000.058][2026-09-15 09:00:00][subbas-macbook-air.local][4306][Job][debug][9][Filtered by active alerts: 1][{"job":"jmu2uy9tj211zwhn","server_ids":["smu2svkrvihxgeos"]}]
[1789488000.058][2026-09-15 09:00:00][subbas-macbook-air.local][4306][Job][debug][9][Filtered by server maxJobs: 1][{"job":"jmu2uy9tj211zwhn","weight":1,"server_ids":["smu2svkrvihxgeos"]}]
[1789488000.058][2026-09-15 09:00:00][subbas-macbook-air.local][4306][Job][debug][8][Chose server for job][{"server_id":"smu2svkrvihxgeos","server_hostname":"subbas-macbook-air.local","job_id":"jmu2uy9tj211zwhn","algo":"random"}]
[1789488000.058][2026-09-15 09:00:00][subbas-macbook-air.local][4306][Job][debug][6][Job jmu2uy9tj211zwhn Meta: Chosen server: Subbas-MacBook-Air.local (random)][]
[1789488000.06][2026-09-15 09:00:00][subbas-macbook-air.local][4306][Job][debug][6][Job jmu2uy9tj211zwhn Meta: Moving job state from {starting} to {active}][]
[1789488000.061][2026-09-15 09:00:00][subbas-macbook-air.local][4306][Job][debug][6][Job jmu2uy9tj211zwhn Meta: Sending launch command to remote server][]
[1789488000.081][2026-09-15 09:00:00][subbas-macbook-air.local][4306][Job][debug][6][Job jmu2uy9tj211zwhn Meta: Spawned child process: PID 42696][{"server":"smu2svkrvihxgeos"}]
[1789488000.111][2026-09-15 09:00:00][subbas-macbook-air.local][4306][Job][debug][6][Job jmu2uy9v329g0h04 Meta: xyOps job starting: #jmu2uy9v329g0h04][]
[1789488000.111][2026-09-15 09:00:00][subbas-macbook-air.local][4306][Job][debug][6][Job jmu2uy9v329g0h04 Meta: Source: Scheduler][]
[1789488000.111][2026-09-15 09:00:00][subbas-macbook-air.local][4306][Job][debug][6][Job jmu2uy9v329g0h04 Meta: Event ID: #emu2t3vr62wcc00v][]
[1789488000.111][2026-09-15 09:00:00][subbas-macbook-air.local][4306][Job][debug][6][Starting job][{"targets":["main"],"params":{"script":"#!/bin/bash\n\nsudo -u sreddy /Users/sreddy/projects/showmeedge/batch-jobs/market-news-analysis-on-youtube/bloomberg-youtube/run.sh","annotate":false},"fields":[],"limits":[{"type":"job","enabled":true,"amount":1},{"type":"queue","enabled":true,"amount":0},{"type":"retry","enabled":true,"amount":0,"duration":0}],"actions":[{"enabled":true,"hidden":false,"condition":"error","type":"snapshot","source":"universal"}],"notes":"","category":"general","plugin":"shellplug","icon":"","tags":[],"expression":"","algo":"random","username":"admin","now":1789488000,"source":"scheduler","event":"emu2t3vr62wcc00v","id":"jmu2uy9v329g0h04","env":{},"state":"ready","started":1789488000.111,"log_file_size":0,"command":"[shell-plugin]","script":"","uid":"","gid":"","kill":"all"}]
[1789488000.111][2026-09-15 09:00:00][subbas-macbook-air.local][4306][Job][debug][9][Choosing server for job: jmu2uy9v329g0h04][]
[1789488000.112][2026-09-15 09:00:00][subbas-macbook-air.local][4306][Job][debug][9][Initial target servers to choose from: 1][{"job":"jmu2uy9v329g0h04","server_ids":["smu2svkrvihxgeos"]}]
[1789488000.112][2026-09-15 09:00:00][subbas-macbook-air.local][4306][Job][debug][9][Filtered by online and enabled: 1][{"job":"jmu2uy9v329g0h04","server_ids":["smu2svkrvihxgeos"]}]
[1789488000.112][2026-09-15 09:00:00][subbas-macbook-air.local][4306][Job][debug][9][Filtered by active alerts: 1][{"job":"jmu2uy9v329g0h04","server_ids":["smu2svkrvihxgeos"]}]
[1789488000.112][2026-09-15 09:00:00][subbas-macbook-air.local][4306][Job][debug][9][Filtered by server maxJobs: 1][{"job":"jmu2uy9v329g0h04","weight":1,"server_ids":["smu2svkrvihxgeos"]}]
[1789488000.112][2026-09-15 09:00:00][subbas-macbook-air.local][4306][Job][debug][8][Chose server for job][{"server_id":"smu2svkrvihxgeos","server_hostname":"subbas-macbook-air.local","job_id":"jmu2uy9v329g0h04","algo":"random"}]
[1789488000.112][2026-09-15 09:00:00][subbas-macbook-air.local][4306][Job][debug][6][Job jmu2uy9v329g0h04 Meta: Chosen server: Subbas-MacBook-Air.local (random)][]
[1789488000.112][2026-09-15 09:00:00][subbas-macbook-air.local][4306][Job][debug][6][Job jmu2uy9v329g0h04 Meta: Moving job state from {starting} to {active}][]
[1789488000.112][2026-09-15 09:00:00][subbas-macbook-air.local][4306][Job][debug][6][Job jmu2uy9v329g0h04 Meta: Sending launch command to remote server][]
[1789488000.122][2026-09-15 09:00:00][subbas-macbook-air.local][4306][Job][debug][6][Job jmu2uy9v329g0h04 Meta: Spawned child process: PID 42697][{"server":"smu2svkrvihxgeos"}]
[1789488000.485][2026-09-15 09:00:00][subbas-macbook-air.local][4306][Job][debug][6][Job jmu2uy9v329g0h04 Meta: Child exited with code: 0][{"server":"smu2svkrvihxgeos"}]
[1789488000.485][2026-09-15 09:00:00][subbas-macbook-air.local][4306][Job][debug][6][Job jmu2uy9v329g0h04 Meta: Job is finishing][{"server":"smu2svkrvihxgeos"}]
[1789488000.492][2026-09-15 09:00:00][subbas-macbook-air.local][4306][Job][debug][6][Job jmu2uy9v329g0h04 Meta: Executing job error action: snapshot][]
[1789488000.492][2026-09-15 09:00:00][subbas-macbook-air.local][4306][Job][debug][6][Job jmu2uy9v329g0h04 Meta: Taking snapshot of server: #smu2svkrvihxgeos][]
[1789488000.504][2026-09-15 09:00:00][subbas-macbook-air.local][4306][Job][debug][6][Job jmu2uy9v329g0h04 Meta: Job failed: Script exited with code: 1: shell-init: error retrieving current directory: getcwd: cannot access parent directories: Permission denied (1)][]
[1789488000.513][2026-09-15 09:00:00][subbas-macbook-air.local][4306][Job][debug][6][Job is fully indexed in the DB: jmu2uy9v329g0h04][]
[1789488000.513][2026-09-15 09:00:00][subbas-macbook-air.local][4306][Job][debug][6][Job is complete and final: jmu2uy9v329g0h04][]
[1789488001.513][2026-09-15 09:00:01][subbas-macbook-air.local][4306][Job][debug][6][Job jmu2uy9tj211zwhn Meta: Child exited with code: 0][{"server":"smu2svkrvihxgeos"}]
[1789488001.514][2026-09-15 09:00:01][subbas-macbook-air.local][4306][Job][debug][6][Job jmu2uy9tj211zwhn Meta: Job is finishing][{"server":"smu2svkrvihxgeos"}]
[1789488001.516][2026-09-15 09:00:01][subbas-macbook-air.local][4306][Job][debug][6][Job jmu2uy9tj211zwhn Meta: Job completed successfully.][]
[1789488001.523][2026-09-15 09:00:01][subbas-macbook-air.local][4306][Job][debug][6][Job is fully indexed in the DB: jmu2uy9tj211zwhn][]
[1789488001.523][2026-09-15 09:00:01][subbas-macbook-air.local][4306][Job][debug][6][Job is complete and final: jmu2uy9tj211zwhn][]
[1789488600.046][2026-09-15 09:10:00][subbas-macbook-air.local][4306][Job][debug][6][Job jmu2vb4rx9e9c1ko Meta: xyOps job starting: #jmu2vb4rx9e9c1ko][]
[1789488600.047][2026-09-15 09:10:00][subbas-macbook-air.local][4306][Job][debug][6][Job jmu2vb4rx9e9c1ko Meta: Source: Scheduler][]
[1789488600.048][2026-09-15 09:10:00][subbas-macbook-air.local][4306][Job][debug][6][Job jmu2vb4rx9e9c1ko Meta: Event ID: #emu2sckyhuzou1hh][]
[1789488600.048][2026-09-15 09:10:00][subbas-macbook-air.local][4306][Job][debug][6][Starting job][{"targets":["main"],"params":{"script":"#!/bin/bash\n\n# Enter your shell script code here\n/Users/sreddy/projects/showmeedge/batch-jobs/market-news-analysis-on-youtube/bloomberg-youtube/run.sh","annotate":false},"fields":[],"limits":[{"type":"job","enabled":true,"amount":1},{"type":"queue","enabled":true,"amount":0},{"type":"retry","enabled":true,"amount":0,"duration":0}],"actions":[{"enabled":true,"hidden":false,"condition":"error","type":"snapshot","source":"universal"}],"notes":"","category":"general","plugin":"shellplug","icon":"","tags":[],"expression":"","algo":"random","username":"admin","now":1789488600,"source":"scheduler","event":"emu2sckyhuzou1hh","id":"jmu2vb4rx9e9c1ko","env":{},"state":"ready","started":1789488600.045,"log_file_size":0,"command":"[shell-plugin]","script":"","uid":"","gid":"","kill":"all"}]
[1789488600.048][2026-09-15 09:10:00][subbas-macbook-air.local][4306][Job][debug][9][Choosing server for job: jmu2vb4rx9e9c1ko][]
[1789488600.048][2026-09-15 09:10:00][subbas-macbook-air.local][4306][Job][debug][9][Initial target servers to choose from: 1][{"job":"jmu2vb4rx9e9c1ko","server_ids":["smu2svkrvihxgeos"]}]
[1789488600.049][2026-09-15 09:10:00][subbas-macbook-air.local][4306][Job][debug][9][Filtered by online and enabled: 1][{"job":"jmu2vb4rx9e9c1ko","server_ids":["smu2svkrvihxgeos"]}]
[1789488600.049][2026-09-15 09:10:00][subbas-macbook-air.local][4306][Job][debug][9][Filtered by active alerts: 1][{"job":"jmu2vb4rx9e9c1ko","server_ids":["smu2svkrvihxgeos"]}]
[1789488600.049][2026-09-15 09:10:00][subbas-macbook-air.local][4306][Job][debug][9][Filtered by server maxJobs: 1][{"job":"jmu2vb4rx9e9c1ko","weight":1,"server_ids":["smu2svkrvihxgeos"]}]
[1789488600.05][2026-09-15 09:10:00][subbas-macbook-air.local][4306][Job][debug][8][Chose server for job][{"server_id":"smu2svkrvihxgeos","server_hostname":"subbas-macbook-air.local","job_id":"jmu2vb4rx9e9c1ko","algo":"random"}]
[1789488600.05][2026-09-15 09:10:00][subbas-macbook-air.local][4306][Job][debug][6][Job jmu2vb4rx9e9c1ko Meta: Chosen server: Subbas-MacBook-Air.local (random)][]
[1789488600.053][2026-09-15 09:10:00][subbas-macbook-air.local][4306][Job][debug][6][Job jmu2vb4rx9e9c1ko Meta: Moving job state from {starting} to {active}][]
[1789488600.054][2026-09-15 09:10:00][subbas-macbook-air.local][4306][Job][debug][6][Job jmu2vb4rx9e9c1ko Meta: Sending launch command to remote server][]
[1789488600.073][2026-09-15 09:10:00][subbas-macbook-air.local][4306][Job][debug][6][Job jmu2vb4rx9e9c1ko Meta: Spawned child process: PID 49771][{"server":"smu2svkrvihxgeos"}]
[1789488600.105][2026-09-15 09:10:00][subbas-macbook-air.local][4306][Job][debug][6][Job jmu2vb4tl9minz6p Meta: xyOps job starting: #jmu2vb4tl9minz6p][]
[1789488600.105][2026-09-15 09:10:00][subbas-macbook-air.local][4306][Job][debug][6][Job jmu2vb4tl9minz6p Meta: Source: Scheduler][]
[1789488600.105][2026-09-15 09:10:00][subbas-macbook-air.local][4306][Job][debug][6][Job jmu2vb4tl9minz6p Meta: Event ID: #emu2t3vr62wcc00v][]
[1789488600.105][2026-09-15 09:10:00][subbas-macbook-air.local][4306][Job][debug][6][Starting job][{"targets":["main"],"params":{"script":"#!/bin/bash\n\nsudo -u sreddy /Users/sreddy/projects/showmeedge/batch-jobs/market-news-analysis-on-youtube/bloomberg-youtube/run.sh","annotate":false},"fields":[],"limits":[{"type":"job","enabled":true,"amount":1},{"type":"queue","enabled":true,"amount":0},{"type":"retry","enabled":true,"amount":0,"duration":0}],"actions":[{"enabled":true,"hidden":false,"condition":"error","type":"snapshot","source":"universal"}],"notes":"","category":"general","plugin":"shellplug","icon":"","tags":[],"expression":"","algo":"random","username":"admin","now":1789488600,"source":"scheduler","event":"emu2t3vr62wcc00v","id":"jmu2vb4tl9minz6p","env":{},"state":"ready","started":1789488600.105,"log_file_size":0,"command":"[shell-plugin]","script":"","uid":"","gid":"","kill":"all"}]
[1789488600.105][2026-09-15 09:10:00][subbas-macbook-air.local][4306][Job][debug][9][Choosing server for job: jmu2vb4tl9minz6p][]
[1789488600.105][2026-09-15 09:10:00][subbas-macbook-air.local][4306][Job][debug][9][Initial target servers to choose from: 1][{"job":"jmu2vb4tl9minz6p","server_ids":["smu2svkrvihxgeos"]}]
[1789488600.105][2026-09-15 09:10:00][subbas-macbook-air.local][4306][Job][debug][9][Filtered by online and enabled: 1][{"job":"jmu2vb4tl9minz6p","server_ids":["smu2svkrvihxgeos"]}]
[1789488600.105][2026-09-15 09:10:00][subbas-macbook-air.local][4306][Job][debug][9][Filtered by active alerts: 1][{"job":"jmu2vb4tl9minz6p","server_ids":["smu2svkrvihxgeos"]}]
[1789488600.105][2026-09-15 09:10:00][subbas-macbook-air.local][4306][Job][debug][9][Filtered by server maxJobs: 1][{"job":"jmu2vb4tl9minz6p","weight":1,"server_ids":["smu2svkrvihxgeos"]}]
[1789488600.105][2026-09-15 09:10:00][subbas-macbook-air.local][4306][Job][debug][8][Chose server for job][{"server_id":"smu2svkrvihxgeos","server_hostname":"subbas-macbook-air.local","job_id":"jmu2vb4tl9minz6p","algo":"random"}]
[1789488600.105][2026-09-15 09:10:00][subbas-macbook-air.local][4306][Job][debug][6][Job jmu2vb4tl9minz6p Meta: Chosen server: Subbas-MacBook-Air.local (random)][]
[1789488600.106][2026-09-15 09:10:00][subbas-macbook-air.local][4306][Job][debug][6][Job jmu2vb4tl9minz6p Meta: Moving job state from {starting} to {active}][]
[1789488600.106][2026-09-15 09:10:00][subbas-macbook-air.local][4306][Job][debug][6][Job jmu2vb4tl9minz6p Meta: Sending launch command to remote server][]
[1789488600.112][2026-09-15 09:10:00][subbas-macbook-air.local][4306][Job][debug][6][Job jmu2vb4tl9minz6p Meta: Spawned child process: PID 49772][{"server":"smu2svkrvihxgeos"}]
[1789488600.5][2026-09-15 09:10:00][subbas-macbook-air.local][4306][Job][debug][6][Job jmu2vb4tl9minz6p Meta: Child exited with code: 0][{"server":"smu2svkrvihxgeos"}]
[1789488600.5][2026-09-15 09:10:00][subbas-macbook-air.local][4306][Job][debug][6][Job jmu2vb4tl9minz6p Meta: Job is finishing][{"server":"smu2svkrvihxgeos"}]
[1789488600.506][2026-09-15 09:10:00][subbas-macbook-air.local][4306][Job][debug][6][Job jmu2vb4tl9minz6p Meta: Executing job error action: snapshot][]
[1789488600.506][2026-09-15 09:10:00][subbas-macbook-air.local][4306][Job][debug][6][Job jmu2vb4tl9minz6p Meta: Taking snapshot of server: #smu2svkrvihxgeos][]
[1789488600.516][2026-09-15 09:10:00][subbas-macbook-air.local][4306][Job][debug][6][Job jmu2vb4tl9minz6p Meta: Job failed: Script exited with code: 1: shell-init: error retrieving current directory: getcwd: cannot access parent directories: Permission denied (1)][]
[1789488600.529][2026-09-15 09:10:00][subbas-macbook-air.local][4306][Job][debug][6][Job is fully indexed in the DB: jmu2vb4tl9minz6p][]
[1789488600.529][2026-09-15 09:10:00][subbas-macbook-air.local][4306][Job][debug][6][Job is complete and final: jmu2vb4tl9minz6p][]
[1789488601.587][2026-09-15 09:10:01][subbas-macbook-air.local][4306][Job][debug][6][Job jmu2vb4rx9e9c1ko Meta: Child exited with code: 0][{"server":"smu2svkrvihxgeos"}]
[1789488601.587][2026-09-15 09:10:01][subbas-macbook-air.local][4306][Job][debug][6][Job jmu2vb4rx9e9c1ko Meta: Job is finishing][{"server":"smu2svkrvihxgeos"}]
[1789488601.589][2026-09-15 09:10:01][subbas-macbook-air.local][4306][Job][debug][6][Job jmu2vb4rx9e9c1ko Meta: Job completed successfully.][]
[1789488601.597][2026-09-15 09:10:01][subbas-macbook-air.local][4306][Job][debug][6][Job is fully indexed in the DB: jmu2vb4rx9e9c1ko][]
[1789488601.597][2026-09-15 09:10:01][subbas-macbook-air.local][4306][Job][debug][6][Job is complete and final: jmu2vb4rx9e9c1ko][]
[1789489200.052][2026-09-15 09:20:00][subbas-macbook-air.local][4306][Job][debug][6][Job jmu2vnzqrgtkk151 Meta: xyOps job starting: #jmu2vnzqrgtkk151][]
[1789489200.053][2026-09-15 09:20:00][subbas-macbook-air.local][4306][Job][debug][6][Job jmu2vnzqrgtkk151 Meta: Source: Scheduler][]
[1789489200.053][2026-09-15 09:20:00][subbas-macbook-air.local][4306][Job][debug][6][Job jmu2vnzqrgtkk151 Meta: Event ID: #emu2sckyhuzou1hh][]
[1789489200.053][2026-09-15 09:20:00][subbas-macbook-air.local][4306][Job][debug][6][Starting job][{"targets":["main"],"params":{"script":"#!/bin/bash\n\n# Enter your shell script code here\n/Users/sreddy/projects/showmeedge/batch-jobs/market-news-analysis-on-youtube/bloomberg-youtube/run.sh","annotate":false},"fields":[],"limits":[{"type":"job","enabled":true,"amount":1},{"type":"queue","enabled":true,"amount":0},{"type":"retry","enabled":true,"amount":0,"duration":0}],"actions":[{"enabled":true,"hidden":false,"condition":"error","type":"snapshot","source":"universal"}],"notes":"","category":"general","plugin":"shellplug","icon":"","tags":[],"expression":"","algo":"random","username":"admin","now":1789489200,"source":"scheduler","event":"emu2sckyhuzou1hh","id":"jmu2vnzqrgtkk151","env":{},"state":"ready","started":1789489200.051,"log_file_size":0,"command":"[shell-plugin]","script":"","uid":"","gid":"","kill":"all"}]
[1789489200.053][2026-09-15 09:20:00][subbas-macbook-air.local][4306][Job][debug][9][Choosing server for job: jmu2vnzqrgtkk151][]
[1789489200.053][2026-09-15 09:20:00][subbas-macbook-air.local][4306][Job][debug][9][Initial target servers to choose from: 1][{"job":"jmu2vnzqrgtkk151","server_ids":["smu2svkrvihxgeos"]}]
[1789489200.053][2026-09-15 09:20:00][subbas-macbook-air.local][4306][Job][debug][9][Filtered by online and enabled: 1][{"job":"jmu2vnzqrgtkk151","server_ids":["smu2svkrvihxgeos"]}]
[1789489200.054][2026-09-15 09:20:00][subbas-macbook-air.local][4306][Job][debug][9][Filtered by active alerts: 1][{"job":"jmu2vnzqrgtkk151","server_ids":["smu2svkrvihxgeos"]}]
[1789489200.054][2026-09-15 09:20:00][subbas-macbook-air.local][4306][Job][debug][9][Filtered by server maxJobs: 1][{"job":"jmu2vnzqrgtkk151","weight":1,"server_ids":["smu2svkrvihxgeos"]}]
[1789489200.054][2026-09-15 09:20:00][subbas-macbook-air.local][4306][Job][debug][8][Chose server for job][{"server_id":"smu2svkrvihxgeos","server_hostname":"subbas-macbook-air.local","job_id":"jmu2vnzqrgtkk151","algo":"random"}]
[1789489200.054][2026-09-15 09:20:00][subbas-macbook-air.local][4306][Job][debug][6][Job jmu2vnzqrgtkk151 Meta: Chosen server: Subbas-MacBook-Air.local (random)][]
[1789489200.057][2026-09-15 09:20:00][subbas-macbook-air.local][4306][Job][debug][6][Job jmu2vnzqrgtkk151 Meta: Moving job state from {starting} to {active}][]
[1789489200.057][2026-09-15 09:20:00][subbas-macbook-air.local][4306][Job][debug][6][Job jmu2vnzqrgtkk151 Meta: Sending launch command to remote server][]
[1789489200.083][2026-09-15 09:20:00][subbas-macbook-air.local][4306][Job][debug][6][Job jmu2vnzqrgtkk151 Meta: Spawned child process: PID 56807][{"server":"smu2svkrvihxgeos"}]
[1789489200.108][2026-09-15 09:20:00][subbas-macbook-air.local][4306][Job][debug][6][Job jmu2vnzsch1em1kl Meta: xyOps job starting: #jmu2vnzsch1em1kl][]
[1789489200.108][2026-09-15 09:20:00][subbas-macbook-air.local][4306][Job][debug][6][Job jmu2vnzsch1em1kl Meta: Source: Scheduler][]
[1789489200.108][2026-09-15 09:20:00][subbas-macbook-air.local][4306][Job][debug][6][Job jmu2vnzsch1em1kl Meta: Event ID: #emu2t3vr62wcc00v][]
[1789489200.108][2026-09-15 09:20:00][subbas-macbook-air.local][4306][Job][debug][6][Starting job][{"targets":["main"],"params":{"script":"#!/bin/bash\n\nsudo -u sreddy /Users/sreddy/projects/showmeedge/batch-jobs/market-news-analysis-on-youtube/bloomberg-youtube/run.sh","annotate":false},"fields":[],"limits":[{"type":"job","enabled":true,"amount":1},{"type":"queue","enabled":true,"amount":0},{"type":"retry","enabled":true,"amount":0,"duration":0}],"actions":[{"enabled":true,"hidden":false,"condition":"error","type":"snapshot","source":"universal"}],"notes":"","category":"general","plugin":"shellplug","icon":"","tags":[],"expression":"","algo":"random","username":"admin","now":1789489200,"source":"scheduler","event":"emu2t3vr62wcc00v","id":"jmu2vnzsch1em1kl","env":{},"state":"ready","started":1789489200.108,"log_file_size":0,"command":"[shell-plugin]","script":"","uid":"","gid":"","kill":"all"}]
[1789489200.108][2026-09-15 09:20:00][subbas-macbook-air.local][4306][Job][debug][9][Choosing server for job: jmu2vnzsch1em1kl][]
[1789489200.108][2026-09-15 09:20:00][subbas-macbook-air.local][4306][Job][debug][9][Initial target servers to choose from: 1][{"job":"jmu2vnzsch1em1kl","server_ids":["smu2svkrvihxgeos"]}]
[1789489200.108][2026-09-15 09:20:00][subbas-macbook-air.local][4306][Job][debug][9][Filtered by online and enabled: 1][{"job":"jmu2vnzsch1em1kl","server_ids":["smu2svkrvihxgeos"]}]
[1789489200.108][2026-09-15 09:20:00][subbas-macbook-air.local][4306][Job][debug][9][Filtered by active alerts: 1][{"job":"jmu2vnzsch1em1kl","server_ids":["smu2svkrvihxgeos"]}]
[1789489200.108][2026-09-15 09:20:00][subbas-macbook-air.local][4306][Job][debug][9][Filtered by server maxJobs: 1][{"job":"jmu2vnzsch1em1kl","weight":1,"server_ids":["smu2svkrvihxgeos"]}]
[1789489200.108][2026-09-15 09:20:00][subbas-macbook-air.local][4306][Job][debug][8][Chose server for job][{"server_id":"smu2svkrvihxgeos","server_hostname":"subbas-macbook-air.local","job_id":"jmu2vnzsch1em1kl","algo":"random"}]
[1789489200.108][2026-09-15 09:20:00][subbas-macbook-air.local][4306][Job][debug][6][Job jmu2vnzsch1em1kl Meta: Chosen server: Subbas-MacBook-Air.local (random)][]
[1789489200.109][2026-09-15 09:20:00][subbas-macbook-air.local][4306][Job][debug][6][Job jmu2vnzsch1em1kl Meta: Moving job state from {starting} to {active}][]
[1789489200.109][2026-09-15 09:20:00][subbas-macbook-air.local][4306][Job][debug][6][Job jmu2vnzsch1em1kl Meta: Sending launch command to remote server][]
[1789489200.127][2026-09-15 09:20:00][subbas-macbook-air.local][4306][Job][debug][6][Job jmu2vnzsch1em1kl Meta: Spawned child process: PID 56808][{"server":"smu2svkrvihxgeos"}]
[1789489200.508][2026-09-15 09:20:00][subbas-macbook-air.local][4306][Job][debug][6][Job jmu2vnzsch1em1kl Meta: Child exited with code: 0][{"server":"smu2svkrvihxgeos"}]
[1789489200.508][2026-09-15 09:20:00][subbas-macbook-air.local][4306][Job][debug][6][Job jmu2vnzsch1em1kl Meta: Job is finishing][{"server":"smu2svkrvihxgeos"}]
[1789489200.514][2026-09-15 09:20:00][subbas-macbook-air.local][4306][Job][debug][6][Job jmu2vnzsch1em1kl Meta: Executing job error action: snapshot][]
[1789489200.514][2026-09-15 09:20:00][subbas-macbook-air.local][4306][Job][debug][6][Job jmu2vnzsch1em1kl Meta: Taking snapshot of server: #smu2svkrvihxgeos][]
[1789489200.53][2026-09-15 09:20:00][subbas-macbook-air.local][4306][Job][debug][6][Job jmu2vnzsch1em1kl Meta: Job failed: Script exited with code: 1: shell-init: error retrieving current directory: getcwd: cannot access parent directories: Permission denied (1)][]
[1789489200.538][2026-09-15 09:20:00][subbas-macbook-air.local][4306][Job][debug][6][Job is fully indexed in the DB: jmu2vnzsch1em1kl][]
[1789489200.538][2026-09-15 09:20:00][subbas-macbook-air.local][4306][Job][debug][6][Job is complete and final: jmu2vnzsch1em1kl][]
[1789489203.427][2026-09-15 09:20:03][subbas-macbook-air.local][4306][Job][debug][6][Job jmu2vnzqrgtkk151 Meta: Child exited with code: 0][{"server":"smu2svkrvihxgeos"}]
[1789489203.427][2026-09-15 09:20:03][subbas-macbook-air.local][4306][Job][debug][6][Job jmu2vnzqrgtkk151 Meta: Job is finishing][{"server":"smu2svkrvihxgeos"}]
[1789489203.43][2026-09-15 09:20:03][subbas-macbook-air.local][4306][Job][debug][6][Job jmu2vnzqrgtkk151 Meta: Job completed successfully.][]
[1789489203.439][2026-09-15 09:20:03][subbas-macbook-air.local][4306][Job][debug][6][Job is fully indexed in the DB: jmu2vnzqrgtkk151][]
[1789489203.439][2026-09-15 09:20:03][subbas-macbook-air.local][4306][Job][debug][6][Job is complete and final: jmu2vnzqrgtkk151][]
[1789489800.045][2026-09-15 09:30:00][subbas-macbook-air.local][4306][Job][debug][6][Job jmu2w0up8o83ro6z Meta: xyOps job starting: #jmu2w0up8o83ro6z][]
[1789489800.046][2026-09-15 09:30:00][subbas-macbook-air.local][4306][Job][debug][6][Job jmu2w0up8o83ro6z Meta: Source: Scheduler][]
[1789489800.047][2026-09-15 09:30:00][subbas-macbook-air.local][4306][Job][debug][6][Job jmu2w0up8o83ro6z Meta: Event ID: #emu2sckyhuzou1hh][]
[1789489800.047][2026-09-15 09:30:00][subbas-macbook-air.local][4306][Job][debug][6][Starting job][{"targets":["main"],"params":{"script":"#!/bin/bash\n\n# Enter your shell script code here\n/Users/sreddy/projects/showmeedge/batch-jobs/market-news-analysis-on-youtube/bloomberg-youtube/run.sh","annotate":false},"fields":[],"limits":[{"type":"job","enabled":true,"amount":1},{"type":"queue","enabled":true,"amount":0},{"type":"retry","enabled":true,"amount":0,"duration":0}],"actions":[{"enabled":true,"hidden":false,"condition":"error","type":"snapshot","source":"universal"}],"notes":"","category":"general","plugin":"shellplug","icon":"","tags":[],"expression":"","algo":"random","username":"admin","now":1789489800,"source":"scheduler","event":"emu2sckyhuzou1hh","id":"jmu2w0up8o83ro6z","env":{},"state":"ready","started":1789489800.045,"log_file_size":0,"command":"[shell-plugin]","script":"","uid":"","gid":"","kill":"all"}]
[1789489800.047][2026-09-15 09:30:00][subbas-macbook-air.local][4306][Job][debug][9][Choosing server for job: jmu2w0up8o83ro6z][]
[1789489800.047][2026-09-15 09:30:00][subbas-macbook-air.local][4306][Job][debug][9][Initial target servers to choose from: 1][{"job":"jmu2w0up8o83ro6z","server_ids":["smu2svkrvihxgeos"]}]
[1789489800.048][2026-09-15 09:30:00][subbas-macbook-air.local][4306][Job][debug][9][Filtered by online and enabled: 1][{"job":"jmu2w0up8o83ro6z","server_ids":["smu2svkrvihxgeos"]}]
[1789489800.048][2026-09-15 09:30:00][subbas-macbook-air.local][4306][Job][debug][9][Filtered by active alerts: 1][{"job":"jmu2w0up8o83ro6z","server_ids":["smu2svkrvihxgeos"]}]
[1789489800.048][2026-09-15 09:30:00][subbas-macbook-air.local][4306][Job][debug][9][Filtered by server maxJobs: 1][{"job":"jmu2w0up8o83ro6z","weight":1,"server_ids":["smu2svkrvihxgeos"]}]
[1789489800.048][2026-09-15 09:30:00][subbas-macbook-air.local][4306][Job][debug][8][Chose server for job][{"server_id":"smu2svkrvihxgeos","server_hostname":"subbas-macbook-air.local","job_id":"jmu2w0up8o83ro6z","algo":"random"}]
[1789489800.049][2026-09-15 09:30:00][subbas-macbook-air.local][4306][Job][debug][6][Job jmu2w0up8o83ro6z Meta: Chosen server: Subbas-MacBook-Air.local (random)][]
[1789489800.051][2026-09-15 09:30:00][subbas-macbook-air.local][4306][Job][debug][6][Job jmu2w0up8o83ro6z Meta: Moving job state from {starting} to {active}][]
[1789489800.052][2026-09-15 09:30:00][subbas-macbook-air.local][4306][Job][debug][6][Job jmu2w0up8o83ro6z Meta: Sending launch command to remote server][]
[1789489800.07][2026-09-15 09:30:00][subbas-macbook-air.local][4306][Job][debug][6][Job jmu2w0up8o83ro6z Meta: Spawned child process: PID 64452][{"server":"smu2svkrvihxgeos"}]
[1789489800.101][2026-09-15 09:30:00][subbas-macbook-air.local][4306][Job][debug][6][Job jmu2w0uqtoge2v4f Meta: xyOps job starting: #jmu2w0uqtoge2v4f][]
[1789489800.102][2026-09-15 09:30:00][subbas-macbook-air.local][4306][Job][debug][6][Job jmu2w0uqtoge2v4f Meta: Source: Scheduler][]
[1789489800.102][2026-09-15 09:30:00][subbas-macbook-air.local][4306][Job][debug][6][Job jmu2w0uqtoge2v4f Meta: Event ID: #emu2t3vr62wcc00v][]
[1789489800.102][2026-09-15 09:30:00][subbas-macbook-air.local][4306][Job][debug][6][Starting job][{"targets":["main"],"params":{"script":"#!/bin/bash\n\nsudo -u sreddy /Users/sreddy/projects/showmeedge/batch-jobs/market-news-analysis-on-youtube/bloomberg-youtube/run.sh","annotate":false},"fields":[],"limits":[{"type":"job","enabled":true,"amount":1},{"type":"queue","enabled":true,"amount":0},{"type":"retry","enabled":true,"amount":0,"duration":0}],"actions":[{"enabled":true,"hidden":false,"condition":"error","type":"snapshot","source":"universal"}],"notes":"","category":"general","plugin":"shellplug","icon":"","tags":[],"expression":"","algo":"random","username":"admin","now":1789489800,"source":"scheduler","event":"emu2t3vr62wcc00v","id":"jmu2w0uqtoge2v4f","env":{},"state":"ready","started":1789489800.101,"log_file_size":0,"command":"[shell-plugin]","script":"","uid":"","gid":"","kill":"all"}]
[1789489800.102][2026-09-15 09:30:00][subbas-macbook-air.local][4306][Job][debug][9][Choosing server for job: jmu2w0uqtoge2v4f][]
[1789489800.102][2026-09-15 09:30:00][subbas-macbook-air.local][4306][Job][debug][9][Initial target servers to choose from: 1][{"job":"jmu2w0uqtoge2v4f","server_ids":["smu2svkrvihxgeos"]}]
[1789489800.102][2026-09-15 09:30:00][subbas-macbook-air.local][4306][Job][debug][9][Filtered by online and enabled: 1][{"job":"jmu2w0uqtoge2v4f","server_ids":["smu2svkrvihxgeos"]}]
[1789489800.102][2026-09-15 09:30:00][subbas-macbook-air.local][4306][Job][debug][9][Filtered by active alerts: 1][{"job":"jmu2w0uqtoge2v4f","server_ids":["smu2svkrvihxgeos"]}]
[1789489800.102][2026-09-15 09:30:00][subbas-macbook-air.local][4306][Job][debug][9][Filtered by server maxJobs: 1][{"job":"jmu2w0uqtoge2v4f","weight":1,"server_ids":["smu2svkrvihxgeos"]}]
[1789489800.102][2026-09-15 09:30:00][subbas-macbook-air.local][4306][Job][debug][8][Chose server for job][{"server_id":"smu2svkrvihxgeos","server_hostname":"subbas-macbook-air.local","job_id":"jmu2w0uqtoge2v4f","algo":"random"}]
[1789489800.102][2026-09-15 09:30:00][subbas-macbook-air.local][4306][Job][debug][6][Job jmu2w0uqtoge2v4f Meta: Chosen server: Subbas-MacBook-Air.local (random)][]
[1789489800.102][2026-09-15 09:30:00][subbas-macbook-air.local][4306][Job][debug][6][Job jmu2w0uqtoge2v4f Meta: Moving job state from {starting} to {active}][]
[1789489800.102][2026-09-15 09:30:00][subbas-macbook-air.local][4306][Job][debug][6][Job jmu2w0uqtoge2v4f Meta: Sending launch command to remote server][]
[1789489800.113][2026-09-15 09:30:00][subbas-macbook-air.local][4306][Job][debug][6][Job jmu2w0uqtoge2v4f Meta: Spawned child process: PID 64457][{"server":"smu2svkrvihxgeos"}]
[1789489800.486][2026-09-15 09:30:00][subbas-macbook-air.local][4306][Job][debug][6][Job jmu2w0uqtoge2v4f Meta: Child exited with code: 0][{"server":"smu2svkrvihxgeos"}]
[1789489800.486][2026-09-15 09:30:00][subbas-macbook-air.local][4306][Job][debug][6][Job jmu2w0uqtoge2v4f Meta: Job is finishing][{"server":"smu2svkrvihxgeos"}]
[1789489800.492][2026-09-15 09:30:00][subbas-macbook-air.local][4306][Job][debug][6][Job jmu2w0uqtoge2v4f Meta: Executing job error action: snapshot][]
[1789489800.492][2026-09-15 09:30:00][subbas-macbook-air.local][4306][Job][debug][6][Job jmu2w0uqtoge2v4f Meta: Taking snapshot of server: #smu2svkrvihxgeos][]
[1789489800.502][2026-09-15 09:30:00][subbas-macbook-air.local][4306][Job][debug][6][Job jmu2w0uqtoge2v4f Meta: Job failed: Script exited with code: 1: shell-init: error retrieving current directory: getcwd: cannot access parent directories: Permission denied (1)][]
[1789489800.51][2026-09-15 09:30:00][subbas-macbook-air.local][4306][Job][debug][6][Job is fully indexed in the DB: jmu2w0uqtoge2v4f][]
[1789489800.51][2026-09-15 09:30:00][subbas-macbook-air.local][4306][Job][debug][6][Job is complete and final: jmu2w0uqtoge2v4f][]
[1789489822.968][2026-09-15 09:30:22][subbas-macbook-air.local][4306][Job][debug][6][Job jmu2w0up8o83ro6z Meta: Child exited with code: 0][{"server":"smu2svkrvihxgeos"}]
[1789489822.968][2026-09-15 09:30:22][subbas-macbook-air.local][4306][Job][debug][6][Job jmu2w0up8o83ro6z Meta: Job is finishing][{"server":"smu2svkrvihxgeos"}]
[1789489822.971][2026-09-15 09:30:22][subbas-macbook-air.local][4306][Job][debug][6][Job jmu2w0up8o83ro6z Meta: Job completed successfully.][]
[1789489822.981][2026-09-15 09:30:22][subbas-macbook-air.local][4306][Job][debug][6][Job is fully indexed in the DB: jmu2w0up8o83ro6z][]
[1789489822.981][2026-09-15 09:30:22][subbas-macbook-air.local][4306][Job][debug][6][Job is complete and final: jmu2w0up8o83ro6z][]
[1789490400.024][2026-09-15 09:40:00][subbas-macbook-air.local][4306][Job][debug][6][Job jmu2wdpncwlzoorq Meta: xyOps job starting: #jmu2wdpncwlzoorq][]
[1789490400.025][2026-09-15 09:40:00][subbas-macbook-air.local][4306][Job][debug][6][Job jmu2wdpncwlzoorq Meta: Source: Scheduler][]
[1789490400.025][2026-09-15 09:40:00][subbas-macbook-air.local][4306][Job][debug][6][Job jmu2wdpncwlzoorq Meta: Event ID: #emu2t3vr62wcc00v][]
[1789490400.025][2026-09-15 09:40:00][subbas-macbook-air.local][4306][Job][debug][6][Starting job][{"targets":["main"],"params":{"script":"#!/bin/bash\n\nsudo -u sreddy /Users/sreddy/projects/showmeedge/batch-jobs/market-news-analysis-on-youtube/bloomberg-youtube/run.sh","annotate":false},"fields":[],"limits":[{"type":"job","enabled":true,"amount":1},{"type":"queue","enabled":true,"amount":0},{"type":"retry","enabled":true,"amount":0,"duration":0}],"actions":[{"enabled":true,"hidden":false,"condition":"error","type":"snapshot","source":"universal"}],"notes":"","category":"general","plugin":"shellplug","icon":"","tags":[],"expression":"","algo":"random","username":"admin","now":1789490400,"source":"scheduler","event":"emu2t3vr62wcc00v","id":"jmu2wdpncwlzoorq","env":{},"state":"ready","started":1789490400.024,"log_file_size":0,"command":"[shell-plugin]","script":"","uid":"","gid":"","kill":"all"}]
[1789490400.025][2026-09-15 09:40:00][subbas-macbook-air.local][4306][Job][debug][9][Choosing server for job: jmu2wdpncwlzoorq][]
[1789490400.026][2026-09-15 09:40:00][subbas-macbook-air.local][4306][Job][debug][9][Initial target servers to choose from: 1][{"job":"jmu2wdpncwlzoorq","server_ids":["smu2svkrvihxgeos"]}]
[1789490400.026][2026-09-15 09:40:00][subbas-macbook-air.local][4306][Job][debug][9][Filtered by online and enabled: 1][{"job":"jmu2wdpncwlzoorq","server_ids":["smu2svkrvihxgeos"]}]
[1789490400.026][2026-09-15 09:40:00][subbas-macbook-air.local][4306][Job][debug][9][Filtered by active alerts: 1][{"job":"jmu2wdpncwlzoorq","server_ids":["smu2svkrvihxgeos"]}]
[1789490400.026][2026-09-15 09:40:00][subbas-macbook-air.local][4306][Job][debug][9][Filtered by server maxJobs: 1][{"job":"jmu2wdpncwlzoorq","weight":1,"server_ids":["smu2svkrvihxgeos"]}]
[1789490400.026][2026-09-15 09:40:00][subbas-macbook-air.local][4306][Job][debug][8][Chose server for job][{"server_id":"smu2svkrvihxgeos","server_hostname":"subbas-macbook-air.local","job_id":"jmu2wdpncwlzoorq","algo":"random"}]
[1789490400.026][2026-09-15 09:40:00][subbas-macbook-air.local][4306][Job][debug][6][Job jmu2wdpncwlzoorq Meta: Chosen server: Subbas-MacBook-Air.local (random)][]
[1789490400.028][2026-09-15 09:40:00][subbas-macbook-air.local][4306][Job][debug][6][Job jmu2wdpncwlzoorq Meta: Moving job state from {starting} to {active}][]
[1789490400.029][2026-09-15 09:40:00][subbas-macbook-air.local][4306][Job][debug][6][Job jmu2wdpncwlzoorq Meta: Sending launch command to remote server][]
[1789490400.051][2026-09-15 09:40:00][subbas-macbook-air.local][4306][Job][debug][6][Job jmu2wdpncwlzoorq Meta: Spawned child process: PID 71683][{"server":"smu2svkrvihxgeos"}]
[1789490400.439][2026-09-15 09:40:00][subbas-macbook-air.local][4306][Job][debug][6][Job jmu2wdpncwlzoorq Meta: Child exited with code: 0][{"server":"smu2svkrvihxgeos"}]
[1789490400.44][2026-09-15 09:40:00][subbas-macbook-air.local][4306][Job][debug][6][Job jmu2wdpncwlzoorq Meta: Job is finishing][{"server":"smu2svkrvihxgeos"}]
[1789490400.446][2026-09-15 09:40:00][subbas-macbook-air.local][4306][Job][debug][6][Job jmu2wdpncwlzoorq Meta: Executing job error action: snapshot][]
[1789490400.446][2026-09-15 09:40:00][subbas-macbook-air.local][4306][Job][debug][6][Job jmu2wdpncwlzoorq Meta: Taking snapshot of server: #smu2svkrvihxgeos][]
[1789490400.455][2026-09-15 09:40:00][subbas-macbook-air.local][4306][Job][debug][6][Job jmu2wdpncwlzoorq Meta: Job failed: Script exited with code: 1: shell-init: error retrieving current directory: getcwd: cannot access parent directories: Permission denied (1)][]
[1789490400.463][2026-09-15 09:40:00][subbas-macbook-air.local][4306][Job][debug][6][Job is fully indexed in the DB: jmu2wdpncwlzoorq][]
[1789490400.463][2026-09-15 09:40:00][subbas-macbook-air.local][4306][Job][debug][6][Job is complete and final: jmu2wdpncwlzoorq][]
