[1789483260.023][2026-09-15 07:41:00][subbas-macbook-air.local][99289][Scheduler][debug][5][Ticking scheduler for timestamp: Tue Sep 15 2026 07:41:00 GMT-0700 (Pacific Daylight Time)][]
[1789483260.024][2026-09-15 07:41:00][subbas-macbook-air.local][99289][Scheduler][debug][9][Scheduler tick complete][]
[1789483320.056][2026-09-15 07:42:00][subbas-macbook-air.local][99289][Scheduler][debug][5][Ticking scheduler for timestamp: Tue Sep 15 2026 07:42:00 GMT-0700 (Pacific Daylight Time)][]
[1789483320.057][2026-09-15 07:42:00][subbas-macbook-air.local][99289][Scheduler][debug][9][Scheduler tick complete][]
[1789483380.009][2026-09-15 07:43:00][subbas-macbook-air.local][99289][Scheduler][debug][5][Ticking scheduler for timestamp: Tue Sep 15 2026 07:43:00 GMT-0700 (Pacific Daylight Time)][]
[1789483380.01][2026-09-15 07:43:00][subbas-macbook-air.local][99289][Scheduler][debug][9][Scheduler tick complete][]
[1789483440.014][2026-09-15 07:44:00][subbas-macbook-air.local][99289][Scheduler][debug][5][Ticking scheduler for timestamp: Tue Sep 15 2026 07:44:00 GMT-0700 (Pacific Daylight Time)][]
[1789483440.016][2026-09-15 07:44:00][subbas-macbook-air.local][99289][Scheduler][debug][9][Scheduler tick complete][]
[1789483500.023][2026-09-15 07:45:00][subbas-macbook-air.local][99289][Scheduler][debug][5][Ticking scheduler for timestamp: Tue Sep 15 2026 07:45:00 GMT-0700 (Pacific Daylight Time)][]
[1789483500.025][2026-09-15 07:45:00][subbas-macbook-air.local][99289][Scheduler][debug][9][Scheduler tick complete][]
[1789483560.052][2026-09-15 07:46:00][subbas-macbook-air.local][99289][Scheduler][debug][5][Ticking scheduler for timestamp: Tue Sep 15 2026 07:46:00 GMT-0700 (Pacific Daylight Time)][]
[1789483560.053][2026-09-15 07:46:00][subbas-macbook-air.local][99289][Scheduler][debug][9][Scheduler tick complete][]
[1789483620.021][2026-09-15 07:47:00][subbas-macbook-air.local][99289][Scheduler][debug][5][Ticking scheduler for timestamp: Tue Sep 15 2026 07:47:00 GMT-0700 (Pacific Daylight Time)][]
[1789483620.022][2026-09-15 07:47:00][subbas-macbook-air.local][99289][Scheduler][debug][9][Scheduler tick complete][]
[1789483680.028][2026-09-15 07:48:00][subbas-macbook-air.local][99289][Scheduler][debug][5][Ticking scheduler for timestamp: Tue Sep 15 2026 07:48:00 GMT-0700 (Pacific Daylight Time)][]
[1789483680.034][2026-09-15 07:48:00][subbas-macbook-air.local][99289][Scheduler][debug][9][Scheduler tick complete][]
[1789483740.01][2026-09-15 07:49:00][subbas-macbook-air.local][99289][Scheduler][debug][5][Ticking scheduler for timestamp: Tue Sep 15 2026 07:49:00 GMT-0700 (Pacific Daylight Time)][]
[1789483740.012][2026-09-15 07:49:00][subbas-macbook-air.local][99289][Scheduler][debug][9][Scheduler tick complete][]
[1789483800.02][2026-09-15 07:50:00][subbas-macbook-air.local][99289][Scheduler][debug][5][Ticking scheduler for timestamp: Tue Sep 15 2026 07:50:00 GMT-0700 (Pacific Daylight Time)][]
[1789483800.024][2026-09-15 07:50:00][subbas-macbook-air.local][99289][Scheduler][debug][4][Auto-launching scheduled event: bloomberg-videos (emu2sckyhuzou1hh) for timestamp: Tue Sep 15 2026 07:50:00 GMT-0700 (Pacific Daylight Time)][{"enabled":true,"type":"schedule","minutes":[0,10,20,30,40,50],"hours":[6,7,8,9,10,11,12,13,14,15,16],"weekdays":[1,2,3,4,5],"tags":[],"params":{}}]
[1789483800.025][2026-09-15 07:50:00][subbas-macbook-air.local][99289][Scheduler][debug][9][Scheduler tick complete][]
[1789483860.024][2026-09-15 07:51:00][subbas-macbook-air.local][99289][Scheduler][debug][5][Ticking scheduler for timestamp: Tue Sep 15 2026 07:51:00 GMT-0700 (Pacific Daylight Time)][]
[1789483860.026][2026-09-15 07:51:00][subbas-macbook-air.local][99289][Scheduler][debug][9][Scheduler tick complete][]
[1789483920.013][2026-09-15 07:52:00][subbas-macbook-air.local][99289][Scheduler][debug][5][Ticking scheduler for timestamp: Tue Sep 15 2026 07:52:00 GMT-0700 (Pacific Daylight Time)][]
[1789483920.016][2026-09-15 07:52:00][subbas-macbook-air.local][99289][Scheduler][debug][9][Scheduler tick complete][]
[1789483980.043][2026-09-15 07:53:00][subbas-macbook-air.local][99289][Scheduler][debug][5][Ticking scheduler for timestamp: Tue Sep 15 2026 07:53:00 GMT-0700 (Pacific Daylight Time)][]
[1789483980.044][2026-09-15 07:53:00][subbas-macbook-air.local][99289][Scheduler][debug][9][Scheduler tick complete][]
[1789484040.03][2026-09-15 07:54:00][subbas-macbook-air.local][99289][Scheduler][debug][5][Ticking scheduler for timestamp: Tue Sep 15 2026 07:54:00 GMT-0700 (Pacific Daylight Time)][]
[1789484040.031][2026-09-15 07:54:00][subbas-macbook-air.local][99289][Scheduler][debug][9][Scheduler tick complete][]
[1789484100.045][2026-09-15 07:55:00][subbas-macbook-air.local][99289][Scheduler][debug][5][Ticking scheduler for timestamp: Tue Sep 15 2026 07:55:00 GMT-0700 (Pacific Daylight Time)][]
[1789484100.048][2026-09-15 07:55:00][subbas-macbook-air.local][99289][Scheduler][debug][9][Scheduler tick complete][]
[1789484160.018][2026-09-15 07:56:00][subbas-macbook-air.local][99289][Scheduler][debug][5][Ticking scheduler for timestamp: Tue Sep 15 2026 07:56:00 GMT-0700 (Pacific Daylight Time)][]
[1789484160.019][2026-09-15 07:56:00][subbas-macbook-air.local][99289][Scheduler][debug][9][Scheduler tick complete][]
[1789484220.05][2026-09-15 07:57:00][subbas-macbook-air.local][99289][Scheduler][debug][5][Ticking scheduler for timestamp: Tue Sep 15 2026 07:57:00 GMT-0700 (Pacific Daylight Time)][]
[1789484220.051][2026-09-15 07:57:00][subbas-macbook-air.local][99289][Scheduler][debug][9][Scheduler tick complete][]
[1789484280.036][2026-09-15 07:58:00][subbas-macbook-air.local][99289][Scheduler][debug][5][Ticking scheduler for timestamp: Tue Sep 15 2026 07:58:00 GMT-0700 (Pacific Daylight Time)][]
[1789484280.037][2026-09-15 07:58:00][subbas-macbook-air.local][99289][Scheduler][debug][9][Scheduler tick complete][]
[1789484340.051][2026-09-15 07:59:00][subbas-macbook-air.local][99289][Scheduler][debug][5][Ticking scheduler for timestamp: Tue Sep 15 2026 07:59:00 GMT-0700 (Pacific Daylight Time)][]
[1789484340.052][2026-09-15 07:59:00][subbas-macbook-air.local][99289][Scheduler][debug][9][Scheduler tick complete][]
[1789484400.036][2026-09-15 08:00:00][subbas-macbook-air.local][99289][Scheduler][debug][5][Ticking scheduler for timestamp: Tue Sep 15 2026 08:00:00 GMT-0700 (Pacific Daylight Time)][]
[1789484400.038][2026-09-15 08:00:00][subbas-macbook-air.local][99289][Scheduler][debug][4][Auto-launching scheduled event: bloomberg-videos (emu2sckyhuzou1hh) for timestamp: Tue Sep 15 2026 08:00:00 GMT-0700 (Pacific Daylight Time)][{"enabled":true,"type":"schedule","minutes":[0,10,20,30,40,50],"hours":[6,7,8,9,10,11,12,13,14,15,16],"weekdays":[1,2,3,4,5],"tags":[],"params":{}}]
[1789484400.039][2026-09-15 08:00:00][subbas-macbook-air.local][99289][Scheduler][debug][9][Scheduler tick complete][]
[1789484460.012][2026-09-15 08:01:00][subbas-macbook-air.local][99289][Scheduler][debug][5][Ticking scheduler for timestamp: Tue Sep 15 2026 08:01:00 GMT-0700 (Pacific Daylight Time)][]
[1789484460.014][2026-09-15 08:01:00][subbas-macbook-air.local][99289][Scheduler][debug][9][Scheduler tick complete][]
[1789484520.025][2026-09-15 08:02:00][subbas-macbook-air.local][99289][Scheduler][debug][5][Ticking scheduler for timestamp: Tue Sep 15 2026 08:02:00 GMT-0700 (Pacific Daylight Time)][]
[1789484520.026][2026-09-15 08:02:00][subbas-macbook-air.local][99289][Scheduler][debug][9][Scheduler tick complete][]
[1789484580.027][2026-09-15 08:03:00][subbas-macbook-air.local][4306][Scheduler][debug][5][Ticking scheduler for timestamp: Tue Sep 15 2026 08:03:00 GMT-0700 (Pacific Daylight Time)][]
[1789484580.031][2026-09-15 08:03:00][subbas-macbook-air.local][4306][Scheduler][debug][9][Scheduler tick complete][]
[1789484640.01][2026-09-15 08:04:00][subbas-macbook-air.local][4306][Scheduler][debug][5][Ticking scheduler for timestamp: Tue Sep 15 2026 08:04:00 GMT-0700 (Pacific Daylight Time)][]
[1789484640.011][2026-09-15 08:04:00][subbas-macbook-air.local][4306][Scheduler][debug][9][Scheduler tick complete][]
[1789484700.025][2026-09-15 08:05:00][subbas-macbook-air.local][4306][Scheduler][debug][5][Ticking scheduler for timestamp: Tue Sep 15 2026 08:05:00 GMT-0700 (Pacific Daylight Time)][]
[1789484700.027][2026-09-15 08:05:00][subbas-macbook-air.local][4306][Scheduler][debug][9][Scheduler tick complete][]
[1789484760.053][2026-09-15 08:06:00][subbas-macbook-air.local][4306][Scheduler][debug][5][Ticking scheduler for timestamp: Tue Sep 15 2026 08:06:00 GMT-0700 (Pacific Daylight Time)][]
[1789484760.054][2026-09-15 08:06:00][subbas-macbook-air.local][4306][Scheduler][debug][9][Scheduler tick complete][]
[1789484820.026][2026-09-15 08:07:00][subbas-macbook-air.local][4306][Scheduler][debug][5][Ticking scheduler for timestamp: Tue Sep 15 2026 08:07:00 GMT-0700 (Pacific Daylight Time)][]
[1789484820.027][2026-09-15 08:07:00][subbas-macbook-air.local][4306][Scheduler][debug][9][Scheduler tick complete][]
[1789484880.06][2026-09-15 08:08:00][subbas-macbook-air.local][4306][Scheduler][debug][5][Ticking scheduler for timestamp: Tue Sep 15 2026 08:08:00 GMT-0700 (Pacific Daylight Time)][]
[1789484880.062][2026-09-15 08:08:00][subbas-macbook-air.local][4306][Scheduler][debug][9][Scheduler tick complete][]
[1789484940.017][2026-09-15 08:09:00][subbas-macbook-air.local][4306][Scheduler][debug][5][Ticking scheduler for timestamp: Tue Sep 15 2026 08:09:00 GMT-0700 (Pacific Daylight Time)][]
[1789484940.018][2026-09-15 08:09:00][subbas-macbook-air.local][4306][Scheduler][debug][9][Scheduler tick complete][]
[1789485000.042][2026-09-15 08:10:00][subbas-macbook-air.local][4306][Scheduler][debug][5][Ticking scheduler for timestamp: Tue Sep 15 2026 08:10:00 GMT-0700 (Pacific Daylight Time)][]
[1789485000.044][2026-09-15 08:10:00][subbas-macbook-air.local][4306][Scheduler][debug][4][Auto-launching scheduled event: bloomberg-videos (emu2sckyhuzou1hh) for timestamp: Tue Sep 15 2026 08:10:00 GMT-0700 (Pacific Daylight Time)][{"enabled":true,"type":"schedule","minutes":[0,10,20,30,40,50],"hours":[6,7,8,9,10,11,12,13,14,15,16],"weekdays":[1,2,3,4,5],"tags":[],"params":{}}]
[1789485000.045][2026-09-15 08:10:00][subbas-macbook-air.local][4306][Scheduler][debug][4][Auto-launching scheduled event: bloom2 (emu2t3vr62wcc00v) for timestamp: Tue Sep 15 2026 08:10:00 GMT-0700 (Pacific Daylight Time)][{"enabled":true,"type":"schedule","weekdays":[1,2,3,4,5],"hours":[8,9,10,11,12,13,14,15,16],"minutes":[0,10,20,30,40,50],"tags":[],"params":{}}]
[1789485000.045][2026-09-15 08:10:00][subbas-macbook-air.local][4306][Scheduler][debug][9][Scheduler tick complete][]
[1789485060.06][2026-09-15 08:11:00][subbas-macbook-air.local][4306][Scheduler][debug][5][Ticking scheduler for timestamp: Tue Sep 15 2026 08:11:00 GMT-0700 (Pacific Daylight Time)][]
[1789485060.064][2026-09-15 08:11:00][subbas-macbook-air.local][4306][Scheduler][debug][9][Scheduler tick complete][]
[1789485120.038][2026-09-15 08:12:00][subbas-macbook-air.local][4306][Scheduler][debug][5][Ticking scheduler for timestamp: Tue Sep 15 2026 08:12:00 GMT-0700 (Pacific Daylight Time)][]
[1789485120.04][2026-09-15 08:12:00][subbas-macbook-air.local][4306][Scheduler][debug][9][Scheduler tick complete][]
[1789485180.025][2026-09-15 08:13:00][subbas-macbook-air.local][4306][Scheduler][debug][5][Ticking scheduler for timestamp: Tue Sep 15 2026 08:13:00 GMT-0700 (Pacific Daylight Time)][]
[1789485180.027][2026-09-15 08:13:00][subbas-macbook-air.local][4306][Scheduler][debug][9][Scheduler tick complete][]
[1789485240.042][2026-09-15 08:14:00][subbas-macbook-air.local][4306][Scheduler][debug][5][Ticking scheduler for timestamp: Tue Sep 15 2026 08:14:00 GMT-0700 (Pacific Daylight Time)][]
[1789485240.043][2026-09-15 08:14:00][subbas-macbook-air.local][4306][Scheduler][debug][9][Scheduler tick complete][]
[1789485300.052][2026-09-15 08:15:00][subbas-macbook-air.local][4306][Scheduler][debug][5][Ticking scheduler for timestamp: Tue Sep 15 2026 08:15:00 GMT-0700 (Pacific Daylight Time)][]
[1789485300.053][2026-09-15 08:15:00][subbas-macbook-air.local][4306][Scheduler][debug][9][Scheduler tick complete][]
[1789485360.012][2026-09-15 08:16:00][subbas-macbook-air.local][4306][Scheduler][debug][5][Ticking scheduler for timestamp: Tue Sep 15 2026 08:16:00 GMT-0700 (Pacific Daylight Time)][]
[1789485360.014][2026-09-15 08:16:00][subbas-macbook-air.local][4306][Scheduler][debug][9][Scheduler tick complete][]
[1789485420.009][2026-09-15 08:17:00][subbas-macbook-air.local][4306][Scheduler][debug][5][Ticking scheduler for timestamp: Tue Sep 15 2026 08:17:00 GMT-0700 (Pacific Daylight Time)][]
[1789485420.01][2026-09-15 08:17:00][subbas-macbook-air.local][4306][Scheduler][debug][9][Scheduler tick complete][]
[1789485480.019][2026-09-15 08:18:00][subbas-macbook-air.local][4306][Scheduler][debug][5][Ticking scheduler for timestamp: Tue Sep 15 2026 08:18:00 GMT-0700 (Pacific Daylight Time)][]
[1789485480.024][2026-09-15 08:18:00][subbas-macbook-air.local][4306][Scheduler][debug][9][Scheduler tick complete][]
[1789485540.009][2026-09-15 08:19:00][subbas-macbook-air.local][4306][Scheduler][debug][5][Ticking scheduler for timestamp: Tue Sep 15 2026 08:19:00 GMT-0700 (Pacific Daylight Time)][]
[1789485540.009][2026-09-15 08:19:00][subbas-macbook-air.local][4306][Scheduler][debug][9][Scheduler tick complete][]
[1789485600.021][2026-09-15 08:20:00][subbas-macbook-air.local][4306][Scheduler][debug][5][Ticking scheduler for timestamp: Tue Sep 15 2026 08:20:00 GMT-0700 (Pacific Daylight Time)][]
[1789485600.024][2026-09-15 08:20:00][subbas-macbook-air.local][4306][Scheduler][debug][4][Auto-launching scheduled event: bloomberg-videos (emu2sckyhuzou1hh) for timestamp: Tue Sep 15 2026 08:20:00 GMT-0700 (Pacific Daylight Time)][{"enabled":true,"type":"schedule","minutes":[0,10,20,30,40,50],"hours":[6,7,8,9,10,11,12,13,14,15,16],"weekdays":[1,2,3,4,5],"tags":[],"params":{}}]
[1789485600.025][2026-09-15 08:20:00][subbas-macbook-air.local][4306][Scheduler][debug][4][Auto-launching scheduled event: bloom2 (emu2t3vr62wcc00v) for timestamp: Tue Sep 15 2026 08:20:00 GMT-0700 (Pacific Daylight Time)][{"enabled":true,"type":"schedule","weekdays":[1,2,3,4,5],"hours":[8,9,10,11,12,13,14,15,16],"minutes":[0,10,20,30,40,50],"tags":[],"params":{}}]
[1789485600.025][2026-09-15 08:20:00][subbas-macbook-air.local][4306][Scheduler][debug][9][Scheduler tick complete][]
[1789485660.044][2026-09-15 08:21:00][subbas-macbook-air.local][4306][Scheduler][debug][5][Ticking scheduler for timestamp: Tue Sep 15 2026 08:21:00 GMT-0700 (Pacific Daylight Time)][]
[1789485660.045][2026-09-15 08:21:00][subbas-macbook-air.local][4306][Scheduler][debug][9][Scheduler tick complete][]
[1789485720.03][2026-09-15 08:22:00][subbas-macbook-air.local][4306][Scheduler][debug][5][Ticking scheduler for timestamp: Tue Sep 15 2026 08:22:00 GMT-0700 (Pacific Daylight Time)][]
[1789485720.031][2026-09-15 08:22:00][subbas-macbook-air.local][4306][Scheduler][debug][9][Scheduler tick complete][]
[1789485780.042][2026-09-15 08:23:00][subbas-macbook-air.local][4306][Scheduler][debug][5][Ticking scheduler for timestamp: Tue Sep 15 2026 08:23:00 GMT-0700 (Pacific Daylight Time)][]
[1789485780.043][2026-09-15 08:23:00][subbas-macbook-air.local][4306][Scheduler][debug][9][Scheduler tick complete][]
[1789485840.05][2026-09-15 08:24:00][subbas-macbook-air.local][4306][Scheduler][debug][5][Ticking scheduler for timestamp: Tue Sep 15 2026 08:24:00 GMT-0700 (Pacific Daylight Time)][]
[1789485840.051][2026-09-15 08:24:00][subbas-macbook-air.local][4306][Scheduler][debug][9][Scheduler tick complete][]
[1789485900.015][2026-09-15 08:25:00][subbas-macbook-air.local][4306][Scheduler][debug][5][Ticking scheduler for timestamp: Tue Sep 15 2026 08:25:00 GMT-0700 (Pacific Daylight Time)][]
[1789485900.017][2026-09-15 08:25:00][subbas-macbook-air.local][4306][Scheduler][debug][9][Scheduler tick complete][]
[1789485960.036][2026-09-15 08:26:00][subbas-macbook-air.local][4306][Scheduler][debug][5][Ticking scheduler for timestamp: Tue Sep 15 2026 08:26:00 GMT-0700 (Pacific Daylight Time)][]
[1789485960.037][2026-09-15 08:26:00][subbas-macbook-air.local][4306][Scheduler][debug][9][Scheduler tick complete][]
[1789486020.006][2026-09-15 08:27:00][subbas-macbook-air.local][4306][Scheduler][debug][5][Ticking scheduler for timestamp: Tue Sep 15 2026 08:27:00 GMT-0700 (Pacific Daylight Time)][]
[1789486020.007][2026-09-15 08:27:00][subbas-macbook-air.local][4306][Scheduler][debug][9][Scheduler tick complete][]
[1789486080.039][2026-09-15 08:28:00][subbas-macbook-air.local][4306][Scheduler][debug][5][Ticking scheduler for timestamp: Tue Sep 15 2026 08:28:00 GMT-0700 (Pacific Daylight Time)][]
[1789486080.041][2026-09-15 08:28:00][subbas-macbook-air.local][4306][Scheduler][debug][9][Scheduler tick complete][]
[1789486140.05][2026-09-15 08:29:00][subbas-macbook-air.local][4306][Scheduler][debug][5][Ticking scheduler for timestamp: Tue Sep 15 2026 08:29:00 GMT-0700 (Pacific Daylight Time)][]
[1789486140.051][2026-09-15 08:29:00][subbas-macbook-air.local][4306][Scheduler][debug][9][Scheduler tick complete][]
[1789486200.049][2026-09-15 08:30:00][subbas-macbook-air.local][4306][Scheduler][debug][5][Ticking scheduler for timestamp: Tue Sep 15 2026 08:30:00 GMT-0700 (Pacific Daylight Time)][]
[1789486200.05][2026-09-15 08:30:00][subbas-macbook-air.local][4306][Scheduler][debug][4][Auto-launching scheduled event: bloomberg-videos (emu2sckyhuzou1hh) for timestamp: Tue Sep 15 2026 08:30:00 GMT-0700 (Pacific Daylight Time)][{"enabled":true,"type":"schedule","minutes":[0,10,20,30,40,50],"hours":[6,7,8,9,10,11,12,13,14,15,16],"weekdays":[1,2,3,4,5],"tags":[],"params":{}}]
[1789486200.05][2026-09-15 08:30:00][subbas-macbook-air.local][4306][Scheduler][debug][4][Auto-launching scheduled event: bloom2 (emu2t3vr62wcc00v) for timestamp: Tue Sep 15 2026 08:30:00 GMT-0700 (Pacific Daylight Time)][{"enabled":true,"type":"schedule","weekdays":[1,2,3,4,5],"hours":[8,9,10,11,12,13,14,15,16],"minutes":[0,10,20,30,40,50],"tags":[],"params":{}}]
[1789486200.05][2026-09-15 08:30:00][subbas-macbook-air.local][4306][Scheduler][debug][9][Scheduler tick complete][]
[1789486260.037][2026-09-15 08:31:00][subbas-macbook-air.local][4306][Scheduler][debug][5][Ticking scheduler for timestamp: Tue Sep 15 2026 08:31:00 GMT-0700 (Pacific Daylight Time)][]
[1789486260.041][2026-09-15 08:31:00][subbas-macbook-air.local][4306][Scheduler][debug][9][Scheduler tick complete][]
[1789486320.038][2026-09-15 08:32:00][subbas-macbook-air.local][4306][Scheduler][debug][5][Ticking scheduler for timestamp: Tue Sep 15 2026 08:32:00 GMT-0700 (Pacific Daylight Time)][]
[1789486320.039][2026-09-15 08:32:00][subbas-macbook-air.local][4306][Scheduler][debug][9][Scheduler tick complete][]
[1789486380.042][2026-09-15 08:33:00][subbas-macbook-air.local][4306][Scheduler][debug][5][Ticking scheduler for timestamp: Tue Sep 15 2026 08:33:00 GMT-0700 (Pacific Daylight Time)][]
[1789486380.043][2026-09-15 08:33:00][subbas-macbook-air.local][4306][Scheduler][debug][9][Scheduler tick complete][]
[1789486440.003][2026-09-15 08:34:00][subbas-macbook-air.local][4306][Scheduler][debug][5][Ticking scheduler for timestamp: Tue Sep 15 2026 08:34:00 GMT-0700 (Pacific Daylight Time)][]
[1789486440.004][2026-09-15 08:34:00][subbas-macbook-air.local][4306][Scheduler][debug][9][Scheduler tick complete][]
[1789486500.052][2026-09-15 08:35:00][subbas-macbook-air.local][4306][Scheduler][debug][5][Ticking scheduler for timestamp: Tue Sep 15 2026 08:35:00 GMT-0700 (Pacific Daylight Time)][]
[1789486500.054][2026-09-15 08:35:00][subbas-macbook-air.local][4306][Scheduler][debug][9][Scheduler tick complete][]
[1789486560.034][2026-09-15 08:36:00][subbas-macbook-air.local][4306][Scheduler][debug][5][Ticking scheduler for timestamp: Tue Sep 15 2026 08:36:00 GMT-0700 (Pacific Daylight Time)][]
[1789486560.036][2026-09-15 08:36:00][subbas-macbook-air.local][4306][Scheduler][debug][9][Scheduler tick complete][]
[1789486620.036][2026-09-15 08:37:00][subbas-macbook-air.local][4306][Scheduler][debug][5][Ticking scheduler for timestamp: Tue Sep 15 2026 08:37:00 GMT-0700 (Pacific Daylight Time)][]
[1789486620.037][2026-09-15 08:37:00][subbas-macbook-air.local][4306][Scheduler][debug][9][Scheduler tick complete][]
[1789486680.043][2026-09-15 08:38:00][subbas-macbook-air.local][4306][Scheduler][debug][5][Ticking scheduler for timestamp: Tue Sep 15 2026 08:38:00 GMT-0700 (Pacific Daylight Time)][]
[1789486680.044][2026-09-15 08:38:00][subbas-macbook-air.local][4306][Scheduler][debug][9][Scheduler tick complete][]
[1789486930.036][2026-09-15 08:42:10][subbas-macbook-air.local][4306][Scheduler][debug][5][Ticking scheduler for timestamp: Tue Sep 15 2026 08:42:00 GMT-0700 (Pacific Daylight Time)][]
[1789486930.04][2026-09-15 08:42:10][subbas-macbook-air.local][4306][Scheduler][debug][9][Scheduler tick complete][]
[1789486980.022][2026-09-15 08:43:00][subbas-macbook-air.local][4306][Scheduler][debug][5][Ticking scheduler for timestamp: Tue Sep 15 2026 08:43:00 GMT-0700 (Pacific Daylight Time)][]
[1789486980.024][2026-09-15 08:43:00][subbas-macbook-air.local][4306][Scheduler][debug][9][Scheduler tick complete][]
[1789487040.011][2026-09-15 08:44:00][subbas-macbook-air.local][4306][Scheduler][debug][5][Ticking scheduler for timestamp: Tue Sep 15 2026 08:44:00 GMT-0700 (Pacific Daylight Time)][]
[1789487040.013][2026-09-15 08:44:00][subbas-macbook-air.local][4306][Scheduler][debug][9][Scheduler tick complete][]
[1789487100.015][2026-09-15 08:45:00][subbas-macbook-air.local][4306][Scheduler][debug][5][Ticking scheduler for timestamp: Tue Sep 15 2026 08:45:00 GMT-0700 (Pacific Daylight Time)][]
[1789487100.016][2026-09-15 08:45:00][subbas-macbook-air.local][4306][Scheduler][debug][9][Scheduler tick complete][]
[1789487160.053][2026-09-15 08:46:00][subbas-macbook-air.local][4306][Scheduler][debug][5][Ticking scheduler for timestamp: Tue Sep 15 2026 08:46:00 GMT-0700 (Pacific Daylight Time)][]
[1789487160.055][2026-09-15 08:46:00][subbas-macbook-air.local][4306][Scheduler][debug][9][Scheduler tick complete][]
[1789487220.008][2026-09-15 08:47:00][subbas-macbook-air.local][4306][Scheduler][debug][5][Ticking scheduler for timestamp: Tue Sep 15 2026 08:47:00 GMT-0700 (Pacific Daylight Time)][]
[1789487220.01][2026-09-15 08:47:00][subbas-macbook-air.local][4306][Scheduler][debug][9][Scheduler tick complete][]
[1789487280.035][2026-09-15 08:48:00][subbas-macbook-air.local][4306][Scheduler][debug][5][Ticking scheduler for timestamp: Tue Sep 15 2026 08:48:00 GMT-0700 (Pacific Daylight Time)][]
[1789487280.036][2026-09-15 08:48:00][subbas-macbook-air.local][4306][Scheduler][debug][9][Scheduler tick complete][]
[1789487340.051][2026-09-15 08:49:00][subbas-macbook-air.local][4306][Scheduler][debug][5][Ticking scheduler for timestamp: Tue Sep 15 2026 08:49:00 GMT-0700 (Pacific Daylight Time)][]
[1789487340.052][2026-09-15 08:49:00][subbas-macbook-air.local][4306][Scheduler][debug][9][Scheduler tick complete][]
[1789487400.057][2026-09-15 08:50:00][subbas-macbook-air.local][4306][Scheduler][debug][5][Ticking scheduler for timestamp: Tue Sep 15 2026 08:50:00 GMT-0700 (Pacific Daylight Time)][]
[1789487400.059][2026-09-15 08:50:00][subbas-macbook-air.local][4306][Scheduler][debug][4][Auto-launching scheduled event: bloomberg-videos (emu2sckyhuzou1hh) for timestamp: Tue Sep 15 2026 08:50:00 GMT-0700 (Pacific Daylight Time)][{"enabled":true,"type":"schedule","minutes":[0,10,20,30,40,50],"hours":[6,7,8,9,10,11,12,13,14,15,16],"weekdays":[1,2,3,4,5],"tags":[],"params":{}}]
[1789487400.06][2026-09-15 08:50:00][subbas-macbook-air.local][4306][Scheduler][debug][4][Auto-launching scheduled event: bloom2 (emu2t3vr62wcc00v) for timestamp: Tue Sep 15 2026 08:50:00 GMT-0700 (Pacific Daylight Time)][{"enabled":true,"type":"schedule","weekdays":[1,2,3,4,5],"hours":[8,9,10,11,12,13,14,15,16],"minutes":[0,10,20,30,40,50],"tags":[],"params":{}}]
[1789487400.06][2026-09-15 08:50:00][subbas-macbook-air.local][4306][Scheduler][debug][9][Scheduler tick complete][]
[1789487460.014][2026-09-15 08:51:00][subbas-macbook-air.local][4306][Scheduler][debug][5][Ticking scheduler for timestamp: Tue Sep 15 2026 08:51:00 GMT-0700 (Pacific Daylight Time)][]
[1789487460.016][2026-09-15 08:51:00][subbas-macbook-air.local][4306][Scheduler][debug][9][Scheduler tick complete][]
[1789487520.016][2026-09-15 08:52:00][subbas-macbook-air.local][4306][Scheduler][debug][5][Ticking scheduler for timestamp: Tue Sep 15 2026 08:52:00 GMT-0700 (Pacific Daylight Time)][]
[1789487520.017][2026-09-15 08:52:00][subbas-macbook-air.local][4306][Scheduler][debug][9][Scheduler tick complete][]
[1789487580.053][2026-09-15 08:53:00][subbas-macbook-air.local][4306][Scheduler][debug][5][Ticking scheduler for timestamp: Tue Sep 15 2026 08:53:00 GMT-0700 (Pacific Daylight Time)][]
[1789487580.054][2026-09-15 08:53:00][subbas-macbook-air.local][4306][Scheduler][debug][9][Scheduler tick complete][]
[1789487640.035][2026-09-15 08:54:00][subbas-macbook-air.local][4306][Scheduler][debug][5][Ticking scheduler for timestamp: Tue Sep 15 2026 08:54:00 GMT-0700 (Pacific Daylight Time)][]
[1789487640.036][2026-09-15 08:54:00][subbas-macbook-air.local][4306][Scheduler][debug][9][Scheduler tick complete][]
[1789487700.005][2026-09-15 08:55:00][subbas-macbook-air.local][4306][Scheduler][debug][5][Ticking scheduler for timestamp: Tue Sep 15 2026 08:55:00 GMT-0700 (Pacific Daylight Time)][]
[1789487700.007][2026-09-15 08:55:00][subbas-macbook-air.local][4306][Scheduler][debug][9][Scheduler tick complete][]
[1789487760.025][2026-09-15 08:56:00][subbas-macbook-air.local][4306][Scheduler][debug][5][Ticking scheduler for timestamp: Tue Sep 15 2026 08:56:00 GMT-0700 (Pacific Daylight Time)][]
[1789487760.026][2026-09-15 08:56:00][subbas-macbook-air.local][4306][Scheduler][debug][9][Scheduler tick complete][]
[1789487820.056][2026-09-15 08:57:00][subbas-macbook-air.local][4306][Scheduler][debug][5][Ticking scheduler for timestamp: Tue Sep 15 2026 08:57:00 GMT-0700 (Pacific Daylight Time)][]
[1789487820.058][2026-09-15 08:57:00][subbas-macbook-air.local][4306][Scheduler][debug][9][Scheduler tick complete][]
[1789487880.015][2026-09-15 08:58:00][subbas-macbook-air.local][4306][Scheduler][debug][5][Ticking scheduler for timestamp: Tue Sep 15 2026 08:58:00 GMT-0700 (Pacific Daylight Time)][]
[1789487880.017][2026-09-15 08:58:00][subbas-macbook-air.local][4306][Scheduler][debug][9][Scheduler tick complete][]
[1789487940.053][2026-09-15 08:59:00][subbas-macbook-air.local][4306][Scheduler][debug][5][Ticking scheduler for timestamp: Tue Sep 15 2026 08:59:00 GMT-0700 (Pacific Daylight Time)][]
[1789487940.054][2026-09-15 08:59:00][subbas-macbook-air.local][4306][Scheduler][debug][9][Scheduler tick complete][]
[1789488000.051][2026-09-15 09:00:00][subbas-macbook-air.local][4306][Scheduler][debug][5][Ticking scheduler for timestamp: Tue Sep 15 2026 09:00:00 GMT-0700 (Pacific Daylight Time)][]
[1789488000.053][2026-09-15 09:00:00][subbas-macbook-air.local][4306][Scheduler][debug][4][Auto-launching scheduled event: bloomberg-videos (emu2sckyhuzou1hh) for timestamp: Tue Sep 15 2026 09:00:00 GMT-0700 (Pacific Daylight Time)][{"enabled":true,"type":"schedule","minutes":[0,10,20,30,40,50],"hours":[6,7,8,9,10,11,12,13,14,15,16],"weekdays":[1,2,3,4,5],"tags":[],"params":{}}]
[1789488000.054][2026-09-15 09:00:00][subbas-macbook-air.local][4306][Scheduler][debug][4][Auto-launching scheduled event: bloom2 (emu2t3vr62wcc00v) for timestamp: Tue Sep 15 2026 09:00:00 GMT-0700 (Pacific Daylight Time)][{"enabled":true,"type":"schedule","weekdays":[1,2,3,4,5],"hours":[8,9,10,11,12,13,14,15,16],"minutes":[0,10,20,30,40,50],"tags":[],"params":{}}]
[1789488000.054][2026-09-15 09:00:00][subbas-macbook-air.local][4306][Scheduler][debug][9][Scheduler tick complete][]
[1789488060.04][2026-09-15 09:01:00][subbas-macbook-air.local][4306][Scheduler][debug][5][Ticking scheduler for timestamp: Tue Sep 15 2026 09:01:00 GMT-0700 (Pacific Daylight Time)][]
[1789488060.041][2026-09-15 09:01:00][subbas-macbook-air.local][4306][Scheduler][debug][9][Scheduler tick complete][]
[1789488120.022][2026-09-15 09:02:00][subbas-macbook-air.local][4306][Scheduler][debug][5][Ticking scheduler for timestamp: Tue Sep 15 2026 09:02:00 GMT-0700 (Pacific Daylight Time)][]
[1789488120.023][2026-09-15 09:02:00][subbas-macbook-air.local][4306][Scheduler][debug][9][Scheduler tick complete][]
[1789488180.019][2026-09-15 09:03:00][subbas-macbook-air.local][4306][Scheduler][debug][5][Ticking scheduler for timestamp: Tue Sep 15 2026 09:03:00 GMT-0700 (Pacific Daylight Time)][]
[1789488180.021][2026-09-15 09:03:00][subbas-macbook-air.local][4306][Scheduler][debug][9][Scheduler tick complete][]
[1789488240.035][2026-09-15 09:04:00][subbas-macbook-air.local][4306][Scheduler][debug][5][Ticking scheduler for timestamp: Tue Sep 15 2026 09:04:00 GMT-0700 (Pacific Daylight Time)][]
[1789488240.037][2026-09-15 09:04:00][subbas-macbook-air.local][4306][Scheduler][debug][9][Scheduler tick complete][]
[1789488300.056][2026-09-15 09:05:00][subbas-macbook-air.local][4306][Scheduler][debug][5][Ticking scheduler for timestamp: Tue Sep 15 2026 09:05:00 GMT-0700 (Pacific Daylight Time)][]
[1789488300.058][2026-09-15 09:05:00][subbas-macbook-air.local][4306][Scheduler][debug][9][Scheduler tick complete][]
[1789488360.026][2026-09-15 09:06:00][subbas-macbook-air.local][4306][Scheduler][debug][5][Ticking scheduler for timestamp: Tue Sep 15 2026 09:06:00 GMT-0700 (Pacific Daylight Time)][]
[1789488360.028][2026-09-15 09:06:00][subbas-macbook-air.local][4306][Scheduler][debug][9][Scheduler tick complete][]
[1789488420.041][2026-09-15 09:07:00][subbas-macbook-air.local][4306][Scheduler][debug][5][Ticking scheduler for timestamp: Tue Sep 15 2026 09:07:00 GMT-0700 (Pacific Daylight Time)][]
[1789488420.042][2026-09-15 09:07:00][subbas-macbook-air.local][4306][Scheduler][debug][9][Scheduler tick complete][]
[1789488480.047][2026-09-15 09:08:00][subbas-macbook-air.local][4306][Scheduler][debug][5][Ticking scheduler for timestamp: Tue Sep 15 2026 09:08:00 GMT-0700 (Pacific Daylight Time)][]
[1789488480.048][2026-09-15 09:08:00][subbas-macbook-air.local][4306][Scheduler][debug][9][Scheduler tick complete][]
[1789488540.04][2026-09-15 09:09:00][subbas-macbook-air.local][4306][Scheduler][debug][5][Ticking scheduler for timestamp: Tue Sep 15 2026 09:09:00 GMT-0700 (Pacific Daylight Time)][]
[1789488540.042][2026-09-15 09:09:00][subbas-macbook-air.local][4306][Scheduler][debug][9][Scheduler tick complete][]
[1789488600.042][2026-09-15 09:10:00][subbas-macbook-air.local][4306][Scheduler][debug][5][Ticking scheduler for timestamp: Tue Sep 15 2026 09:10:00 GMT-0700 (Pacific Daylight Time)][]
[1789488600.044][2026-09-15 09:10:00][subbas-macbook-air.local][4306][Scheduler][debug][4][Auto-launching scheduled event: bloomberg-videos (emu2sckyhuzou1hh) for timestamp: Tue Sep 15 2026 09:10:00 GMT-0700 (Pacific Daylight Time)][{"enabled":true,"type":"schedule","minutes":[0,10,20,30,40,50],"hours":[6,7,8,9,10,11,12,13,14,15,16],"weekdays":[1,2,3,4,5],"tags":[],"params":{}}]
[1789488600.044][2026-09-15 09:10:00][subbas-macbook-air.local][4306][Scheduler][debug][4][Auto-launching scheduled event: bloom2 (emu2t3vr62wcc00v) for timestamp: Tue Sep 15 2026 09:10:00 GMT-0700 (Pacific Daylight Time)][{"enabled":true,"type":"schedule","weekdays":[1,2,3,4,5],"hours":[8,9,10,11,12,13,14,15,16],"minutes":[0,10,20,30,40,50],"tags":[],"params":{}}]
[1789488600.044][2026-09-15 09:10:00][subbas-macbook-air.local][4306][Scheduler][debug][9][Scheduler tick complete][]
[1789488660.021][2026-09-15 09:11:00][subbas-macbook-air.local][4306][Scheduler][debug][5][Ticking scheduler for timestamp: Tue Sep 15 2026 09:11:00 GMT-0700 (Pacific Daylight Time)][]
[1789488660.022][2026-09-15 09:11:00][subbas-macbook-air.local][4306][Scheduler][debug][9][Scheduler tick complete][]
[1789488720.043][2026-09-15 09:12:00][subbas-macbook-air.local][4306][Scheduler][debug][5][Ticking scheduler for timestamp: Tue Sep 15 2026 09:12:00 GMT-0700 (Pacific Daylight Time)][]
[1789488720.045][2026-09-15 09:12:00][subbas-macbook-air.local][4306][Scheduler][debug][9][Scheduler tick complete][]
[1789488780.012][2026-09-15 09:13:00][subbas-macbook-air.local][4306][Scheduler][debug][5][Ticking scheduler for timestamp: Tue Sep 15 2026 09:13:00 GMT-0700 (Pacific Daylight Time)][]
[1789488780.013][2026-09-15 09:13:00][subbas-macbook-air.local][4306][Scheduler][debug][9][Scheduler tick complete][]
[1789488840.046][2026-09-15 09:14:00][subbas-macbook-air.local][4306][Scheduler][debug][5][Ticking scheduler for timestamp: Tue Sep 15 2026 09:14:00 GMT-0700 (Pacific Daylight Time)][]
[1789488840.047][2026-09-15 09:14:00][subbas-macbook-air.local][4306][Scheduler][debug][9][Scheduler tick complete][]
[1789488900.012][2026-09-15 09:15:00][subbas-macbook-air.local][4306][Scheduler][debug][5][Ticking scheduler for timestamp: Tue Sep 15 2026 09:15:00 GMT-0700 (Pacific Daylight Time)][]
[1789488900.013][2026-09-15 09:15:00][subbas-macbook-air.local][4306][Scheduler][debug][9][Scheduler tick complete][]
[1789488960.057][2026-09-15 09:16:00][subbas-macbook-air.local][4306][Scheduler][debug][5][Ticking scheduler for timestamp: Tue Sep 15 2026 09:16:00 GMT-0700 (Pacific Daylight Time)][]
[1789488960.059][2026-09-15 09:16:00][subbas-macbook-air.local][4306][Scheduler][debug][9][Scheduler tick complete][]
[1789489020.028][2026-09-15 09:17:00][subbas-macbook-air.local][4306][Scheduler][debug][5][Ticking scheduler for timestamp: Tue Sep 15 2026 09:17:00 GMT-0700 (Pacific Daylight Time)][]
[1789489020.03][2026-09-15 09:17:00][subbas-macbook-air.local][4306][Scheduler][debug][9][Scheduler tick complete][]
[1789489080.02][2026-09-15 09:18:00][subbas-macbook-air.local][4306][Scheduler][debug][5][Ticking scheduler for timestamp: Tue Sep 15 2026 09:18:00 GMT-0700 (Pacific Daylight Time)][]
[1789489080.02][2026-09-15 09:18:00][subbas-macbook-air.local][4306][Scheduler][debug][9][Scheduler tick complete][]
[1789489140.013][2026-09-15 09:19:00][subbas-macbook-air.local][4306][Scheduler][debug][5][Ticking scheduler for timestamp: Tue Sep 15 2026 09:19:00 GMT-0700 (Pacific Daylight Time)][]
[1789489140.014][2026-09-15 09:19:00][subbas-macbook-air.local][4306][Scheduler][debug][9][Scheduler tick complete][]
[1789489200.048][2026-09-15 09:20:00][subbas-macbook-air.local][4306][Scheduler][debug][5][Ticking scheduler for timestamp: Tue Sep 15 2026 09:20:00 GMT-0700 (Pacific Daylight Time)][]
[1789489200.049][2026-09-15 09:20:00][subbas-macbook-air.local][4306][Scheduler][debug][4][Auto-launching scheduled event: bloomberg-videos (emu2sckyhuzou1hh) for timestamp: Tue Sep 15 2026 09:20:00 GMT-0700 (Pacific Daylight Time)][{"enabled":true,"type":"schedule","minutes":[0,10,20,30,40,50],"hours":[6,7,8,9,10,11,12,13,14,15,16],"weekdays":[1,2,3,4,5],"tags":[],"params":{}}]
[1789489200.05][2026-09-15 09:20:00][subbas-macbook-air.local][4306][Scheduler][debug][4][Auto-launching scheduled event: bloom2 (emu2t3vr62wcc00v) for timestamp: Tue Sep 15 2026 09:20:00 GMT-0700 (Pacific Daylight Time)][{"enabled":true,"type":"schedule","weekdays":[1,2,3,4,5],"hours":[8,9,10,11,12,13,14,15,16],"minutes":[0,10,20,30,40,50],"tags":[],"params":{}}]
[1789489200.051][2026-09-15 09:20:00][subbas-macbook-air.local][4306][Scheduler][debug][9][Scheduler tick complete][]
[1789489260.027][2026-09-15 09:21:00][subbas-macbook-air.local][4306][Scheduler][debug][5][Ticking scheduler for timestamp: Tue Sep 15 2026 09:21:00 GMT-0700 (Pacific Daylight Time)][]
[1789489260.028][2026-09-15 09:21:00][subbas-macbook-air.local][4306][Scheduler][debug][9][Scheduler tick complete][]
[1789489320.012][2026-09-15 09:22:00][subbas-macbook-air.local][4306][Scheduler][debug][5][Ticking scheduler for timestamp: Tue Sep 15 2026 09:22:00 GMT-0700 (Pacific Daylight Time)][]
[1789489320.013][2026-09-15 09:22:00][subbas-macbook-air.local][4306][Scheduler][debug][9][Scheduler tick complete][]
[1789489380.037][2026-09-15 09:23:00][subbas-macbook-air.local][4306][Scheduler][debug][5][Ticking scheduler for timestamp: Tue Sep 15 2026 09:23:00 GMT-0700 (Pacific Daylight Time)][]
[1789489380.038][2026-09-15 09:23:00][subbas-macbook-air.local][4306][Scheduler][debug][9][Scheduler tick complete][]
[1789489440.012][2026-09-15 09:24:00][subbas-macbook-air.local][4306][Scheduler][debug][5][Ticking scheduler for timestamp: Tue Sep 15 2026 09:24:00 GMT-0700 (Pacific Daylight Time)][]
[1789489440.013][2026-09-15 09:24:00][subbas-macbook-air.local][4306][Scheduler][debug][9][Scheduler tick complete][]
[1789489500.034][2026-09-15 09:25:00][subbas-macbook-air.local][4306][Scheduler][debug][5][Ticking scheduler for timestamp: Tue Sep 15 2026 09:25:00 GMT-0700 (Pacific Daylight Time)][]
[1789489500.036][2026-09-15 09:25:00][subbas-macbook-air.local][4306][Scheduler][debug][9][Scheduler tick complete][]
[1789489560.009][2026-09-15 09:26:00][subbas-macbook-air.local][4306][Scheduler][debug][5][Ticking scheduler for timestamp: Tue Sep 15 2026 09:26:00 GMT-0700 (Pacific Daylight Time)][]
[1789489560.011][2026-09-15 09:26:00][subbas-macbook-air.local][4306][Scheduler][debug][9][Scheduler tick complete][]
[1789489620.037][2026-09-15 09:27:00][subbas-macbook-air.local][4306][Scheduler][debug][5][Ticking scheduler for timestamp: Tue Sep 15 2026 09:27:00 GMT-0700 (Pacific Daylight Time)][]
[1789489620.038][2026-09-15 09:27:00][subbas-macbook-air.local][4306][Scheduler][debug][9][Scheduler tick complete][]
[1789489680.033][2026-09-15 09:28:00][subbas-macbook-air.local][4306][Scheduler][debug][5][Ticking scheduler for timestamp: Tue Sep 15 2026 09:28:00 GMT-0700 (Pacific Daylight Time)][]
[1789489680.035][2026-09-15 09:28:00][subbas-macbook-air.local][4306][Scheduler][debug][9][Scheduler tick complete][]
[1789489740.054][2026-09-15 09:29:00][subbas-macbook-air.local][4306][Scheduler][debug][5][Ticking scheduler for timestamp: Tue Sep 15 2026 09:29:00 GMT-0700 (Pacific Daylight Time)][]
[1789489740.055][2026-09-15 09:29:00][subbas-macbook-air.local][4306][Scheduler][debug][9][Scheduler tick complete][]
[1789489800.039][2026-09-15 09:30:00][subbas-macbook-air.local][4306][Scheduler][debug][5][Ticking scheduler for timestamp: Tue Sep 15 2026 09:30:00 GMT-0700 (Pacific Daylight Time)][]
[1789489800.041][2026-09-15 09:30:00][subbas-macbook-air.local][4306][Scheduler][debug][4][Auto-launching scheduled event: bloomberg-videos (emu2sckyhuzou1hh) for timestamp: Tue Sep 15 2026 09:30:00 GMT-0700 (Pacific Daylight Time)][{"enabled":true,"type":"schedule","minutes":[0,10,20,30,40,50],"hours":[6,7,8,9,10,11,12,13,14,15,16],"weekdays":[1,2,3,4,5],"tags":[],"params":{}}]
[1789489800.042][2026-09-15 09:30:00][subbas-macbook-air.local][4306][Scheduler][debug][4][Auto-launching scheduled event: bloom2 (emu2t3vr62wcc00v) for timestamp: Tue Sep 15 2026 09:30:00 GMT-0700 (Pacific Daylight Time)][{"enabled":true,"type":"schedule","weekdays":[1,2,3,4,5],"hours":[8,9,10,11,12,13,14,15,16],"minutes":[0,10,20,30,40,50],"tags":[],"params":{}}]
[1789489800.043][2026-09-15 09:30:00][subbas-macbook-air.local][4306][Scheduler][debug][9][Scheduler tick complete][]
[1789489860.032][2026-09-15 09:31:00][subbas-macbook-air.local][4306][Scheduler][debug][5][Ticking scheduler for timestamp: Tue Sep 15 2026 09:31:00 GMT-0700 (Pacific Daylight Time)][]
[1789489860.034][2026-09-15 09:31:00][subbas-macbook-air.local][4306][Scheduler][debug][9][Scheduler tick complete][]
[1789489920.011][2026-09-15 09:32:00][subbas-macbook-air.local][4306][Scheduler][debug][5][Ticking scheduler for timestamp: Tue Sep 15 2026 09:32:00 GMT-0700 (Pacific Daylight Time)][]
[1789489920.012][2026-09-15 09:32:00][subbas-macbook-air.local][4306][Scheduler][debug][9][Scheduler tick complete][]
[1789489980.051][2026-09-15 09:33:00][subbas-macbook-air.local][4306][Scheduler][debug][5][Ticking scheduler for timestamp: Tue Sep 15 2026 09:33:00 GMT-0700 (Pacific Daylight Time)][]
[1789489980.052][2026-09-15 09:33:00][subbas-macbook-air.local][4306][Scheduler][debug][9][Scheduler tick complete][]
[1789490040.011][2026-09-15 09:34:00][subbas-macbook-air.local][4306][Scheduler][debug][5][Ticking scheduler for timestamp: Tue Sep 15 2026 09:34:00 GMT-0700 (Pacific Daylight Time)][]
[1789490040.013][2026-09-15 09:34:00][subbas-macbook-air.local][4306][Scheduler][debug][9][Scheduler tick complete][]
[1789490100.033][2026-09-15 09:35:00][subbas-macbook-air.local][4306][Scheduler][debug][5][Ticking scheduler for timestamp: Tue Sep 15 2026 09:35:00 GMT-0700 (Pacific Daylight Time)][]
[1789490100.035][2026-09-15 09:35:00][subbas-macbook-air.local][4306][Scheduler][debug][9][Scheduler tick complete][]
[1789490160.046][2026-09-15 09:36:00][subbas-macbook-air.local][4306][Scheduler][debug][5][Ticking scheduler for timestamp: Tue Sep 15 2026 09:36:00 GMT-0700 (Pacific Daylight Time)][]
[1789490160.048][2026-09-15 09:36:00][subbas-macbook-air.local][4306][Scheduler][debug][9][Scheduler tick complete][]
[1789490220.013][2026-09-15 09:37:00][subbas-macbook-air.local][4306][Scheduler][debug][5][Ticking scheduler for timestamp: Tue Sep 15 2026 09:37:00 GMT-0700 (Pacific Daylight Time)][]
[1789490220.014][2026-09-15 09:37:00][subbas-macbook-air.local][4306][Scheduler][debug][9][Scheduler tick complete][]
[1789490280.052][2026-09-15 09:38:00][subbas-macbook-air.local][4306][Scheduler][debug][5][Ticking scheduler for timestamp: Tue Sep 15 2026 09:38:00 GMT-0700 (Pacific Daylight Time)][]
[1789490280.053][2026-09-15 09:38:00][subbas-macbook-air.local][4306][Scheduler][debug][9][Scheduler tick complete][]
[1789490340.013][2026-09-15 09:39:00][subbas-macbook-air.local][4306][Scheduler][debug][5][Ticking scheduler for timestamp: Tue Sep 15 2026 09:39:00 GMT-0700 (Pacific Daylight Time)][]
[1789490340.014][2026-09-15 09:39:00][subbas-macbook-air.local][4306][Scheduler][debug][9][Scheduler tick complete][]
[1789490400.021][2026-09-15 09:40:00][subbas-macbook-air.local][4306][Scheduler][debug][5][Ticking scheduler for timestamp: Tue Sep 15 2026 09:40:00 GMT-0700 (Pacific Daylight Time)][]
[1789490400.022][2026-09-15 09:40:00][subbas-macbook-air.local][4306][Scheduler][debug][4][Auto-launching scheduled event: bloom2 (emu2t3vr62wcc00v) for timestamp: Tue Sep 15 2026 09:40:00 GMT-0700 (Pacific Daylight Time)][{"enabled":true,"type":"schedule","weekdays":[1,2,3,4,5],"hours":[8,9,10,11,12,13,14,15,16],"minutes":[0,10,20,30,40,50],"tags":[],"params":{}}]
[1789490400.023][2026-09-15 09:40:00][subbas-macbook-air.local][4306][Scheduler][debug][9][Scheduler tick complete][]
[1789490460.032][2026-09-15 09:41:00][subbas-macbook-air.local][4306][Scheduler][debug][5][Ticking scheduler for timestamp: Tue Sep 15 2026 09:41:00 GMT-0700 (Pacific Daylight Time)][]
[1789490460.033][2026-09-15 09:41:00][subbas-macbook-air.local][4306][Scheduler][debug][9][Scheduler tick complete][]
