[1789483240.318][2026-09-15 07:40:40][subbas-macbook-air.local][99289][Unbase][debug][2][Setting up Unbase v1.0.13][]
[1789483240.319][2026-09-15 07:40:40][subbas-macbook-air.local][99289][Unbase][debug][3][Initializing index: jobs][]
[1789483240.319][2026-09-15 07:40:40][subbas-macbook-air.local][99289][Unbase][debug][3][Initializing index: alerts][]
[1789483240.319][2026-09-15 07:40:40][subbas-macbook-air.local][99289][Unbase][debug][3][Initializing index: snapshots][]
[1789483240.319][2026-09-15 07:40:40][subbas-macbook-air.local][99289][Unbase][debug][3][Initializing index: servers][]
[1789483240.319][2026-09-15 07:40:40][subbas-macbook-air.local][99289][Unbase][debug][3][Initializing index: activity][]
[1789483240.319][2026-09-15 07:40:40][subbas-macbook-air.local][99289][Unbase][debug][3][Initializing index: tickets][]
[1789483240.39][2026-09-15 07:40:40][subbas-macbook-air.local][99289][Unbase][debug][6][Inserting/updating record: activity/amu2s497elk64n42][]
[1789483240.397][2026-09-15 07:40:40][subbas-macbook-air.local][99289][Unbase][debug][6][Insert complete][{"index":"activity","id":"amu2s497elk64n42"}]
[1789483240.397][2026-09-15 07:40:40][subbas-macbook-air.local][99289][Unbase][debug][6][Inserting/updating record: activity/amu2s497ell06e25][]
[1789483240.401][2026-09-15 07:40:40][subbas-macbook-air.local][99289][Unbase][debug][6][Insert complete][{"index":"activity","id":"amu2s497ell06e25"}]
[1789483240.401][2026-09-15 07:40:40][subbas-macbook-air.local][99289][Unbase][debug][6][Inserting/updating record: activity/amu2s497elm1px8f][]
[1789483240.405][2026-09-15 07:40:40][subbas-macbook-air.local][99289][Unbase][debug][6][Insert complete][{"index":"activity","id":"amu2s497elm1px8f"}]
[1789483240.405][2026-09-15 07:40:40][subbas-macbook-air.local][99289][Unbase][debug][6][Inserting/updating record: activity/amu2s497elnffa41][]
[1789483240.41][2026-09-15 07:40:40][subbas-macbook-air.local][99289][Unbase][debug][6][Insert complete][{"index":"activity","id":"amu2s497elnffa41"}]
[1789483240.41][2026-09-15 07:40:40][subbas-macbook-air.local][99289][Unbase][debug][6][Inserting/updating record: activity/amu2s497elofrsly][]
[1789483240.414][2026-09-15 07:40:40][subbas-macbook-air.local][99289][Unbase][debug][6][Insert complete][{"index":"activity","id":"amu2s497elofrsly"}]
[1789483240.414][2026-09-15 07:40:40][subbas-macbook-air.local][99289][Unbase][debug][6][Inserting/updating record: activity/amu2s497elpgec33][]
[1789483240.419][2026-09-15 07:40:40][subbas-macbook-air.local][99289][Unbase][debug][6][Insert complete][{"index":"activity","id":"amu2s497elpgec33"}]
[1789483240.419][2026-09-15 07:40:40][subbas-macbook-air.local][99289][Unbase][debug][6][Inserting/updating record: activity/amu2s497elqn38yh][]
[1789483240.423][2026-09-15 07:40:40][subbas-macbook-air.local][99289][Unbase][debug][6][Insert complete][{"index":"activity","id":"amu2s497elqn38yh"}]
[1789483240.423][2026-09-15 07:40:40][subbas-macbook-air.local][99289][Unbase][debug][6][Inserting/updating record: activity/amu2s497elrhwjet][]
[1789483240.428][2026-09-15 07:40:40][subbas-macbook-air.local][99289][Unbase][debug][6][Insert complete][{"index":"activity","id":"amu2s497elrhwjet"}]
[1789483240.428][2026-09-15 07:40:40][subbas-macbook-air.local][99289][Unbase][debug][6][Inserting/updating record: activity/amu2s497elsb4fn3][]
[1789483240.432][2026-09-15 07:40:40][subbas-macbook-air.local][99289][Unbase][debug][6][Insert complete][{"index":"activity","id":"amu2s497elsb4fn3"}]
[1789483240.432][2026-09-15 07:40:40][subbas-macbook-air.local][99289][Unbase][debug][6][Inserting/updating record: activity/amu2s497eltf38a7][]
[1789483240.439][2026-09-15 07:40:40][subbas-macbook-air.local][99289][Unbase][debug][6][Insert complete][{"index":"activity","id":"amu2s497eltf38a7"}]
[1789483240.439][2026-09-15 07:40:40][subbas-macbook-air.local][99289][Unbase][debug][6][Inserting/updating record: activity/amu2s497elu9vnfc][]
[1789483240.443][2026-09-15 07:40:40][subbas-macbook-air.local][99289][Unbase][debug][6][Insert complete][{"index":"activity","id":"amu2s497elu9vnfc"}]
[1789483240.443][2026-09-15 07:40:40][subbas-macbook-air.local][99289][Unbase][debug][6][Inserting/updating record: activity/amu2s497elvgcu0d][]
[1789483240.447][2026-09-15 07:40:40][subbas-macbook-air.local][99289][Unbase][debug][6][Insert complete][{"index":"activity","id":"amu2s497elvgcu0d"}]
[1789483240.447][2026-09-15 07:40:40][subbas-macbook-air.local][99289][Unbase][debug][6][Inserting/updating record: activity/amu2s497flwmzv28][]
[1789483240.451][2026-09-15 07:40:40][subbas-macbook-air.local][99289][Unbase][debug][6][Insert complete][{"index":"activity","id":"amu2s497flwmzv28"}]
[1789483240.451][2026-09-15 07:40:40][subbas-macbook-air.local][99289][Unbase][debug][6][Inserting/updating record: activity/amu2s497flxb29rc][]
[1789483240.455][2026-09-15 07:40:40][subbas-macbook-air.local][99289][Unbase][debug][6][Insert complete][{"index":"activity","id":"amu2s497flxb29rc"}]
[1789483240.455][2026-09-15 07:40:40][subbas-macbook-air.local][99289][Unbase][debug][6][Inserting/updating record: activity/amu2s497flywfju7][]
[1789483240.459][2026-09-15 07:40:40][subbas-macbook-air.local][99289][Unbase][debug][6][Insert complete][{"index":"activity","id":"amu2s497flywfju7"}]
[1789483240.459][2026-09-15 07:40:40][subbas-macbook-air.local][99289][Unbase][debug][6][Inserting/updating record: activity/amu2s497flzp3rmb][]
[1789483240.464][2026-09-15 07:40:40][subbas-macbook-air.local][99289][Unbase][debug][6][Insert complete][{"index":"activity","id":"amu2s497flzp3rmb"}]
[1789483240.464][2026-09-15 07:40:40][subbas-macbook-air.local][99289][Unbase][debug][6][Inserting/updating record: activity/amu2s497fm02tu72][]
[1789483240.468][2026-09-15 07:40:40][subbas-macbook-air.local][99289][Unbase][debug][6][Insert complete][{"index":"activity","id":"amu2s497fm02tu72"}]
[1789483240.468][2026-09-15 07:40:40][subbas-macbook-air.local][99289][Unbase][debug][6][Inserting/updating record: activity/amu2s497fm1sneqy][]
[1789483240.472][2026-09-15 07:40:40][subbas-macbook-air.local][99289][Unbase][debug][6][Insert complete][{"index":"activity","id":"amu2s497fm1sneqy"}]
[1789483240.472][2026-09-15 07:40:40][subbas-macbook-air.local][99289][Unbase][debug][6][Inserting/updating record: activity/amu2s497fm2ug4sf][]
[1789483240.476][2026-09-15 07:40:40][subbas-macbook-air.local][99289][Unbase][debug][6][Insert complete][{"index":"activity","id":"amu2s497fm2ug4sf"}]
[1789483240.476][2026-09-15 07:40:40][subbas-macbook-air.local][99289][Unbase][debug][6][Inserting/updating record: activity/amu2s497fm3esz0g][]
[1789483240.48][2026-09-15 07:40:40][subbas-macbook-air.local][99289][Unbase][debug][6][Insert complete][{"index":"activity","id":"amu2s497fm3esz0g"}]
[1789483240.48][2026-09-15 07:40:40][subbas-macbook-air.local][99289][Unbase][debug][6][Inserting/updating record: activity/amu2s497fm4c6eok][]
[1789483240.484][2026-09-15 07:40:40][subbas-macbook-air.local][99289][Unbase][debug][6][Insert complete][{"index":"activity","id":"amu2s497fm4c6eok"}]
[1789483240.484][2026-09-15 07:40:40][subbas-macbook-air.local][99289][Unbase][debug][6][Inserting/updating record: activity/amu2s497fm51spkq][]
[1789483240.488][2026-09-15 07:40:40][subbas-macbook-air.local][99289][Unbase][debug][6][Insert complete][{"index":"activity","id":"amu2s497fm51spkq"}]
[1789483240.488][2026-09-15 07:40:40][subbas-macbook-air.local][99289][Unbase][debug][6][Inserting/updating record: activity/amu2s497fm6jkwwd][]
[1789483240.492][2026-09-15 07:40:40][subbas-macbook-air.local][99289][Unbase][debug][6][Insert complete][{"index":"activity","id":"amu2s497fm6jkwwd"}]
[1789483240.492][2026-09-15 07:40:40][subbas-macbook-air.local][99289][Unbase][debug][6][Inserting/updating record: activity/amu2s497fm7kvww4][]
[1789483240.499][2026-09-15 07:40:40][subbas-macbook-air.local][99289][Unbase][debug][6][Insert complete][{"index":"activity","id":"amu2s497fm7kvww4"}]
[1789483240.499][2026-09-15 07:40:40][subbas-macbook-air.local][99289][Unbase][debug][6][Inserting/updating record: activity/amu2s497fm8d46zf][]
[1789483240.503][2026-09-15 07:40:40][subbas-macbook-air.local][99289][Unbase][debug][6][Insert complete][{"index":"activity","id":"amu2s497fm8d46zf"}]
[1789483240.503][2026-09-15 07:40:40][subbas-macbook-air.local][99289][Unbase][debug][6][Inserting/updating record: activity/amu2s497fm9c5edf][]
[1789483240.507][2026-09-15 07:40:40][subbas-macbook-air.local][99289][Unbase][debug][6][Insert complete][{"index":"activity","id":"amu2s497fm9c5edf"}]
[1789483240.507][2026-09-15 07:40:40][subbas-macbook-air.local][99289][Unbase][debug][6][Inserting/updating record: activity/amu2s497fma2iov9][]
[1789483240.511][2026-09-15 07:40:40][subbas-macbook-air.local][99289][Unbase][debug][6][Insert complete][{"index":"activity","id":"amu2s497fma2iov9"}]
[1789483240.511][2026-09-15 07:40:40][subbas-macbook-air.local][99289][Unbase][debug][6][Inserting/updating record: activity/amu2s497fmbg8eld][]
[1789483240.515][2026-09-15 07:40:40][subbas-macbook-air.local][99289][Unbase][debug][6][Insert complete][{"index":"activity","id":"amu2s497fmbg8eld"}]
[1789483240.516][2026-09-15 07:40:40][subbas-macbook-air.local][99289][Unbase][debug][6][Inserting/updating record: activity/amu2s497fmcopdxo][]
[1789483240.52][2026-09-15 07:40:40][subbas-macbook-air.local][99289][Unbase][debug][6][Insert complete][{"index":"activity","id":"amu2s497fmcopdxo"}]
[1789483240.52][2026-09-15 07:40:40][subbas-macbook-air.local][99289][Unbase][debug][6][Inserting/updating record: activity/amu2s497fmddtq57][]
[1789483240.523][2026-09-15 07:40:40][subbas-macbook-air.local][99289][Unbase][debug][6][Insert complete][{"index":"activity","id":"amu2s497fmddtq57"}]
[1789483240.523][2026-09-15 07:40:40][subbas-macbook-air.local][99289][Unbase][debug][6][Inserting/updating record: activity/amu2s497fmeivniv][]
[1789483240.527][2026-09-15 07:40:40][subbas-macbook-air.local][99289][Unbase][debug][6][Insert complete][{"index":"activity","id":"amu2s497fmeivniv"}]
[1789483240.527][2026-09-15 07:40:40][subbas-macbook-air.local][99289][Unbase][debug][6][Inserting/updating record: activity/amu2s497fmf8eild][]
[1789483240.531][2026-09-15 07:40:40][subbas-macbook-air.local][99289][Unbase][debug][6][Insert complete][{"index":"activity","id":"amu2s497fmf8eild"}]
[1789483240.54][2026-09-15 07:40:40][subbas-macbook-air.local][99289][Unbase][debug][7][Performing alerts search: active:true][{}]
[1789483240.541][2026-09-15 07:40:40][subbas-macbook-air.local][99289][Unbase][debug][8][Found 0 records, returning all of them][[]]
[1789483285.842][2026-09-15 07:41:25][subbas-macbook-air.local][99289][Unbase][debug][6][Inserting/updating record: activity/amu2s58b6sq2bmlf][]
[1789483285.856][2026-09-15 07:41:25][subbas-macbook-air.local][99289][Unbase][debug][6][Insert complete][{"index":"activity","id":"amu2s58b6sq2bmlf"}]
[1789483338.179][2026-09-15 07:42:18][subbas-macbook-air.local][99289][Unbase][debug][6][Inserting/updating record: activity/amu2s6coztc7pcrn][]
[1789483338.248][2026-09-15 07:42:18][subbas-macbook-air.local][99289][Unbase][debug][6][Insert complete][{"index":"activity","id":"amu2s6coztc7pcrn"}]
[1789483628.842][2026-09-15 07:47:08][subbas-macbook-air.local][99289][Unbase][debug][6][Inserting/updating record: activity/amu2sckyyv0g8f3x][]
[1789483628.856][2026-09-15 07:47:08][subbas-macbook-air.local][99289][Unbase][debug][6][Insert complete][{"index":"activity","id":"amu2sckyyv0g8f3x"}]
[1789483628.871][2026-09-15 07:47:08][subbas-macbook-air.local][99289][Unbase][debug][7][Performing jobs search: event:emu2sckyhuzou1hh][{"sub":"view","id":"emu2sckyhuzou1hh","query":"event:emu2sckyhuzou1hh","limit":25,"offset":0,"sort_by":"_id","sort_dir":-1}]
[1789483628.875][2026-09-15 07:47:08][subbas-macbook-air.local][99289][Unbase][debug][8][Found 0 records, returning 0 at offset 0][[]]
[1789483628.969][2026-09-15 07:47:08][subbas-macbook-air.local][99289][Unbase][debug][7][Performing activity search: action:event_create|event_update|event_delete keywords:emu2sckyhuzou1hh][{"id":"emu2sckyhuzou1hh","offset":0,"limit":26,"sort_by":"_id","sort_dir":-1,"query":"action:event_create|event_update|event_delete keywords:emu2sckyhuzou1hh"}]
[1789483628.973][2026-09-15 07:47:08][subbas-macbook-air.local][99289][Unbase][debug][8][Found 1 records, returning 1 at offset 0][["amu2sckyyv0g8f3x"]]
[1789483800.046][2026-09-15 07:50:00][subbas-macbook-air.local][99289][Unbase][debug][6][Inserting/updating record: jobs/jmu2sg924w2n4thh][]
[1789483800.068][2026-09-15 07:50:00][subbas-macbook-air.local][99289][Unbase][debug][6][Insert complete][{"index":"jobs","id":"jmu2sg924w2n4thh"}]
[1789483810.928][2026-09-15 07:50:10][subbas-macbook-air.local][99289][Unbase][debug][7][Performing jobs search: event:emu2sckyhuzou1hh][{"sub":"view","id":"emu2sckyhuzou1hh","query":"event:emu2sckyhuzou1hh","limit":25,"offset":0,"sort_by":"_id","sort_dir":-1}]
[1789483810.931][2026-09-15 07:50:10][subbas-macbook-air.local][99289][Unbase][debug][8][Found 1 records, returning 1 at offset 0][["jmu2sg924w2n4thh"]]
[1789483889.417][2026-09-15 07:51:29][subbas-macbook-air.local][99289][Unbase][debug][7][Performing jobs search: event:emu2sckyhuzou1hh date:1789455600..1789541999][{"query":"event:emu2sckyhuzou1hh date:1789455600..1789541999","offset":0,"limit":50,"compact":"1","sort_by":"_id","sort_dir":-1}]
[1789483889.425][2026-09-15 07:51:29][subbas-macbook-air.local][99289][Unbase][debug][8][Found 1 records, returning 1 at offset 0][["jmu2sg924w2n4thh"]]
[1789483916.307][2026-09-15 07:51:56][subbas-macbook-air.local][99289][Unbase][debug][7][Performing activity search: *][{"query":"*","offset":0,"limit":50,"sort_by":"_id","sort_dir":-1}]
[1789483916.31][2026-09-15 07:51:56][subbas-macbook-air.local][99289][Unbase][debug][8][Found 35 records, returning 35 at offset 0][["amu2sckyyv0g8f3x","amu2s6coztc7pcrn","amu2s58b6sq2bmlf","amu2s497fmf8eild","amu2s497fmeivniv","amu2s497fmddtq57","amu2s497fmcopdxo","amu2s497fmbg8eld","amu2s497fma2iov9","amu2s497fm9c5edf","amu2s497fm8d46zf","amu2s497fm7kvww4","amu2s497fm6jkwwd","amu2s497fm51spkq","amu2s497fm4c6eok","amu2s497fm3esz0g","amu2s497fm2ug4sf","amu2s497fm1sneqy","amu2s497fm02tu72","amu2s497flzp3rmb","amu2s497flywfju7","amu2s497flxb29rc","amu2s497flwmzv28","amu2s497elvgcu0d","amu2s497elu9vnfc","amu2s497eltf38a7","amu2s497elsb4fn3","amu2s497elrhwjet","amu2s497elqn38yh","amu2s497elpgec33","amu2s497elofrsly","amu2s497elnffa41","amu2s497elm1px8f","amu2s497ell06e25","amu2s497elk64n42"]]
[1789484333.934][2026-09-15 07:58:53][subbas-macbook-air.local][99289][Unbase][debug][7][Performing servers search: *][{"query":"*","offset":0,"limit":50,"sort_by":"_id","sort_dir":-1}]
[1789484333.938][2026-09-15 07:58:53][subbas-macbook-air.local][99289][Unbase][debug][8][Found 0 records, returning 0 at offset 0][[]]
[1789484400.049][2026-09-15 08:00:00][subbas-macbook-air.local][99289][Unbase][debug][6][Inserting/updating record: jobs/jmu2st413zfcua55][]
[1789484400.077][2026-09-15 08:00:00][subbas-macbook-air.local][99289][Unbase][debug][6][Insert complete][{"index":"jobs","id":"jmu2st413zfcua55"}]
[1789484516.188][2026-09-15 08:01:56][subbas-macbook-air.local][99289][Unbase][debug][6][Inserting/updating record: activity/amu2svlnglic5kdn][]
[1789484516.189][2026-09-15 08:01:56][subbas-macbook-air.local][99289][Unbase][debug][6][Inserting/updating record: servers/smu2svkrvihxgeos][]
[1789484516.261][2026-09-15 08:01:56][subbas-macbook-air.local][99289][Unbase][debug][6][Insert complete][{"index":"activity","id":"amu2svlnglic5kdn"}]
[1789484516.264][2026-09-15 08:01:56][subbas-macbook-air.local][99289][Unbase][debug][6][Insert complete][{"index":"servers","id":"smu2svkrvihxgeos"}]
[1789484545.791][2026-09-15 08:02:25][subbas-macbook-air.local][99289][Unbase][debug][2][Shutting down Unbase][]
[1789484554.113][2026-09-15 08:02:34][subbas-macbook-air.local][4306][Unbase][debug][2][Setting up Unbase v1.0.13][]
[1789484554.114][2026-09-15 08:02:34][subbas-macbook-air.local][4306][Unbase][debug][3][Initializing index: jobs][]
[1789484554.114][2026-09-15 08:02:34][subbas-macbook-air.local][4306][Unbase][debug][3][Initializing index: alerts][]
[1789484554.114][2026-09-15 08:02:34][subbas-macbook-air.local][4306][Unbase][debug][3][Initializing index: snapshots][]
[1789484554.114][2026-09-15 08:02:34][subbas-macbook-air.local][4306][Unbase][debug][3][Initializing index: servers][]
[1789484554.114][2026-09-15 08:02:34][subbas-macbook-air.local][4306][Unbase][debug][3][Initializing index: activity][]
[1789484554.114][2026-09-15 08:02:34][subbas-macbook-air.local][4306][Unbase][debug][3][Initializing index: tickets][]
[1789484554.163][2026-09-15 08:02:34][subbas-macbook-air.local][4306][Unbase][debug][7][Performing alerts search: active:true][{}]
[1789484554.165][2026-09-15 08:02:34][subbas-macbook-air.local][4306][Unbase][debug][8][Found 0 records, returning all of them][[]]
[1789484558.156][2026-09-15 08:02:38][subbas-macbook-air.local][4306][Unbase][debug][6][Inserting/updating record: activity/amu2swi18zgxrwmu][]
[1789484558.156][2026-09-15 08:02:38][subbas-macbook-air.local][4306][Unbase][debug][6][Inserting/updating record: servers/smu2svkrvihxgeos][]
[1789484558.171][2026-09-15 08:02:38][subbas-macbook-air.local][4306][Unbase][debug][6][Insert complete][{"index":"servers","id":"smu2svkrvihxgeos"}]
[1789484558.173][2026-09-15 08:02:38][subbas-macbook-air.local][4306][Unbase][debug][6][Insert complete][{"index":"activity","id":"amu2swi18zgxrwmu"}]
[1789484629.903][2026-09-15 08:03:49][subbas-macbook-air.local][4306][Unbase][debug][7][Performing activity search: action:event_create|event_update|event_delete][{"type":"events","query":"action:event_create|event_update|event_delete","offset":0,"limit":51,"sort_by":"_id","sort_dir":-1}]
[1789484629.91][2026-09-15 08:03:49][subbas-macbook-air.local][4306][Unbase][debug][8][Found 1 records, returning 1 at offset 0][["amu2sckyyv0g8f3x"]]
[1789484655.136][2026-09-15 08:04:15][subbas-macbook-air.local][4306][Unbase][debug][7][Performing jobs search: event:emu2sckyhuzou1hh][{"query":"event:emu2sckyhuzou1hh","offset":0,"limit":50,"compact":"1","sort_by":"_id","sort_dir":-1}]
[1789484655.141][2026-09-15 08:04:15][subbas-macbook-air.local][4306][Unbase][debug][8][Found 2 records, returning 2 at offset 0][["jmu2st413zfcua55","jmu2sg924w2n4thh"]]
[1789484902.546][2026-09-15 08:08:22][subbas-macbook-air.local][4306][Unbase][debug][6][Inserting/updating record: activity/amu2t3vrm2x3zm90][]
[1789484902.564][2026-09-15 08:08:22][subbas-macbook-air.local][4306][Unbase][debug][6][Insert complete][{"index":"activity","id":"amu2t3vrm2x3zm90"}]
[1789484902.597][2026-09-15 08:08:22][subbas-macbook-air.local][4306][Unbase][debug][7][Performing jobs search: event:emu2t3vr62wcc00v][{"sub":"view","id":"emu2t3vr62wcc00v","query":"event:emu2t3vr62wcc00v","limit":25,"offset":0,"sort_by":"_id","sort_dir":-1}]
[1789484902.601][2026-09-15 08:08:22][subbas-macbook-air.local][4306][Unbase][debug][8][Found 0 records, returning 0 at offset 0][[]]
[1789484902.694][2026-09-15 08:08:22][subbas-macbook-air.local][4306][Unbase][debug][7][Performing activity search: action:event_create|event_update|event_delete keywords:emu2t3vr62wcc00v][{"id":"emu2t3vr62wcc00v","offset":0,"limit":26,"sort_by":"_id","sort_dir":-1,"query":"action:event_create|event_update|event_delete keywords:emu2t3vr62wcc00v"}]
[1789484902.701][2026-09-15 08:08:22][subbas-macbook-air.local][4306][Unbase][debug][8][Found 1 records, returning 1 at offset 0][["amu2t3vrm2x3zm90"]]
[1789484950.663][2026-09-15 08:09:10][subbas-macbook-air.local][4306][Unbase][debug][7][Performing activity search: *][{"query":"*","offset":0,"limit":50,"sort_by":"_id","sort_dir":-1}]
[1789484950.665][2026-09-15 08:09:10][subbas-macbook-air.local][4306][Unbase][debug][8][Found 38 records, returning 38 at offset 0][["amu2t3vrm2x3zm90","amu2swi18zgxrwmu","amu2svlnglic5kdn","amu2sckyyv0g8f3x","amu2s6coztc7pcrn","amu2s58b6sq2bmlf","amu2s497fmf8eild","amu2s497fmeivniv","amu2s497fmddtq57","amu2s497fmcopdxo","amu2s497fmbg8eld","amu2s497fma2iov9","amu2s497fm9c5edf","amu2s497fm8d46zf","amu2s497fm7kvww4","amu2s497fm6jkwwd","amu2s497fm51spkq","amu2s497fm4c6eok","amu2s497fm3esz0g","amu2s497fm2ug4sf","amu2s497fm1sneqy","amu2s497fm02tu72","amu2s497flzp3rmb","amu2s497flywfju7","amu2s497flxb29rc","amu2s497flwmzv28","amu2s497elvgcu0d","amu2s497elu9vnfc","amu2s497eltf38a7","amu2s497elsb4fn3","amu2s497elrhwjet","amu2s497elqn38yh","amu2s497elpgec33","amu2s497elofrsly","amu2s497elnffa41","amu2s497elm1px8f","amu2s497ell06e25","amu2s497elk64n42"]]
[1789485004.253][2026-09-15 08:10:04][subbas-macbook-air.local][4306][Unbase][debug][6][Inserting/updating record: snapshots/snmu2t628s4oktn6][]
[1789485004.263][2026-09-15 08:10:04][subbas-macbook-air.local][4306][Unbase][debug][6][Insert complete][{"index":"snapshots","id":"snmu2t628s4oktn6"}]
[1789485004.264][2026-09-15 08:10:04][subbas-macbook-air.local][4306][Unbase][debug][6][Inserting/updating record: jobs/jmu2t5yzy444fgwx][]
[1789485004.272][2026-09-15 08:10:04][subbas-macbook-air.local][4306][Unbase][debug][6][Insert complete][{"index":"jobs","id":"jmu2t5yzy444fgwx"}]
[1789485020.964][2026-09-15 08:10:20][subbas-macbook-air.local][4306][Unbase][debug][6][Inserting/updating record: jobs/jmu2t5z1j4clmucl][]
[1789485020.972][2026-09-15 08:10:20][subbas-macbook-air.local][4306][Unbase][debug][6][Insert complete][{"index":"jobs","id":"jmu2t5z1j4clmucl"}]
[1789485200.69][2026-09-15 08:13:20][subbas-macbook-air.local][4306][Unbase][debug][7][Performing activity search: *][{"query":"*","offset":0,"limit":50,"sort_by":"_id","sort_dir":-1}]
[1789485200.692][2026-09-15 08:13:20][subbas-macbook-air.local][4306][Unbase][debug][8][Found 38 records, returning 38 at offset 0][["amu2t3vrm2x3zm90","amu2swi18zgxrwmu","amu2svlnglic5kdn","amu2sckyyv0g8f3x","amu2s6coztc7pcrn","amu2s58b6sq2bmlf","amu2s497fmf8eild","amu2s497fmeivniv","amu2s497fmddtq57","amu2s497fmcopdxo","amu2s497fmbg8eld","amu2s497fma2iov9","amu2s497fm9c5edf","amu2s497fm8d46zf","amu2s497fm7kvww4","amu2s497fm6jkwwd","amu2s497fm51spkq","amu2s497fm4c6eok","amu2s497fm3esz0g","amu2s497fm2ug4sf","amu2s497fm1sneqy","amu2s497fm02tu72","amu2s497flzp3rmb","amu2s497flywfju7","amu2s497flxb29rc","amu2s497flwmzv28","amu2s497elvgcu0d","amu2s497elu9vnfc","amu2s497eltf38a7","amu2s497elsb4fn3","amu2s497elrhwjet","amu2s497elqn38yh","amu2s497elpgec33","amu2s497elofrsly","amu2s497elnffa41","amu2s497elm1px8f","amu2s497ell06e25","amu2s497elk64n42"]]
[1789485283.026][2026-09-15 08:14:43][subbas-macbook-air.local][4306][Unbase][debug][7][Performing snapshots search: jobs:jmu2t5z1j4clmucl][{"query":"jobs:jmu2t5z1j4clmucl","offset":0,"limit":25,"sort_by":"_id","sort_dir":"-1","ttl":"1"}]
[1789485283.03][2026-09-15 08:14:43][subbas-macbook-air.local][4306][Unbase][debug][8][Found 1 records, returning 1 at offset 0][["snmu2t628s4oktn6"]]
[1789485283.037][2026-09-15 08:14:43][subbas-macbook-air.local][4306][Unbase][debug][7][Performing alerts search: jobs:jmu2t5z1j4clmucl][{"query":"jobs:jmu2t5z1j4clmucl","offset":0,"limit":25,"sort_by":"_id","sort_dir":"-1","ttl":"1"}]
[1789485283.04][2026-09-15 08:14:43][subbas-macbook-air.local][4306][Unbase][debug][8][Found 0 records, returning 0 at offset 0][[]]
[1789485600.637][2026-09-15 08:20:00][subbas-macbook-air.local][4306][Unbase][debug][6][Inserting/updating record: snapshots/snmu2tiuf0c55pp2][]
[1789485600.645][2026-09-15 08:20:00][subbas-macbook-air.local][4306][Unbase][debug][6][Insert complete][{"index":"snapshots","id":"snmu2tiuf0c55pp2"}]
[1789485600.645][2026-09-15 08:20:00][subbas-macbook-air.local][4306][Unbase][debug][6][Inserting/updating record: jobs/jmu2tity2blzas2d][]
[1789485600.654][2026-09-15 08:20:00][subbas-macbook-air.local][4306][Unbase][debug][6][Insert complete][{"index":"jobs","id":"jmu2tity2blzas2d"}]
[1789485601.643][2026-09-15 08:20:01][subbas-macbook-air.local][4306][Unbase][debug][6][Inserting/updating record: jobs/jmu2titzqbt2uuyt][]
[1789485601.652][2026-09-15 08:20:01][subbas-macbook-air.local][4306][Unbase][debug][6][Insert complete][{"index":"jobs","id":"jmu2titzqbt2uuyt"}]
[1789485917.682][2026-09-15 08:25:17][subbas-macbook-air.local][4306][Unbase][debug][6][Inserting/updating record: activity/amu2tpn1ugayxfy1][]
[1789485917.701][2026-09-15 08:25:17][subbas-macbook-air.local][4306][Unbase][debug][6][Insert complete][{"index":"activity","id":"amu2tpn1ugayxfy1"}]
[1789486200.535][2026-09-15 08:30:00][subbas-macbook-air.local][4306][Unbase][debug][6][Inserting/updating record: snapshots/snmu2tvpavjt9mha][]
[1789486200.544][2026-09-15 08:30:00][subbas-macbook-air.local][4306][Unbase][debug][6][Insert complete][{"index":"snapshots","id":"snmu2tvpavjt9mha"}]
[1789486200.544][2026-09-15 08:30:00][subbas-macbook-air.local][4306][Unbase][debug][6][Inserting/updating record: jobs/jmu2tvoyyjh03zum][]
[1789486200.552][2026-09-15 08:30:00][subbas-macbook-air.local][4306][Unbase][debug][6][Insert complete][{"index":"jobs","id":"jmu2tvoyyjh03zum"}]
[1789486204.9][2026-09-15 08:30:04][subbas-macbook-air.local][4306][Unbase][debug][6][Inserting/updating record: jobs/jmu2tvoxfj9ru706][]
[1789486204.911][2026-09-15 08:30:04][subbas-macbook-air.local][4306][Unbase][debug][6][Insert complete][{"index":"jobs","id":"jmu2tvoxfj9ru706"}]
[1789486498.211][2026-09-15 08:34:58][subbas-macbook-air.local][4306][Unbase][debug][7][Performing snapshots search: jobs:jmu2tvoyyjh03zum][{"query":"jobs:jmu2tvoyyjh03zum","offset":0,"limit":25,"sort_by":"_id","sort_dir":"-1","ttl":"1"}]
[1789486498.215][2026-09-15 08:34:58][subbas-macbook-air.local][4306][Unbase][debug][8][Found 1 records, returning 1 at offset 0][["snmu2tvpavjt9mha"]]
[1789486498.225][2026-09-15 08:34:58][subbas-macbook-air.local][4306][Unbase][debug][7][Performing alerts search: jobs:jmu2tvoyyjh03zum][{"query":"jobs:jmu2tvoyyjh03zum","offset":0,"limit":25,"sort_by":"_id","sort_dir":"-1","ttl":"1"}]
[1789486498.228][2026-09-15 08:34:58][subbas-macbook-air.local][4306][Unbase][debug][8][Found 0 records, returning 0 at offset 0][[]]
[1789486706.57][2026-09-15 08:38:26][subbas-macbook-air.local][4306][Unbase][debug][7][Performing alerts search: jobs:jmu2tvoyyjh03zum][{"query":"jobs:jmu2tvoyyjh03zum","offset":0,"limit":25,"sort_by":"_id","sort_dir":"-1","ttl":"1"}]
[1789486706.571][2026-09-15 08:38:26][subbas-macbook-air.local][4306][Unbase][debug][8][Found 0 records, returning 0 at offset 0][[]]
[1789486930.086][2026-09-15 08:42:10][subbas-macbook-air.local][4306][Unbase][debug][6][Inserting/updating record: activity/amu2ubc85pt6v747][]
[1789486930.11][2026-09-15 08:42:10][subbas-macbook-air.local][4306][Unbase][debug][6][Updating record: servers/smu2svkrvihxgeos][]
[1789486930.157][2026-09-15 08:42:10][subbas-macbook-air.local][4306][Unbase][debug][6][Update complete][{"index":"servers","id":"smu2svkrvihxgeos"}]
[1789486930.164][2026-09-15 08:42:10][subbas-macbook-air.local][4306][Unbase][debug][6][Insert complete][{"index":"activity","id":"amu2ubc85pt6v747"}]
[1789486931.745][2026-09-15 08:42:11][subbas-macbook-air.local][4306][Unbase][debug][6][Inserting/updating record: activity/amu2ubdi9q1m3uut][]
[1789486931.745][2026-09-15 08:42:11][subbas-macbook-air.local][4306][Unbase][debug][6][Inserting/updating record: servers/smu2svkrvihxgeos][]
[1789486931.752][2026-09-15 08:42:11][subbas-macbook-air.local][4306][Unbase][debug][6][Insert complete][{"index":"servers","id":"smu2svkrvihxgeos"}]
[1789486931.837][2026-09-15 08:42:11][subbas-macbook-air.local][4306][Unbase][debug][6][Insert complete][{"index":"activity","id":"amu2ubdi9q1m3uut"}]
[1789487400.593][2026-09-15 08:50:00][subbas-macbook-air.local][4306][Unbase][debug][6][Inserting/updating record: snapshots/snmu2ulf9tv85son][]
[1789487400.603][2026-09-15 08:50:00][subbas-macbook-air.local][4306][Unbase][debug][6][Insert complete][{"index":"snapshots","id":"snmu2ulf9tv85son"}]
[1789487400.603][2026-09-15 08:50:00][subbas-macbook-air.local][4306][Unbase][debug][6][Inserting/updating record: jobs/jmu2ulewtuw8xmrj][]
[1789487400.613][2026-09-15 08:50:00][subbas-macbook-air.local][4306][Unbase][debug][6][Insert complete][{"index":"jobs","id":"jmu2ulewtuw8xmrj"}]
[1789487401.71][2026-09-15 08:50:01][subbas-macbook-air.local][4306][Unbase][debug][6][Inserting/updating record: jobs/jmu2ulev0uo65fam][]
[1789487401.716][2026-09-15 08:50:01][subbas-macbook-air.local][4306][Unbase][debug][6][Insert complete][{"index":"jobs","id":"jmu2ulev0uo65fam"}]
[1789488000.493][2026-09-15 09:00:00][subbas-macbook-air.local][4306][Unbase][debug][6][Inserting/updating record: snapshots/snmu2uya5p2lv4ge][]
[1789488000.502][2026-09-15 09:00:00][subbas-macbook-air.local][4306][Unbase][debug][6][Insert complete][{"index":"snapshots","id":"snmu2uya5p2lv4ge"}]
[1789488000.504][2026-09-15 09:00:00][subbas-macbook-air.local][4306][Unbase][debug][6][Inserting/updating record: jobs/jmu2uy9v329g0h04][]
[1789488000.513][2026-09-15 09:00:00][subbas-macbook-air.local][4306][Unbase][debug][6][Insert complete][{"index":"jobs","id":"jmu2uy9v329g0h04"}]
[1789488001.516][2026-09-15 09:00:01][subbas-macbook-air.local][4306][Unbase][debug][6][Inserting/updating record: jobs/jmu2uy9tj211zwhn][]
[1789488001.523][2026-09-15 09:00:01][subbas-macbook-air.local][4306][Unbase][debug][6][Insert complete][{"index":"jobs","id":"jmu2uy9tj211zwhn"}]
[1789488600.508][2026-09-15 09:10:00][subbas-macbook-air.local][4306][Unbase][debug][6][Inserting/updating record: snapshots/snmu2vb54s9yb52j][]
[1789488600.516][2026-09-15 09:10:00][subbas-macbook-air.local][4306][Unbase][debug][6][Insert complete][{"index":"snapshots","id":"snmu2vb54s9yb52j"}]
[1789488600.516][2026-09-15 09:10:00][subbas-macbook-air.local][4306][Unbase][debug][6][Inserting/updating record: jobs/jmu2vb4tl9minz6p][]
[1789488600.529][2026-09-15 09:10:00][subbas-macbook-air.local][4306][Unbase][debug][6][Insert complete][{"index":"jobs","id":"jmu2vb4tl9minz6p"}]
[1789488601.589][2026-09-15 09:10:01][subbas-macbook-air.local][4306][Unbase][debug][6][Inserting/updating record: jobs/jmu2vb4rx9e9c1ko][]
[1789488601.597][2026-09-15 09:10:01][subbas-macbook-air.local][4306][Unbase][debug][6][Insert complete][{"index":"jobs","id":"jmu2vb4rx9e9c1ko"}]
[1789489200.516][2026-09-15 09:20:00][subbas-macbook-air.local][4306][Unbase][debug][6][Inserting/updating record: snapshots/snmu2vo03ohdcj14][]
[1789489200.53][2026-09-15 09:20:00][subbas-macbook-air.local][4306][Unbase][debug][6][Insert complete][{"index":"snapshots","id":"snmu2vo03ohdcj14"}]
[1789489200.53][2026-09-15 09:20:00][subbas-macbook-air.local][4306][Unbase][debug][6][Inserting/updating record: jobs/jmu2vnzsch1em1kl][]
[1789489200.538][2026-09-15 09:20:00][subbas-macbook-air.local][4306][Unbase][debug][6][Insert complete][{"index":"jobs","id":"jmu2vnzsch1em1kl"}]
[1789489203.43][2026-09-15 09:20:03][subbas-macbook-air.local][4306][Unbase][debug][6][Inserting/updating record: jobs/jmu2vnzqrgtkk151][]
[1789489203.439][2026-09-15 09:20:03][subbas-macbook-air.local][4306][Unbase][debug][6][Insert complete][{"index":"jobs","id":"jmu2vnzqrgtkk151"}]
[1789489800.493][2026-09-15 09:30:00][subbas-macbook-air.local][4306][Unbase][debug][6][Inserting/updating record: snapshots/snmu2w0v1poscxam][]
[1789489800.502][2026-09-15 09:30:00][subbas-macbook-air.local][4306][Unbase][debug][6][Insert complete][{"index":"snapshots","id":"snmu2w0v1poscxam"}]
[1789489800.502][2026-09-15 09:30:00][subbas-macbook-air.local][4306][Unbase][debug][6][Inserting/updating record: jobs/jmu2w0uqtoge2v4f][]
[1789489800.51][2026-09-15 09:30:00][subbas-macbook-air.local][4306][Unbase][debug][6][Insert complete][{"index":"jobs","id":"jmu2w0uqtoge2v4f"}]
[1789489822.972][2026-09-15 09:30:22][subbas-macbook-air.local][4306][Unbase][debug][6][Inserting/updating record: jobs/jmu2w0up8o83ro6z][]
[1789489822.981][2026-09-15 09:30:22][subbas-macbook-air.local][4306][Unbase][debug][6][Insert complete][{"index":"jobs","id":"jmu2w0up8o83ro6z"}]
[1789489831.51][2026-09-15 09:30:31][subbas-macbook-air.local][4306][Unbase][debug][6][Inserting/updating record: activity/amu2w1izaq7wjc0s][]
[1789489831.526][2026-09-15 09:30:31][subbas-macbook-air.local][4306][Unbase][debug][6][Insert complete][{"index":"activity","id":"amu2w1izaq7wjc0s"}]
[1789489864.421][2026-09-15 09:31:04][subbas-macbook-air.local][4306][Unbase][debug][7][Performing activity search: *][{"query":"*","offset":0,"limit":50,"sort_by":"_id","sort_dir":-1}]
[1789489864.427][2026-09-15 09:31:04][subbas-macbook-air.local][4306][Unbase][debug][8][Found 42 records, returning 42 at offset 0][["amu2w1izaq7wjc0s","amu2ubdi9q1m3uut","amu2ubc85pt6v747","amu2tpn1ugayxfy1","amu2t3vrm2x3zm90","amu2swi18zgxrwmu","amu2svlnglic5kdn","amu2sckyyv0g8f3x","amu2s6coztc7pcrn","amu2s58b6sq2bmlf","amu2s497fmf8eild","amu2s497fmeivniv","amu2s497fmddtq57","amu2s497fmcopdxo","amu2s497fmbg8eld","amu2s497fma2iov9","amu2s497fm9c5edf","amu2s497fm8d46zf","amu2s497fm7kvww4","amu2s497fm6jkwwd","amu2s497fm51spkq","amu2s497fm4c6eok","amu2s497fm3esz0g","amu2s497fm2ug4sf","amu2s497fm1sneqy","amu2s497fm02tu72","amu2s497flzp3rmb","amu2s497flywfju7","amu2s497flxb29rc","amu2s497flwmzv28","amu2s497elvgcu0d","amu2s497elu9vnfc","amu2s497eltf38a7","amu2s497elsb4fn3","amu2s497elrhwjet","amu2s497elqn38yh","amu2s497elpgec33","amu2s497elofrsly","amu2s497elnffa41","amu2s497elm1px8f","amu2s497ell06e25","amu2s497elk64n42"]]
[1789490336.016][2026-09-15 09:38:56][subbas-macbook-air.local][4306][Unbase][debug][6][Inserting/updating record: activity/amu2wcc9cv8bgb4b][]
[1789490336.043][2026-09-15 09:38:56][subbas-macbook-air.local][4306][Unbase][debug][6][Insert complete][{"index":"activity","id":"amu2wcc9cv8bgb4b"}]
[1789490337.459][2026-09-15 09:38:57][subbas-macbook-air.local][4306][Unbase][debug][6][Inserting/updating record: activity/amu2wcddfvhjhci2][]
[1789490337.482][2026-09-15 09:38:57][subbas-macbook-air.local][4306][Unbase][debug][6][Insert complete][{"index":"activity","id":"amu2wcddfvhjhci2"}]
[1789490393.526][2026-09-15 09:39:53][subbas-macbook-air.local][4306][Unbase][debug][6][Inserting/updating record: activity/amu2wdkmuwac87dt][]
[1789490393.54][2026-09-15 09:39:53][subbas-macbook-air.local][4306][Unbase][debug][6][Insert complete][{"index":"activity","id":"amu2wdkmuwac87dt"}]
[1789490400.448][2026-09-15 09:40:00][subbas-macbook-air.local][4306][Unbase][debug][6][Inserting/updating record: snapshots/snmu2wdpz4wxxv2t][]
[1789490400.455][2026-09-15 09:40:00][subbas-macbook-air.local][4306][Unbase][debug][6][Insert complete][{"index":"snapshots","id":"snmu2wdpz4wxxv2t"}]
[1789490400.455][2026-09-15 09:40:00][subbas-macbook-air.local][4306][Unbase][debug][6][Inserting/updating record: jobs/jmu2wdpncwlzoorq][]
[1789490400.463][2026-09-15 09:40:00][subbas-macbook-air.local][4306][Unbase][debug][6][Insert complete][{"index":"jobs","id":"jmu2wdpncwlzoorq"}]
[1789490510.371][2026-09-15 09:41:50][subbas-macbook-air.local][4306][Unbase][debug][2][Shutting down Unbase][]
