[1789483240.302][2026-09-15 07:40:40][Subbas-MacBook-Air.local][99289][xyOps][debug][2][xyOps v1.0.97 Starting Up][{"pid":99289,"ppid":99282,"node":"v24.15.0","arch":"arm64","platform":"darwin","argv":["/Users/sreddy/.local/share/fnm/node-versions/v24.15.0/installation/bin/node","/Users/sreddy/projects/xyops/lib/main.js","--debug","--debug_level","9","--repl","--color","--echo"],"execArgv":["--max-old-space-size=4096","--trace-warnings"]}]
[1789483240.304][2026-09-15 07:40:40][Subbas-MacBook-Air.local][99289][xyOps][debug][9][Writing PID File: logs/xyops.pid: 99289][]
[1789483240.304][2026-09-15 07:40:40][subbas-macbook-air.local][99289][xyOps][debug][2][Server Info:][{"hostname":"subbas-macbook-air.local","ip":"10.0.0.24","daemon":false}]
[1789483240.304][2026-09-15 07:40:40][subbas-macbook-air.local][99289][xyOps][debug][3][Starting component: Storage][]
[1789483240.318][2026-09-15 07:40:40][subbas-macbook-air.local][99289][xyOps][debug][3][Starting component: Unbase][]
[1789483240.319][2026-09-15 07:40:40][subbas-macbook-air.local][99289][xyOps][debug][3][Starting component: WebServer][]
[1789483240.328][2026-09-15 07:40:40][subbas-macbook-air.local][99289][xyOps][debug][3][Starting component: API][]
[1789483240.329][2026-09-15 07:40:40][subbas-macbook-air.local][99289][xyOps][debug][3][Starting component: User][]
[1789483240.329][2026-09-15 07:40:40][subbas-macbook-air.local][99289][xyOps][debug][3][Starting component: Debug][]
[1789483240.329][2026-09-15 07:40:40][subbas-macbook-air.local][99289][xyOps][debug][3][Starting component: xyOps][]
[1789483240.329][2026-09-15 07:40:40][subbas-macbook-air.local][99289][xyOps][debug][3][xyOps engine starting up][["/Users/sreddy/.local/share/fnm/node-versions/v24.15.0/installation/bin/node","/Users/sreddy/projects/xyops/lib/main.js","--debug","--debug_level","9","--repl","--color","--echo"]]
[1789483240.33][2026-09-15 07:40:40][subbas-macbook-air.local][99289][xyOps][debug][5][Local server time is: Tue Sep 15 2026 07:40:40 GMT-0700 (Pacific Daylight Time)][]
[1789483240.331][2026-09-15 07:40:40][subbas-macbook-air.local][99289][xyOps][debug][2][Testing storage system: Hybrid][]
[1789483240.331][2026-09-15 07:40:40][subbas-macbook-air.local][99289][xyOps][debug][2][Storage test successful][]
[1789483240.333][2026-09-15 07:40:40][subbas-macbook-air.local][99289][xyOps][debug][2][Startup complete, entering main loop][]
[1789483240.346][2026-09-15 07:40:40][subbas-macbook-air.local][99289][xyOps][debug][1][Creating initial storage records][]
[1789483240.531][2026-09-15 07:40:40][subbas-macbook-air.local][99289][xyOps][debug][1][Storage setup completed successfully!][]
[1789483286.393][2026-09-15 07:41:26][subbas-macbook-air.local][99289][xyOps][debug][9][Fetching master release list: https://api.github.com/repos/pixlcore/xyops/releases][]
[1789483286.87][2026-09-15 07:41:26][subbas-macbook-air.local][99289][xyOps][debug][9][Fetching satellite release list: https://api.github.com/repos/pixlcore/xysat/releases][]
[1789483287.362][2026-09-15 07:41:27][subbas-macbook-air.local][99289][xyOps][debug][5][Fetching marketplace metadata from origin: https://raw.githubusercontent.com/pixlcore/xyops-marketplace/refs/heads/main/marketplace.json][]
[1789483628.833][2026-09-15 07:47:08][subbas-macbook-air.local][99289][xyOps][debug][9][State change: events/emu2sckyhuzou1hh][{"value":{}}]
[1789483628.834][2026-09-15 07:47:08][subbas-macbook-air.local][99289][xyOps][debug][6][Creating new event: bloomberg-videos][{"id":"emu2sckyhuzou1hh","title":"bloomberg-videos","enabled":true,"targets":["main"],"params":{"script":"#!/bin/bash\n\n# Enter your shell script code here\n/Users/sreddy/projects/showmeedge/batch-jobs/market-news-analysis-on-youtube/bloomberg-youtube/run.sh","annotate":false},"fields":[],"triggers":[{"enabled":true,"type":"schedule","minutes":[0,10,20,30,40,50],"hours":[6,7,8,9,10,11,12,13,14,15,16],"weekdays":[1,2,3,4,5],"tags":[],"params":{}}],"limits":[{"type":"job","enabled":true,"amount":1},{"type":"queue","enabled":true,"amount":0},{"type":"retry","enabled":true,"amount":0,"duration":0}],"actions":[],"notes":"","category":"general","plugin":"shellplug","icon":"","tags":[],"expression":"","algo":"random","username":"admin","modified":1789483628,"created":1789483628,"revision":1}]
[1789483628.841][2026-09-15 07:47:08][subbas-macbook-air.local][99289][xyOps][debug][6][Successfully created event: bloomberg-videos][{"id":"emu2sckyhuzou1hh","title":"bloomberg-videos","enabled":true,"targets":["main"],"params":{"script":"#!/bin/bash\n\n# Enter your shell script code here\n/Users/sreddy/projects/showmeedge/batch-jobs/market-news-analysis-on-youtube/bloomberg-youtube/run.sh","annotate":false},"fields":[],"triggers":[{"enabled":true,"type":"schedule","minutes":[0,10,20,30,40,50],"hours":[6,7,8,9,10,11,12,13,14,15,16],"weekdays":[1,2,3,4,5],"tags":[],"params":{}}],"limits":[{"type":"job","enabled":true,"amount":1},{"type":"queue","enabled":true,"amount":0},{"type":"retry","enabled":true,"amount":0,"duration":0}],"actions":[],"notes":"","category":"general","plugin":"shellplug","icon":"","tags":[],"expression":"","algo":"random","username":"admin","modified":1789483628,"created":1789483628,"revision":1}]
[1789483800.044][2026-09-15 07:50:00][subbas-macbook-air.local][99289][xyOps][error][snapshot][Failed to take snapshot: No server selected for job.][{"job":"jmu2sg924w2n4thh"}]
[1789484186.841][2026-09-15 07:56:26][subbas-macbook-air.local][99289][xyOps][debug][9][Generated satellite install token: e0d3b7c680049d05cca67b77e70681a5de2811161902c3345027b8ff0f3e89ef][{"title":"","enabled":true,"icon":""}]
[1789484195.423][2026-09-15 07:56:35][subbas-macbook-air.local][99289][xyOps][debug][9][Generated satellite install token: 7356c0923d013190c7fce1771d1b176120fc632cfc926c0465588d520aecdb14][{"title":"","enabled":true,"icon":"","groups":["main"]}]
[1789484222.213][2026-09-15 07:57:02][subbas-macbook-air.local][99289][xyOps][debug][9][Generated satellite install token: 97532b5d5bc4e5a09768b2dca09d81ea7328efeed92e7bd22f9f57880dcfde81][{"title":"SR-local-Mac","enabled":true,"icon":"","groups":["main"]}]
[1789484235.565][2026-09-15 07:57:15][subbas-macbook-air.local][99289][xyOps][debug][9][Generated satellite install token: 769d926d73272c6f0b2885d4c0c8798ff1346f7826976ee1c40e7c6b81383230][{"title":"","enabled":true,"icon":""}]
[1789484244.198][2026-09-15 07:57:24][subbas-macbook-air.local][99289][xyOps][debug][9][Generated satellite install token: 02b1540b6c8699ff38e78499e3e1479dc7266a3f501898982bb90a11f36330e4][{"title":"SR-local-Mac","enabled":true,"icon":""}]
[1789484253.904][2026-09-15 07:57:33][subbas-macbook-air.local][99289][xyOps][debug][9][Generated satellite install token: 315bc051b335b091f0ce994e0478935f545dc4549977ae6dd44a7d3ef8e5f4a5][{"title":"SR-local-Mac","enabled":true,"icon":"","groups":["main"]}]
[1789484298.97][2026-09-15 07:58:18][subbas-macbook-air.local][99289][xyOps][debug][9][Generated satellite install token: 8038f90c17a08dc087c7dcf3e557a5e3868b04cf6f688db94aa9d022d3a765f9][{"title":"SR-local-Mac","enabled":true,"icon":"","groups":["main"]}]
[1789484301.626][2026-09-15 07:58:21][subbas-macbook-air.local][99289][xyOps][debug][9][Generated satellite install token: df4dc6c655bf5b59ec0b7bafcc511d1a5ea038fdb0d5ceaa10023f5e05d08db8][{"title":"SR-local-Mac","enabled":true,"icon":""}]
[1789484316.843][2026-09-15 07:58:36][subbas-macbook-air.local][99289][xyOps][debug][9][Generated satellite install token: f29877652ca2353ab1d50189d09b35807a9032e7c7ff5e05bf5a5b39b04340aa][{"title":"","enabled":true,"icon":""}]
[1789484333.921][2026-09-15 07:58:53][subbas-macbook-air.local][99289][xyOps][error][db][Failed to get server summaries: Error: Failed to fetch key: unbase/index/servers/os_platform/summary: Not found (no servers added yet?)][{"keys":["unbase/index/servers/os_platform/summary","unbase/index/servers/os_distro/summary","unbase/index/servers/os_release/summary","unbase/index/servers/os_arch/summary","unbase/index/servers/cpu_virt/summary","unbase/index/servers/cpu_brand/summary","unbase/index/servers/cpu_cores/summary"]}]
[1789484341.277][2026-09-15 07:59:01][subbas-macbook-air.local][99289][xyOps][debug][9][Generated satellite install token: ea770eca78fdcbb049b1c50339108c20e497928de348792bc5d8f1ae09b38c19][{"title":"","enabled":true,"icon":""}]
[1789484400.048][2026-09-15 08:00:00][subbas-macbook-air.local][99289][xyOps][error][snapshot][Failed to take snapshot: No server selected for job.][{"job":"jmu2st413zfcua55"}]
[1789484461.8][2026-09-15 08:01:01][subbas-macbook-air.local][99289][xyOps][debug][9][Generated satellite install token: 41cd1d47815876c7f61db88ed2f2ba300786d2b8017d85f46a20e7964a737e46][{"title":"Subbas-MacBook-Air.local","enabled":true,"icon":""}]
[1789484500.176][2026-09-15 08:01:40][subbas-macbook-air.local][99289][xyOps][debug][9][Fetching satellite install script: sat-install.sh][]
[1789484504.972][2026-09-15 08:01:44][subbas-macbook-air.local][99289][xyOps][debug][9][Fetching local satellite core: satellite/latest/satellite-darwin-arm64.tar.gz][]
[1789484504.973][2026-09-15 08:01:44][subbas-macbook-air.local][99289][xyOps][debug][5][Fetching satellite core from upstream: https://github.com/pixlcore/xysat/releases/latest/download/satellite-darwin-arm64.tar.gz][]
[1789484514.329][2026-09-15 08:01:54][subbas-macbook-air.local][99289][xyOps][debug][9][Storing satellite core in cache: satellite/latest/satellite-darwin-arm64.tar.gz][]
[1789484515.051][2026-09-15 08:01:55][subbas-macbook-air.local][99289][xyOps][debug][9][Generated satellite config: smu2svkrvihxgeos][{"port":5522,"secure":false,"socket_opts":{"rejectUnauthorized":false},"pid_file":"pid.txt","log_dir":"logs","log_filename":"[component].log","log_crashes":true,"log_archive_path":"logs/archives/[filename]-[yyyy]-[mm]-[dd].log.gz","log_archive_keep":"7 days","temp_dir":"temp","debug_level":5,"child_kill_timeout":10,"monitoring_enabled":true,"quickmon_enabled":true,"graphics_enabled":false,"docker_enabled":true,"upgrade_timeout_sec":60,"graceful":false,"airgap":{"enabled":false,"whitelist":["127.0.0.1","10.0.0.0/8","172.16.0.0/12","192.168.0.0/16","::1/128","fd00::/8","169.254.0.0/16","fe80::/10"],"blacklist":[]},"initial":{"title":"Subbas-MacBook-Air.local","enabled":true,"icon":""},"hosts":["subbas-macbook-air.local"],"server_id":"smu2svkrvihxgeos","auth_token":"f3cfedae597bfc20212f34b39d8113ffc5bfc128dba0743bea00d3c26f2f6071"}]
[1789484516.188][2026-09-15 08:01:56][subbas-macbook-air.local][99289][xyOps][debug][9][Auto-assigned groups for server have changed: smu2svkrvihxgeos][{"id":"smu2svkrvihxgeos","hostname":"subbas-macbook-air.local","old":[],"new":["main"]}]
[1789484545.787][2026-09-15 08:02:25][subbas-macbook-air.local][99289][xyOps][debug][2][Shutting down][]
[1789484545.788][2026-09-15 08:02:25][subbas-macbook-air.local][99289][xyOps][debug][9][Deleting PID File: logs/xyops.pid: 99289][]
[1789484545.788][2026-09-15 08:02:25][subbas-macbook-air.local][99289][xyOps][debug][3][Stopping component: xyOps][]
[1789484545.788][2026-09-15 08:02:25][subbas-macbook-air.local][99289][xyOps][debug][2][Shutting down xyOps][]
[1789484545.79][2026-09-15 08:02:25][subbas-macbook-air.local][99289][xyOps][debug][3][Stopping component: Debug][]
[1789484545.79][2026-09-15 08:02:25][subbas-macbook-air.local][99289][xyOps][debug][3][Stopping component: User][]
[1789484545.79][2026-09-15 08:02:25][subbas-macbook-air.local][99289][xyOps][debug][3][Stopping component: API][]
[1789484545.79][2026-09-15 08:02:25][subbas-macbook-air.local][99289][xyOps][debug][3][Stopping component: WebServer][]
[1789484545.791][2026-09-15 08:02:25][subbas-macbook-air.local][99289][xyOps][debug][3][Stopping component: Unbase][]
[1789484545.791][2026-09-15 08:02:25][subbas-macbook-air.local][99289][xyOps][debug][3][Stopping component: Storage][]
[1789484545.799][2026-09-15 08:02:25][subbas-macbook-air.local][99289][xyOps][debug][2][Shutdown complete, exiting][]
[1789484554.101][2026-09-15 08:02:34][Subbas-MacBook-Air.local][4306][xyOps][debug][2][xyOps v1.0.97 Starting Up][{"pid":4306,"ppid":4299,"node":"v24.15.0","arch":"arm64","platform":"darwin","argv":["/Users/sreddy/.local/share/fnm/node-versions/v24.15.0/installation/bin/node","/Users/sreddy/projects/xyops/lib/main.js","--debug","--debug_level","9","--repl","--color","--echo"],"execArgv":["--max-old-space-size=4096","--trace-warnings"]}]
[1789484554.103][2026-09-15 08:02:34][Subbas-MacBook-Air.local][4306][xyOps][debug][9][Writing PID File: logs/xyops.pid: 4306][]
[1789484554.103][2026-09-15 08:02:34][subbas-macbook-air.local][4306][xyOps][debug][2][Server Info:][{"hostname":"subbas-macbook-air.local","ip":"10.0.0.24","daemon":false}]
[1789484554.103][2026-09-15 08:02:34][subbas-macbook-air.local][4306][xyOps][debug][3][Starting component: Storage][]
[1789484554.113][2026-09-15 08:02:34][subbas-macbook-air.local][4306][xyOps][debug][3][Starting component: Unbase][]
[1789484554.114][2026-09-15 08:02:34][subbas-macbook-air.local][4306][xyOps][debug][3][Starting component: WebServer][]
[1789484554.123][2026-09-15 08:02:34][subbas-macbook-air.local][4306][xyOps][debug][3][Starting component: API][]
[1789484554.124][2026-09-15 08:02:34][subbas-macbook-air.local][4306][xyOps][debug][3][Starting component: User][]
[1789484554.124][2026-09-15 08:02:34][subbas-macbook-air.local][4306][xyOps][debug][3][Starting component: Debug][]
[1789484554.124][2026-09-15 08:02:34][subbas-macbook-air.local][4306][xyOps][debug][3][Starting component: xyOps][]
[1789484554.124][2026-09-15 08:02:34][subbas-macbook-air.local][4306][xyOps][debug][3][xyOps engine starting up][["/Users/sreddy/.local/share/fnm/node-versions/v24.15.0/installation/bin/node","/Users/sreddy/projects/xyops/lib/main.js","--debug","--debug_level","9","--repl","--color","--echo"]]
[1789484554.124][2026-09-15 08:02:34][subbas-macbook-air.local][4306][xyOps][debug][5][Local server time is: Tue Sep 15 2026 08:02:34 GMT-0700 (Pacific Daylight Time)][]
[1789484554.125][2026-09-15 08:02:34][subbas-macbook-air.local][4306][xyOps][debug][2][Testing storage system: Hybrid][]
[1789484554.126][2026-09-15 08:02:34][subbas-macbook-air.local][4306][xyOps][debug][2][Storage test successful][]
[1789484554.129][2026-09-15 08:02:34][subbas-macbook-air.local][4306][xyOps][debug][2][Startup complete, entering main loop][]
[1789484902.535][2026-09-15 08:08:22][subbas-macbook-air.local][4306][xyOps][debug][9][State change: events/emu2t3vr62wcc00v][{"value":{}}]
[1789484902.537][2026-09-15 08:08:22][subbas-macbook-air.local][4306][xyOps][debug][6][Creating new event: bloom2][{"id":"emu2t3vr62wcc00v","title":"bloom2","enabled":true,"targets":["main"],"params":{"script":"#!/bin/bash\n\n/Users/sreddy/projects/showmeedge/batch-jobs/market-news-analysis-on-youtube/bloomberg-youtube/run.sh","annotate":false},"fields":[],"triggers":[{"enabled":true,"type":"schedule","weekdays":[1,2,3,4,5],"hours":[8,9,10,11,12,13,14,15,16],"minutes":[0,10,20,30,40,50],"tags":[],"params":{}}],"limits":[{"type":"job","enabled":true,"amount":1},{"type":"queue","enabled":true,"amount":0},{"type":"retry","enabled":true,"amount":0,"duration":0}],"actions":[],"notes":"","category":"general","plugin":"shellplug","icon":"","tags":[],"expression":"","algo":"random","username":"admin","modified":1789484902,"created":1789484902,"revision":1}]
[1789484902.544][2026-09-15 08:08:22][subbas-macbook-air.local][4306][xyOps][debug][6][Successfully created event: bloom2][{"id":"emu2t3vr62wcc00v","title":"bloom2","enabled":true,"targets":["main"],"params":{"script":"#!/bin/bash\n\n/Users/sreddy/projects/showmeedge/batch-jobs/market-news-analysis-on-youtube/bloomberg-youtube/run.sh","annotate":false},"fields":[],"triggers":[{"enabled":true,"type":"schedule","weekdays":[1,2,3,4,5],"hours":[8,9,10,11,12,13,14,15,16],"minutes":[0,10,20,30,40,50],"tags":[],"params":{}}],"limits":[{"type":"job","enabled":true,"amount":1},{"type":"queue","enabled":true,"amount":0},{"type":"retry","enabled":true,"amount":0,"duration":0}],"actions":[],"notes":"","category":"general","plugin":"shellplug","icon":"","tags":[],"expression":"","algo":"random","username":"admin","modified":1789484902,"created":1789484902,"revision":1}]
[1789485004.249][2026-09-15 08:10:04][subbas-macbook-air.local][4306][xyOps][debug][9][Updating job via API: jmu2t5yzy444fgwx][]
[1789485020.962][2026-09-15 08:10:20][subbas-macbook-air.local][4306][xyOps][debug][9][Updating job via API: jmu2t5z1j4clmucl][]
[1789485600.634][2026-09-15 08:20:00][subbas-macbook-air.local][4306][xyOps][debug][9][Updating job via API: jmu2tity2blzas2d][]
[1789485601.642][2026-09-15 08:20:01][subbas-macbook-air.local][4306][xyOps][debug][9][Updating job via API: jmu2titzqbt2uuyt][]
[1789485917.669][2026-09-15 08:25:17][subbas-macbook-air.local][4306][xyOps][debug][6][Updating event: emu2t3vr62wcc00v][{"id":"emu2t3vr62wcc00v","title":"bloom2","enabled":true,"targets":["main"],"params":{"script":"#!/bin/bash\n\nsudo -u sreddy /Users/sreddy/projects/showmeedge/batch-jobs/market-news-analysis-on-youtube/bloomberg-youtube/run.sh","annotate":false},"fields":[],"triggers":[{"enabled":true,"type":"schedule","weekdays":[1,2,3,4,5],"hours":[8,9,10,11,12,13,14,15,16],"minutes":[0,10,20,30,40,50],"tags":[],"params":{}}],"limits":[{"type":"job","enabled":true,"amount":1},{"type":"queue","enabled":true,"amount":0},{"type":"retry","enabled":true,"amount":0,"duration":0}],"actions":[],"notes":"","category":"general","plugin":"shellplug","icon":"","tags":[],"expression":"","algo":"random","username":"admin","modified":1789485917,"created":1789484902,"revision":"+1"}]
[1789485917.681][2026-09-15 08:25:17][subbas-macbook-air.local][4306][xyOps][debug][6][Successfully updated event: bloom2][{"id":"emu2t3vr62wcc00v","title":"bloom2","enabled":true,"targets":["main"],"params":{"script":"#!/bin/bash\n\nsudo -u sreddy /Users/sreddy/projects/showmeedge/batch-jobs/market-news-analysis-on-youtube/bloomberg-youtube/run.sh","annotate":false},"fields":[],"triggers":[{"enabled":true,"type":"schedule","weekdays":[1,2,3,4,5],"hours":[8,9,10,11,12,13,14,15,16],"minutes":[0,10,20,30,40,50],"tags":[],"params":{}}],"limits":[{"type":"job","enabled":true,"amount":1},{"type":"queue","enabled":true,"amount":0},{"type":"retry","enabled":true,"amount":0,"duration":0}],"actions":[],"notes":"","category":"general","plugin":"shellplug","icon":"","tags":[],"expression":"","algo":"random","username":"admin","modified":1789485917,"created":1789484902,"revision":"+1"}]
[1789486200.531][2026-09-15 08:30:00][subbas-macbook-air.local][4306][xyOps][debug][9][Updating job via API: jmu2tvoyyjh03zum][]
[1789486204.899][2026-09-15 08:30:04][subbas-macbook-air.local][4306][xyOps][debug][9][Updating job via API: jmu2tvoxfj9ru706][]
[1789487400.591][2026-09-15 08:50:00][subbas-macbook-air.local][4306][xyOps][debug][9][Updating job via API: jmu2ulewtuw8xmrj][]
[1789487401.709][2026-09-15 08:50:01][subbas-macbook-air.local][4306][xyOps][debug][9][Updating job via API: jmu2ulev0uo65fam][]
[1789488000.49][2026-09-15 09:00:00][subbas-macbook-air.local][4306][xyOps][debug][9][Updating job via API: jmu2uy9v329g0h04][]
[1789488001.515][2026-09-15 09:00:01][subbas-macbook-air.local][4306][xyOps][debug][9][Updating job via API: jmu2uy9tj211zwhn][]
[1789488451.283][2026-09-15 09:07:31][subbas-macbook-air.local][4306][xyOps][debug][9][Fetching latest monitoring data][{"server":"smu2svkrvihxgeos","sys":"hourly","limit":"60"}]
[1789488451.31][2026-09-15 09:07:31][subbas-macbook-air.local][4306][xyOps][debug][9][Getting QuickMon data][{"server":"smu2svkrvihxgeos"}]
[1789488600.505][2026-09-15 09:10:00][subbas-macbook-air.local][4306][xyOps][debug][9][Updating job via API: jmu2vb4tl9minz6p][]
[1789488601.588][2026-09-15 09:10:01][subbas-macbook-air.local][4306][xyOps][debug][9][Updating job via API: jmu2vb4rx9e9c1ko][]
[1789489200.513][2026-09-15 09:20:00][subbas-macbook-air.local][4306][xyOps][debug][9][Updating job via API: jmu2vnzsch1em1kl][]
[1789489203.429][2026-09-15 09:20:03][subbas-macbook-air.local][4306][xyOps][debug][9][Updating job via API: jmu2vnzqrgtkk151][]
[1789489800.49][2026-09-15 09:30:00][subbas-macbook-air.local][4306][xyOps][debug][9][Updating job via API: jmu2w0uqtoge2v4f][]
[1789489822.971][2026-09-15 09:30:22][subbas-macbook-air.local][4306][xyOps][debug][9][Updating job via API: jmu2w0up8o83ro6z][]
[1789489831.499][2026-09-15 09:30:31][subbas-macbook-air.local][4306][xyOps][debug][6][Updating event: emu2sckyhuzou1hh][{"id":"emu2sckyhuzou1hh","title":"bloomberg-videos","enabled":false,"targets":["main"],"params":{"script":"#!/bin/bash\n\n# Enter your shell script code here\n/Users/sreddy/projects/showmeedge/batch-jobs/market-news-analysis-on-youtube/bloomberg-youtube/run.sh","annotate":false},"fields":[],"triggers":[{"enabled":true,"type":"schedule","minutes":[0,10,20,30,40,50],"hours":[6,7,8,9,10,11,12,13,14,15,16],"weekdays":[1,2,3,4,5],"tags":[],"params":{}}],"limits":[{"type":"job","enabled":true,"amount":1},{"type":"queue","enabled":true,"amount":0},{"type":"retry","enabled":true,"amount":0,"duration":0}],"actions":[],"notes":"","category":"general","plugin":"shellplug","icon":"","tags":[],"expression":"","algo":"random","username":"admin","modified":1789489831,"created":1789483628,"revision":"+1"}]
[1789489831.508][2026-09-15 09:30:31][subbas-macbook-air.local][4306][xyOps][debug][6][Successfully updated event: bloomberg-videos][{"id":"emu2sckyhuzou1hh","title":"bloomberg-videos","enabled":false,"targets":["main"],"params":{"script":"#!/bin/bash\n\n# Enter your shell script code here\n/Users/sreddy/projects/showmeedge/batch-jobs/market-news-analysis-on-youtube/bloomberg-youtube/run.sh","annotate":false},"fields":[],"triggers":[{"enabled":true,"type":"schedule","minutes":[0,10,20,30,40,50],"hours":[6,7,8,9,10,11,12,13,14,15,16],"weekdays":[1,2,3,4,5],"tags":[],"params":{}}],"limits":[{"type":"job","enabled":true,"amount":1},{"type":"queue","enabled":true,"amount":0},{"type":"retry","enabled":true,"amount":0,"duration":0}],"actions":[],"notes":"","category":"general","plugin":"shellplug","icon":"","tags":[],"expression":"","algo":"random","username":"admin","modified":1789489831,"created":1789483628,"revision":"+1"}]
[1789489954.383][2026-09-15 09:32:34][subbas-macbook-air.local][4306][xyOps][debug][9][Fetching latest monitoring data][{"server":"smu2svkrvihxgeos","sys":"hourly","limit":"60"}]
[1789489954.407][2026-09-15 09:32:34][subbas-macbook-air.local][4306][xyOps][debug][9][Getting QuickMon data][{"server":"smu2svkrvihxgeos"}]
[1789490336.007][2026-09-15 09:38:56][subbas-macbook-air.local][4306][xyOps][debug][6][Updating event: emu2sckyhuzou1hh][{"id":"emu2sckyhuzou1hh","enabled":true,"modified":1789490336,"revision":"+1"}]
[1789490336.014][2026-09-15 09:38:56][subbas-macbook-air.local][4306][xyOps][debug][6][Successfully updated event: bloomberg-videos][{"id":"emu2sckyhuzou1hh","enabled":true,"modified":1789490336,"revision":"+1"}]
[1789490337.452][2026-09-15 09:38:57][subbas-macbook-air.local][4306][xyOps][debug][6][Updating event: emu2sckyhuzou1hh][{"id":"emu2sckyhuzou1hh","enabled":false,"modified":1789490337,"revision":"+1"}]
[1789490337.458][2026-09-15 09:38:57][subbas-macbook-air.local][4306][xyOps][debug][6][Successfully updated event: bloomberg-videos][{"id":"emu2sckyhuzou1hh","enabled":false,"modified":1789490337,"revision":"+1"}]
[1789490393.518][2026-09-15 09:39:53][subbas-macbook-air.local][4306][xyOps][debug][6][Updating event: emu2sckyhuzou1hh][{"id":"emu2sckyhuzou1hh","title":"bloomberg-videos","enabled":false,"targets":["main"],"params":{"script":"#!/bin/bash\n\n# Enter your shell script code here\n/Users/sreddy/projects/showmeedge/batch-jobs/market-news-analysis-on-youtube/bloomberg-youtube/run.sh","annotate":false},"fields":[],"triggers":[{"enabled":false,"type":"schedule","weekdays":[1,2,3,4,5],"hours":[6,7,8,9,10,11,12,13,14,15,16],"minutes":[0,10,20,30,40,50],"tags":[],"params":{}}],"limits":[{"type":"job","enabled":true,"amount":1},{"type":"queue","enabled":true,"amount":0},{"type":"retry","enabled":true,"amount":0,"duration":0}],"actions":[],"notes":"","category":"general","plugin":"shellplug","icon":"","tags":[],"expression":"","algo":"random","username":"admin","modified":1789490393,"created":1789483628,"revision":"+1"}]
[1789490393.525][2026-09-15 09:39:53][subbas-macbook-air.local][4306][xyOps][debug][6][Successfully updated event: bloomberg-videos][{"id":"emu2sckyhuzou1hh","title":"bloomberg-videos","enabled":false,"targets":["main"],"params":{"script":"#!/bin/bash\n\n# Enter your shell script code here\n/Users/sreddy/projects/showmeedge/batch-jobs/market-news-analysis-on-youtube/bloomberg-youtube/run.sh","annotate":false},"fields":[],"triggers":[{"enabled":false,"type":"schedule","weekdays":[1,2,3,4,5],"hours":[6,7,8,9,10,11,12,13,14,15,16],"minutes":[0,10,20,30,40,50],"tags":[],"params":{}}],"limits":[{"type":"job","enabled":true,"amount":1},{"type":"queue","enabled":true,"amount":0},{"type":"retry","enabled":true,"amount":0,"duration":0}],"actions":[],"notes":"","category":"general","plugin":"shellplug","icon":"","tags":[],"expression":"","algo":"random","username":"admin","modified":1789490393,"created":1789483628,"revision":"+1"}]
[1789490400.445][2026-09-15 09:40:00][subbas-macbook-air.local][4306][xyOps][debug][9][Updating job via API: jmu2wdpncwlzoorq][]
[1789490510.365][2026-09-15 09:41:50][subbas-macbook-air.local][4306][xyOps][debug][2][Shutting down][]
[1789490510.367][2026-09-15 09:41:50][subbas-macbook-air.local][4306][xyOps][debug][9][Deleting PID File: logs/xyops.pid: 4306][]
[1789490510.368][2026-09-15 09:41:50][subbas-macbook-air.local][4306][xyOps][debug][3][Stopping component: xyOps][]
[1789490510.368][2026-09-15 09:41:50][subbas-macbook-air.local][4306][xyOps][debug][2][Shutting down xyOps][]
[1789490510.37][2026-09-15 09:41:50][subbas-macbook-air.local][4306][xyOps][debug][3][Stopping component: Debug][]
[1789490510.37][2026-09-15 09:41:50][subbas-macbook-air.local][4306][xyOps][debug][3][Stopping component: User][]
[1789490510.37][2026-09-15 09:41:50][subbas-macbook-air.local][4306][xyOps][debug][3][Stopping component: API][]
[1789490510.37][2026-09-15 09:41:50][subbas-macbook-air.local][4306][xyOps][debug][3][Stopping component: WebServer][]
[1789490510.371][2026-09-15 09:41:50][subbas-macbook-air.local][4306][xyOps][debug][3][Stopping component: Unbase][]
[1789490510.372][2026-09-15 09:41:50][subbas-macbook-air.local][4306][xyOps][debug][3][Stopping component: Storage][]
[1789490510.392][2026-09-15 09:41:50][subbas-macbook-air.local][4306][xyOps][debug][2][Shutdown complete, exiting][]
